Archive member included to satisfy reference by file (symbol)

C:\Users\admin\AppData\Local\Temp\arduino-sketch-0C8FB6A5DAE47CB1E0CC833053CE34EA/..\arduino-core-cache\core_arduino_samd_arduino_zero_nativeg16_8955ed14b5308ce541648a9c34a5144e.a(SERCOM.cpp.o)
                              C:\Users\admin\AppData\Local\Temp\arduino-sketch-0C8FB6A5DAE47CB1E0CC833053CE34EA\core\variant.cpp.o (SERCOM::SERCOM(Sercom*))
C:\Users\admin\AppData\Local\Temp\arduino-sketch-0C8FB6A5DAE47CB1E0CC833053CE34EA/..\arduino-core-cache\core_arduino_samd_arduino_zero_nativeg16_8955ed14b5308ce541648a9c34a5144e.a(CDC.cpp.o)
                              C:\Users\admin\AppData\Local\Temp\arduino-sketch-0C8FB6A5DAE47CB1E0CC833053CE34EA\sketch\ESR_+cap_meter.ino.cpp.o (Serial_::begin(unsigned long))
C:\Users\admin\AppData\Local\Temp\arduino-sketch-0C8FB6A5DAE47CB1E0CC833053CE34EA/..\arduino-core-cache\core_arduino_samd_arduino_zero_nativeg16_8955ed14b5308ce541648a9c34a5144e.a(USBCore.cpp.o)
                              C:\Users\admin\AppData\Local\Temp\arduino-sketch-0C8FB6A5DAE47CB1E0CC833053CE34EA/..\arduino-core-cache\core_arduino_samd_arduino_zero_nativeg16_8955ed14b5308ce541648a9c34a5144e.a(CDC.cpp.o) (usbd)
C:\Users\admin\AppData\Local\Temp\arduino-sketch-0C8FB6A5DAE47CB1E0CC833053CE34EA/..\arduino-core-cache\core_arduino_samd_arduino_zero_nativeg16_8955ed14b5308ce541648a9c34a5144e.a(Uart.cpp.o)
                              C:\Users\admin\AppData\Local\Temp\arduino-sketch-0C8FB6A5DAE47CB1E0CC833053CE34EA\core\variant.cpp.o (Uart::Uart(SERCOM*, unsigned char, unsigned char, SercomRXPad, SercomUartTXPad))
C:\Users\admin\AppData\Local\Temp\arduino-sketch-0C8FB6A5DAE47CB1E0CC833053CE34EA/..\arduino-core-cache\core_arduino_samd_arduino_zero_nativeg16_8955ed14b5308ce541648a9c34a5144e.a(WInterrupts.c.o)
                              C:\Users\admin\AppData\Local\Temp\arduino-sketch-0C8FB6A5DAE47CB1E0CC833053CE34EA\sketch\esrCap.cpp.o (attachInterrupt)
C:\Users\admin\AppData\Local\Temp\arduino-sketch-0C8FB6A5DAE47CB1E0CC833053CE34EA/..\arduino-core-cache\core_arduino_samd_arduino_zero_nativeg16_8955ed14b5308ce541648a9c34a5144e.a(PluggableUSB.cpp.o)
                              C:\Users\admin\AppData\Local\Temp\arduino-sketch-0C8FB6A5DAE47CB1E0CC833053CE34EA/..\arduino-core-cache\core_arduino_samd_arduino_zero_nativeg16_8955ed14b5308ce541648a9c34a5144e.a(USBCore.cpp.o) (arduino::PluggableUSB_::getInterface(unsigned char*))
C:\Users\admin\AppData\Local\Temp\arduino-sketch-0C8FB6A5DAE47CB1E0CC833053CE34EA/..\arduino-core-cache\core_arduino_samd_arduino_zero_nativeg16_8955ed14b5308ce541648a9c34a5144e.a(Print.cpp.o)
                              C:\Users\admin\AppData\Local\Temp\arduino-sketch-0C8FB6A5DAE47CB1E0CC833053CE34EA\libraries\LiquidCrystal\LiquidCrystal.cpp.o (arduino::Print::write(unsigned char const*, unsigned int))
C:\Users\admin\AppData\Local\Temp\arduino-sketch-0C8FB6A5DAE47CB1E0CC833053CE34EA/..\arduino-core-cache\core_arduino_samd_arduino_zero_nativeg16_8955ed14b5308ce541648a9c34a5144e.a(cortex_handlers.c.o)
                              (Reset_Handler)
C:\Users\admin\AppData\Local\Temp\arduino-sketch-0C8FB6A5DAE47CB1E0CC833053CE34EA/..\arduino-core-cache\core_arduino_samd_arduino_zero_nativeg16_8955ed14b5308ce541648a9c34a5144e.a(delay.c.o)
                              C:\Users\admin\AppData\Local\Temp\arduino-sketch-0C8FB6A5DAE47CB1E0CC833053CE34EA\sketch\ESR_+cap_meter.ino.cpp.o (millis)
C:\Users\admin\AppData\Local\Temp\arduino-sketch-0C8FB6A5DAE47CB1E0CC833053CE34EA/..\arduino-core-cache\core_arduino_samd_arduino_zero_nativeg16_8955ed14b5308ce541648a9c34a5144e.a(hooks.c.o)
                              C:\Users\admin\AppData\Local\Temp\arduino-sketch-0C8FB6A5DAE47CB1E0CC833053CE34EA/..\arduino-core-cache\core_arduino_samd_arduino_zero_nativeg16_8955ed14b5308ce541648a9c34a5144e.a(delay.c.o) (yield)
C:\Users\admin\AppData\Local\Temp\arduino-sketch-0C8FB6A5DAE47CB1E0CC833053CE34EA/..\arduino-core-cache\core_arduino_samd_arduino_zero_nativeg16_8955ed14b5308ce541648a9c34a5144e.a(itoa.c.o)
                              C:\Users\admin\AppData\Local\Temp\arduino-sketch-0C8FB6A5DAE47CB1E0CC833053CE34EA\sketch\fpmath.cpp.o (itoa)
C:\Users\admin\AppData\Local\Temp\arduino-sketch-0C8FB6A5DAE47CB1E0CC833053CE34EA/..\arduino-core-cache\core_arduino_samd_arduino_zero_nativeg16_8955ed14b5308ce541648a9c34a5144e.a(main.cpp.o)
                              c:/users/admin/appdata/local/arduino15/packages/arduino/tools/arm-none-eabi-gcc/7-2017q4/bin/../lib/gcc/arm-none-eabi/7.2.1/../../../../arm-none-eabi/lib/thumb/v6-m/crt0.o (main)
C:\Users\admin\AppData\Local\Temp\arduino-sketch-0C8FB6A5DAE47CB1E0CC833053CE34EA/..\arduino-core-cache\core_arduino_samd_arduino_zero_nativeg16_8955ed14b5308ce541648a9c34a5144e.a(new.cpp.o)
[...]
Memory Configuration

Name             Origin             Length             Attributes
FLASH            0x00002000         0x0000e000         xr
RAM              0x20000000         0x00002000         xrw
*default*        0x00000000         0xffffffff

Linker script and memory map

LOAD c:/users/admin/appdata/local/arduino15/packages/arduino/tools/arm-none-eabi-gcc/7-2017q4/bin/../lib/gcc/arm-none-eabi/7.2.1/thumb/v6-m/crti.o
LOAD c:/users/admin/appdata/local/arduino15/packages/arduino/tools/arm-none-eabi-gcc/7-2017q4/bin/../lib/gcc/arm-none-eabi/7.2.1/thumb/v6-m/crtbegin.o
LOAD c:/users/admin/appdata/local/arduino15/packages/arduino/tools/arm-none-eabi-gcc/7-2017q4/bin/../lib/gcc/arm-none-eabi/7.2.1/../../../../arm-none-eabi/lib/thumb/v6-m/crt0.o
LOAD C:\Users\admin\AppData\Local\Temp\arduino-sketch-0C8FB6A5DAE47CB1E0CC833053CE34EA\sketch\ADC.cpp.o
LOAD C:\Users\admin\AppData\Local\Temp\arduino-sketch-0C8FB6A5DAE47CB1E0CC833053CE34EA\sketch\ESR_+cap_meter.ino.cpp.o
LOAD C:\Users\admin\AppData\Local\Temp\arduino-sketch-0C8FB6A5DAE47CB1E0CC833053CE34EA\sketch\clocks.cpp.o
LOAD C:\Users\admin\AppData\Local\Temp\arduino-sketch-0C8FB6A5DAE47CB1E0CC833053CE34EA\sketch\display.cpp.o
LOAD C:\Users\admin\AppData\Local\Temp\arduino-sketch-0C8FB6A5DAE47CB1E0CC833053CE34EA\sketch\esrCap.cpp.o
LOAD C:\Users\admin\AppData\Local\Temp\arduino-sketch-0C8FB6A5DAE47CB1E0CC833053CE34EA\sketch\fpmath.cpp.o
LOAD C:\Users\admin\AppData\Local\Temp\arduino-sketch-0C8FB6A5DAE47CB1E0CC833053CE34EA\sketch\pwm.cpp.o
LOAD C:\Users\admin\AppData\Local\Temp\arduino-sketch-0C8FB6A5DAE47CB1E0CC833053CE34EA\sketch\usbheartbeat.cpp.o
LOAD C:\Users\admin\AppData\Local\Temp\arduino-sketch-0C8FB6A5DAE47CB1E0CC833053CE34EA\libraries\LiquidCrystal\LiquidCrystal.cpp.o
LOAD C:\Users\admin\AppData\Local\Temp\arduino-sketch-0C8FB6A5DAE47CB1E0CC833053CE34EA\core\variant.cpp.o
START GROUP
LOAD C:\Users\admin\AppData\Local\Arduino15\packages\arduino\tools\CMSIS\4.5.0/CMSIS/Lib/GCC/\libarm_cortexM0l_math.a
LOAD C:\Users\admin\AppData\Local\Temp\arduino-sketch-0C8FB6A5DAE47CB1E0CC833053CE34EA/..\arduino-core-cache\core_arduino_samd_arduino_zero_nativeg16_8955ed14b5308ce541648a9c34a5144e.a
END GROUP
LOAD c:/users/admin/appdata/local/arduino15/packages/arduino/tools/arm-none-eabi-gcc/7-2017q4/bin/../lib/gcc/arm-none-eabi/7.2.1/../../../../arm-none-eabi/lib/thumb/v6-m\libstdc++_nano.a
LOAD c:/users/admin/appdata/local/arduino15/packages/arduino/tools/arm-none-eabi-gcc/7-2017q4/bin/../lib/gcc/arm-none-eabi/7.2.1/../../../../arm-none-eabi/lib/thumb/v6-m\libm.a
START GROUP
LOAD c:/users/admin/appdata/local/arduino15/packages/arduino/tools/arm-none-eabi-gcc/7-2017q4/bin/../lib/gcc/arm-none-eabi/7.2.1/thumb/v6-m\libgcc.a
LOAD c:/users/admin/appdata/local/arduino15/packages/arduino/tools/arm-none-eabi-gcc/7-2017q4/bin/../lib/gcc/arm-none-eabi/7.2.1/../../../../arm-none-eabi/lib/thumb/v6-m\libc_nano.a
END GROUP
START GROUP
LOAD c:/users/admin/appdata/local/arduino15/packages/arduino/tools/arm-none-eabi-gcc/7-2017q4/bin/../lib/gcc/arm-none-eabi/7.2.1/thumb/v6-m\libgcc.a
LOAD c:/users/admin/appdata/local/arduino15/packages/arduino/tools/arm-none-eabi-gcc/7-2017q4/bin/../lib/gcc/arm-none-eabi/7.2.1/../../../../arm-none-eabi/lib/thumb/v6-m\libc_nano.a
LOAD c:/users/admin/appdata/local/arduino15/packages/arduino/tools/arm-none-eabi-gcc/7-2017q4/bin/../lib/gcc/arm-none-eabi/7.2.1/../../../../arm-none-eabi/lib/thumb/v6-m\libnosys.a
END GROUP
START GROUP
LOAD c:/users/admin/appdata/local/arduino15/packages/arduino/tools/arm-none-eabi-gcc/7-2017q4/bin/../lib/gcc/arm-none-eabi/7.2.1/thumb/v6-m\libgcc.a
LOAD c:/users/admin/appdata/local/arduino15/packages/arduino/tools/arm-none-eabi-gcc/7-2017q4/bin/../lib/gcc/arm-none-eabi/7.2.1/../../../../arm-none-eabi/lib/thumb/v6-m\libc_nano.a
LOAD c:/users/admin/appdata/local/arduino15/packages/arduino/tools/arm-none-eabi-gcc/7-2017q4/bin/../lib/gcc/arm-none-eabi/7.2.1/../../../../arm-none-eabi/lib/thumb/v6-m\libnosys.a
END GROUP
LOAD c:/users/admin/appdata/local/arduino15/packages/arduino/tools/arm-none-eabi-gcc/7-2017q4/bin/../lib/gcc/arm-none-eabi/7.2.1/thumb/v6-m/crtend.o
LOAD c:/users/admin/appdata/local/arduino15/packages/arduino/tools/arm-none-eabi-gcc/7-2017q4/bin/../lib/gcc/arm-none-eabi/7.2.1/thumb/v6-m/crtn.o

.text           0x00002000     0x8968
                0x00002000                __text_start__ = .
 *(.sketch_boot)
                0x00002000                . = ALIGN (0x2000)
 *(.isr_vector)
 .isr_vector    0x00002000       0xb4 C:\Users\admin\AppData\Local\Temp\arduino-sketch-0C8FB6A5DAE47CB1E0CC833053CE34EA/..\arduino-core-cache\core_arduino_samd_arduino_zero_nativeg16_8955ed14b5308ce541648a9c34a5144e.a(cortex_handlers.c.o)
                0x00002000                exception_table
 *(.text*)
 .text          0x000020b4       0x48 c:/users/admin/appdata/local/arduino15/packages/arduino/tools/arm-none-eabi-gcc/7-2017q4/bin/../lib/gcc/arm-none-eabi/7.2.1/thumb/v6-m/crtbegin.o
 .text._ZL7syncadcv
                0x000020fc       0x10 C:\Users\admin\AppData\Local\Temp\arduino-sketch-0C8FB6A5DAE47CB1E0CC833053CE34EA\sketch\ADC.cpp.o
 .text._ZL8s_samplev
                0x0000210c       0x2c C:\Users\admin\AppData\Local\Temp\arduino-sketch-0C8FB6A5DAE47CB1E0CC833053CE34EA\sketch\ADC.cpp.o
 .text._ZN3adc6LogRowC2Ev
                0x00002138      0x138 C:\Users\admin\AppData\Local\Temp\arduino-sketch-0C8FB6A5DAE47CB1E0CC833053CE34EA\sketch\ADC.cpp.o
                0x00002138                adc::LogRow::LogRow()
                0x00002138                adc::LogRow::LogRow()
 .text._ZN3adc8startAdcEv
                0x00002270       0x38 C:\Users\admin\AppData\Local\Temp\arduino-sketch-0C8FB6A5DAE47CB1E0CC833053CE34EA\sketch\ADC.cpp.o
                0x00002270                adc::startAdc()
 .text._ZN3adc7setGainENS_4GainE
                0x000022a8       0x54 C:\Users\admin\AppData\Local\Temp\arduino-sketch-0C8FB6A5DAE47CB1E0CC833053CE34EA\sketch\ADC.cpp.o
                0x000022a8                adc::setGain(adc::Gain)
 .text._ZN3adc6sampleENS_7ChannelEbb
                0x000022fc      0x12c C:\Users\admin\AppData\Local\Temp\arduino-sketch-0C8FB6A5DAE47CB1E0CC833053CE34EA\sketch\ADC.cpp.o
                0x000022fc                adc::sample(adc::Channel, bool, bool)
 .text._ZN3adc12getVolts_fpdEt
                0x00002428       0x58 C:\Users\admin\AppData\Local\Temp\arduino-sketch-0C8FB6A5DAE47CB1E0CC833053CE34EA\sketch\ADC.cpp.o
                0x00002428                adc::getVolts_fpd(unsigned short)
 .text._ZN3adc8getVoltsEt
                0x00002480       0x1c C:\Users\admin\AppData\Local\Temp\arduino-sketch-0C8FB6A5DAE47CB1E0CC833053CE34EA\sketch\ADC.cpp.o
                0x00002480                adc::getVolts(unsigned short)
 .text._ZN3adc7getTempEt
                0x0000249c       0x44 C:\Users\admin\AppData\Local\Temp\arduino-sketch-0C8FB6A5DAE47CB1E0CC833053CE34EA\sketch\ADC.cpp.o
                0x0000249c                adc::getTemp(unsigned short)
 .text._ZN3adc9calibrateEtb
                0x000024e0       0xd0 C:\Users\admin\AppData\Local\Temp\arduino-sketch-0C8FB6A5DAE47CB1E0CC833053CE34EA\sketch\ADC.cpp.o
                0x000024e0                adc::calibrate(unsigned short, bool)
 .text._ZN3adc9getSupplyEb
                0x000025b0       0x34 C:\Users\admin\AppData\Local\Temp\arduino-sketch-0C8FB6A5DAE47CB1E0CC833053CE34EA\sketch\ADC.cpp.o
                0x000025b0                adc::getSupply(bool)
 .text._ZN3adc4initEht
                0x000025e4      0x1e4 C:\Users\admin\AppData\Local\Temp\arduino-sketch-0C8FB6A5DAE47CB1E0CC833053CE34EA\sketch\ADC.cpp.o
                0x000025e4                adc::init(unsigned char, unsigned short)
 .text.startup._GLOBAL__sub_I__ZN3adc7calDataE
                0x000027c8       0x44 C:\Users\admin\AppData\Local\Temp\arduino-sketch-0C8FB6A5DAE47CB1E0CC833053CE34EA\sketch\ADC.cpp.o
 .text._Z21getSampleInterfaceEsrb
                0x0000280c       0x12 C:\Users\admin\AppData\Local\Temp\arduino-sketch-0C8FB6A5DAE47CB1E0CC833053CE34EA\sketch\ESR_+cap_meter.ino.cpp.o
                0x0000280c                getSampleInterfaceEsr(bool)
 .text._Z21getSampleInterfaceCapb
                0x0000281e       0x12 C:\Users\admin\AppData\Local\Temp\arduino-sketch-0C8FB6A5DAE47CB1E0CC833053CE34EA\sketch\ESR_+cap_meter.ino.cpp.o
                0x0000281e                getSampleInterfaceCap(bool)
 .text._Z16setGainInterfaceh
                0x00002830        0x8 C:\Users\admin\AppData\Local\Temp\arduino-sketch-0C8FB6A5DAE47CB1E0CC833053CE34EA\sketch\ESR_+cap_meter.ino.cpp.o
                0x00002830                setGainInterface(unsigned char)
 .text._Z6setrgbhhh
                0x00002838       0x20 C:\Users\admin\AppData\Local\Temp\arduino-sketch-0C8FB6A5DAE47CB1E0CC833053CE34EA\sketch\ESR_+cap_meter.ino.cpp.o
                0x00002838                setrgb(unsigned char, unsigned char, unsigned char)
 .text.loop     0x00002858      0x1f4 C:\Users\admin\AppData\Local\Temp\arduino-sketch-0C8FB6A5DAE47CB1E0CC833053CE34EA\sketch\ESR_+cap_meter.ino.cpp.o
                0x00002858                loop
 .text.setup    0x00002a4c      0x288 C:\Users\admin\AppData\Local\Temp\arduino-sketch-0C8FB6A5DAE47CB1E0CC833053CE34EA\sketch\ESR_+cap_meter.ino.cpp.o
                0x00002a4c                setup
 .text._ZN3clk5pll96Ehm
                0x00002cd4       0x9c C:\Users\admin\AppData\Local\Temp\arduino-sketch-0C8FB6A5DAE47CB1E0CC833053CE34EA\sketch\clocks.cpp.o
                0x00002cd4                clk::pll96(unsigned char, unsigned long)
 .text._ZN3clk6isInitENS_3tmrE
                0x00002d70       0x4c C:\Users\admin\AppData\Local\Temp\arduino-sketch-0C8FB6A5DAE47CB1E0CC833053CE34EA\sketch\clocks.cpp.o
                0x00002d70                clk::isInit(clk::tmr)
 .text._ZN3clk8tmrSpeedENS_3tmrE
                0x00002dbc       0x4c C:\Users\admin\AppData\Local\Temp\arduino-sketch-0C8FB6A5DAE47CB1E0CC833053CE34EA\sketch\clocks.cpp.o
                0x00002dbc                clk::tmrSpeed(clk::tmr)
 .text._ZN3clk8initGCLKEhhmb
                0x00002e08       0x78 C:\Users\admin\AppData\Local\Temp\arduino-sketch-0C8FB6A5DAE47CB1E0CC833053CE34EA\sketch\clocks.cpp.o
                0x00002e08                clk::initGCLK(unsigned char, unsigned char, unsigned long, bool)
 .text._ZN3clk7initTmrENS_3tmrEhm
                0x00002e80       0xe4 C:\Users\admin\AppData\Local\Temp\arduino-sketch-0C8FB6A5DAE47CB1E0CC833053CE34EA\sketch\clocks.cpp.o
                0x00002e80                clk::initTmr(clk::tmr, unsigned char, unsigned long)
 .text._ZN4disp4initEv
                0x00002f64       0x14 C:\Users\admin\AppData\Local\Temp\arduino-sketch-0C8FB6A5DAE47CB1E0CC833053CE34EA\sketch\display.cpp.o
                0x00002f64                disp::init()
 .text.startup._GLOBAL__sub_I__ZN4disp3lcdE
                0x00002f78       0x28 C:\Users\admin\AppData\Local\Temp\arduino-sketch-0C8FB6A5DAE47CB1E0CC833053CE34EA\sketch\display.cpp.o
 .text._ZN3esr12outputEnableEb
                0x00002fa0       0x44 C:\Users\admin\AppData\Local\Temp\arduino-sketch-0C8FB6A5DAE47CB1E0CC833053CE34EA\sketch\esrCap.cpp.o
                0x00002fa0                esr::outputEnable(bool)
 .text._ZN3esr12setFrequencyEm
                0x00002fe4       0x48 C:\Users\admin\AppData\Local\Temp\arduino-sketch-0C8FB6A5DAE47CB1E0CC833053CE34EA\sketch\esrCap.cpp.o
                0x00002fe4                esr::setFrequency(unsigned long)
 .text._ZN3esr4initEPFmbEPFvhE
                0x0000302c       0xd4 C:\Users\admin\AppData\Local\Temp\arduino-sketch-0C8FB6A5DAE47CB1E0CC833053CE34EA\sketch\esrCap.cpp.o
                0x0000302c                esr::init(unsigned long (*)(bool), void (*)(unsigned char))
 .text._ZN3cap4initEPFmbEPFvhE
                0x00003100       0x74 C:\Users\admin\AppData\Local\Temp\arduino-sketch-0C8FB6A5DAE47CB1E0CC833053CE34EA\sketch\esrCap.cpp.o
                0x00003100                cap::init(unsigned long (*)(bool), void (*)(unsigned char))
 .text._ZN3cap22startMeasureMent_asyncEv
                0x00003174       0x48 C:\Users\admin\AppData\Local\Temp\arduino-sketch-0C8FB6A5DAE47CB1E0CC833053CE34EA\sketch\esrCap.cpp.o
                0x00003174                cap::startMeasureMent_async()
 .text._ZN3cap15stopMeasurementEv
                0x000031bc       0x24 C:\Users\admin\AppData\Local\Temp\arduino-sketch-0C8FB6A5DAE47CB1E0CC833053CE34EA\sketch\esrCap.cpp.o
                0x000031bc                cap::stopMeasurement()
 .text._ZL17capMeasurementISRv
                0x000031e0       0x1c C:\Users\admin\AppData\Local\Temp\arduino-sketch-0C8FB6A5DAE47CB1E0CC833053CE34EA\sketch\esrCap.cpp.o
 .text._ZN3cap9dischargeEv
                0x000031fc       0x14 C:\Users\admin\AppData\Local\Temp\arduino-sketch-0C8FB6A5DAE47CB1E0CC833053CE34EA\sketch\esrCap.cpp.o
                0x000031fc                cap::discharge()
 .text._ZN3cap18measureTicks_asyncERmb
                0x00003210       0x24 C:\Users\admin\AppData\Local\Temp\arduino-sketch-0C8FB6A5DAE47CB1E0CC833053CE34EA\sketch\esrCap.cpp.o
                0x00003210                cap::measureTicks_async(unsigned long&, bool)
 .text._ZN3pwm4initEm
                0x00003234       0x48 C:\Users\admin\AppData\Local\Temp\arduino-sketch-0C8FB6A5DAE47CB1E0CC833053CE34EA\sketch\pwm.cpp.o
                0x00003234                pwm::init(unsigned long)
 .text._ZN3pwm4dutyEhh
                0x0000327c       0x24 C:\Users\admin\AppData\Local\Temp\arduino-sketch-0C8FB6A5DAE47CB1E0CC833053CE34EA\sketch\pwm.cpp.o
                0x0000327c                pwm::duty(unsigned char, unsigned char)
 .text._ZN3pwm3addEhhh
                0x000032a0       0x98 C:\Users\admin\AppData\Local\Temp\arduino-sketch-0C8FB6A5DAE47CB1E0CC833053CE34EA\sketch\pwm.cpp.o
                0x000032a0                pwm::add(unsigned char, unsigned char, unsigned char)
 .text.TC3_Handler
                0x00003338       0x3c C:\Users\admin\AppData\Local\Temp\arduino-sketch-0C8FB6A5DAE47CB1E0CC833053CE34EA\sketch\usbheartbeat.cpp.o
                0x00003338                TC3_Handler
 .text._ZN9heartbeat4initEv
                0x00003374       0xe4 C:\Users\admin\AppData\Local\Temp\arduino-sketch-0C8FB6A5DAE47CB1E0CC833053CE34EA\sketch\usbheartbeat.cpp.o
                0x00003374                heartbeat::init()
 .text._ZN9heartbeat11isConnectedEv
                0x00003458        0xc C:\Users\admin\AppData\Local\Temp\arduino-sketch-0C8FB6A5DAE47CB1E0CC833053CE34EA\sketch\usbheartbeat.cpp.o
                0x00003458                heartbeat::isConnected()
 .text._ZN7arduino5Print17availableForWriteEv
                0x00003464        0x4 C:\Users\admin\AppData\Local\Temp\arduino-sketch-0C8FB6A5DAE47CB1E0CC833053CE34EA\libraries\LiquidCrystal\LiquidCrystal.cpp.o
                0x00003464                arduino::Print::availableForWrite()
 .text._ZN7arduino5Print5flushEv
                0x00003468        0x2 C:\Users\admin\AppData\Local\Temp\arduino-sketch-0C8FB6A5DAE47CB1E0CC833053CE34EA\libraries\LiquidCrystal\LiquidCrystal.cpp.o
                0x00003468                arduino::Print::flush()
 .text._ZN13LiquidCrystal11pulseEnableEv
                0x0000346a       0x30 C:\Users\admin\AppData\Local\Temp\arduino-sketch-0C8FB6A5DAE47CB1E0CC833053CE34EA\libraries\LiquidCrystal\LiquidCrystal.cpp.o
                0x0000346a                LiquidCrystal::pulseEnable()
 .text._ZN13LiquidCrystal10write4bitsEh
                0x0000349a       0x26 C:\Users\admin\AppData\Local\Temp\arduino-sketch-0C8FB6A5DAE47CB1E0CC833053CE34EA\libraries\LiquidCrystal\LiquidCrystal.cpp.o
                0x0000349a                LiquidCrystal::write4bits(unsigned char)
 .text._ZN13LiquidCrystal10write8bitsEh
                0x000034c0       0x26 C:\Users\admin\AppData\Local\Temp\arduino-sketch-0C8FB6A5DAE47CB1E0CC833053CE34EA\libraries\LiquidCrystal\LiquidCrystal.cpp.o
                0x000034c0                LiquidCrystal::write8bits(unsigned char)
 .text._ZN13LiquidCrystal4sendEhh
                0x000034e6       0x3c C:\Users\admin\AppData\Local\Temp\arduino-sketch-0C8FB6A5DAE47CB1E0CC833053CE34EA\libraries\LiquidCrystal\LiquidCrystal.cpp.o
                0x000034e6                LiquidCrystal::send(unsigned char, unsigned char)
 .text._ZN13LiquidCrystal5writeEh
                0x00003522        0xc C:\Users\admin\AppData\Local\Temp\arduino-sketch-0C8FB6A5DAE47CB1E0CC833053CE34EA\libraries\LiquidCrystal\LiquidCrystal.cpp.o
                0x00003522                LiquidCrystal::write(unsigned char)
 .text._ZN13LiquidCrystal7commandEh
                0x0000352e        0xa C:\Users\admin\AppData\Local\Temp\arduino-sketch-0C8FB6A5DAE47CB1E0CC833053CE34EA\libraries\LiquidCrystal\LiquidCrystal.cpp.o
                0x0000352e                LiquidCrystal::command(unsigned char)
 .text._ZN13LiquidCrystal5clearEv
                0x00003538       0x12 C:\Users\admin\AppData\Local\Temp\arduino-sketch-0C8FB6A5DAE47CB1E0CC833053CE34EA\libraries\LiquidCrystal\LiquidCrystal.cpp.o
                0x00003538                LiquidCrystal::clear()
 .text._ZN13LiquidCrystal9setCursorEhh
                0x0000354a       0x2a C:\Users\admin\AppData\Local\Temp\arduino-sketch-0C8FB6A5DAE47CB1E0CC833053CE34EA\libraries\LiquidCrystal\LiquidCrystal.cpp.o
                0x0000354a                LiquidCrystal::setCursor(unsigned char, unsigned char)
 .text._ZN13LiquidCrystal7displayEv
                0x00003574       0x14 C:\Users\admin\AppData\Local\Temp\arduino-sketch-0C8FB6A5DAE47CB1E0CC833053CE34EA\libraries\LiquidCrystal\LiquidCrystal.cpp.o
                0x00003574                LiquidCrystal::display()
 .text._ZN13LiquidCrystal5beginEhhh
                0x00003588      0x124 C:\Users\admin\AppData\Local\Temp\arduino-sketch-0C8FB6A5DAE47CB1E0CC833053CE34EA\libraries\LiquidCrystal\LiquidCrystal.cpp.o
                0x00003588                LiquidCrystal::begin(unsigned char, unsigned char, unsigned char)
 .text._ZN13LiquidCrystalC2Ehhhhhhh
                0x000036ac       0x54 C:\Users\admin\AppData\Local\Temp\arduino-sketch-0C8FB6A5DAE47CB1E0CC833053CE34EA\libraries\LiquidCrystal\LiquidCrystal.cpp.o
                0x000036ac                LiquidCrystal::LiquidCrystal(unsigned char, unsigned char, unsigned char, unsigned char, unsigned char, unsigned char, unsigned char)
                0x000036ac                LiquidCrystal::LiquidCrystal(unsigned char, unsigned char, unsigned char, unsigned char, unsigned char, unsigned char, unsigned char)
 .text.SERCOM0_Handler
                0x00003700       0x10 C:\Users\admin\AppData\Local\Temp\arduino-sketch-0C8FB6A5DAE47CB1E0CC833053CE34EA\core\variant.cpp.o
                0x00003700                SERCOM0_Handler
 .text.SERCOM5_Handler
                0x00003710       0x10 C:\Users\admin\AppData\Local\Temp\arduino-sketch-0C8FB6A5DAE47CB1E0CC833053CE34EA\core\variant.cpp.o
                0x00003710                SERCOM5_Handler
 .text.startup._GLOBAL__sub_I_g_APinDescription
                0x00003720       0x94 C:\Users\admin\AppData\Local\Temp\arduino-sketch-0C8FB6A5DAE47CB1E0CC833053CE34EA\core\variant.cpp.o
 .text._ZN6SERCOMC2EP6Sercom
                0x000037b4        0x8 C:\Users\admin\AppData\Local\Temp\arduino-sketch-0C8FB6A5DAE47CB1E0CC833053CE34EA/..\arduino-core-cache\core_arduino_samd_arduino_zero_nativeg16_8955ed14b5308ce541648a9c34a5144e.a(SERCOM.cpp.o)
                0x000037b4                SERCOM::SERCOM(Sercom*)
                0x000037b4                SERCOM::SERCOM(Sercom*)
 .text._ZN6SERCOM9initFrameE18SercomUartCharSize15SercomDataOrder16SercomParityMode19SercomNumberStopBit
                0x000037bc       0x3a C:\Users\admin\AppData\Local\Temp\arduino-sketch-0C8FB6A5DAE47CB1E0CC833053CE34EA/..\arduino-core-cache\core_arduino_samd_arduino_zero_nativeg16_8955ed14b5308ce541648a9c34a5144e.a(SERCOM.cpp.o)
                0x000037bc                SERCOM::initFrame(SercomUartCharSize, SercomDataOrder, SercomParityMode, SercomNumberStopBit)
 .text._ZN6SERCOM8initPadsE15SercomUartTXPad11SercomRXPad
                0x000037f6       0x26 C:\Users\admin\AppData\Local\Temp\arduino-sketch-0C8FB6A5DAE47CB1E0CC833053CE34EA/..\arduino-core-cache\core_arduino_samd_arduino_zero_nativeg16_8955ed14b5308ce541648a9c34a5144e.a(SERCOM.cpp.o)
                0x000037f6                SERCOM::initPads(SercomUartTXPad, SercomRXPad)
 .text._ZN6SERCOM9resetUARTEv
                0x0000381c       0x1a C:\Users\admin\AppData\Local\Temp\arduino-sketch-0C8FB6A5DAE47CB1E0CC833053CE34EA/..\arduino-core-cache\core_arduino_samd_arduino_zero_nativeg16_8955ed14b5308ce541648a9c34a5144e.a(SERCOM.cpp.o)
                0x0000381c                SERCOM::resetUART()
 .text._ZN6SERCOM10enableUARTEv
                0x00003836       0x14 C:\Users\admin\AppData\Local\Temp\arduino-sketch-0C8FB6A5DAE47CB1E0CC833053CE34EA/..\arduino-core-cache\core_arduino_samd_arduino_zero_nativeg16_8955ed14b5308ce541648a9c34a5144e.a(SERCOM.cpp.o)
                0x00003836                SERCOM::enableUART()
 .text._ZN6SERCOM9flushUARTEv
                0x0000384a       0x14 C:\Users\admin\AppData\Local\Temp\arduino-sketch-0C8FB6A5DAE47CB1E0CC833053CE34EA/..\arduino-core-cache\core_arduino_samd_arduino_zero_nativeg16_8955ed14b5308ce541648a9c34a5144e.a(SERCOM.cpp.o)
                0x0000384a                SERCOM::flushUART()
 .text._ZN6SERCOM15clearStatusUARTEv
                0x0000385e        0x8 C:\Users\admin\AppData\Local\Temp\arduino-sketch-0C8FB6A5DAE47CB1E0CC833053CE34EA/..\arduino-core-cache\core_arduino_samd_arduino_zero_nativeg16_8955ed14b5308ce541648a9c34a5144e.a(SERCOM.cpp.o)
                0x0000385e                SERCOM::clearStatusUART()
 .text._ZN6SERCOM17availableDataUARTEv
                0x00003866        0xa C:\Users\admin\AppData\Local\Temp\arduino-sketch-0C8FB6A5DAE47CB1E0CC833053CE34EA/..\arduino-core-cache\core_arduino_samd_arduino_zero_nativeg16_8955ed14b5308ce541648a9c34a5144e.a(SERCOM.cpp.o)
                0x00003866                SERCOM::availableDataUART()
 .text._ZN6SERCOM11isUARTErrorEv
                0x00003870        0x8 C:\Users\admin\AppData\Local\Temp\arduino-sketch-0C8FB6A5DAE47CB1E0CC833053CE34EA/..\arduino-core-cache\core_arduino_samd_arduino_zero_nativeg16_8955ed14b5308ce541648a9c34a5144e.a(SERCOM.cpp.o)
                0x00003870                SERCOM::isUARTError()
 .text._ZN6SERCOM20acknowledgeUARTErrorEv
                0x00003878        0xe C:\Users\admin\AppData\Local\Temp\arduino-sketch-0C8FB6A5DAE47CB1E0CC833053CE34EA/..\arduino-core-cache\core_arduino_samd_arduino_zero_nativeg16_8955ed14b5308ce541648a9c34a5144e.a(SERCOM.cpp.o)
                0x00003878                SERCOM::acknowledgeUARTError()
 .text._ZN6SERCOM16isFrameErrorUARTEv
                0x00003886        0xa C:\Users\admin\AppData\Local\Temp\arduino-sketch-0C8FB6A5DAE47CB1E0CC833053CE34EA/..\arduino-core-cache\core_arduino_samd_arduino_zero_nativeg16_8955ed14b5308ce541648a9c34a5144e.a(SERCOM.cpp.o)
                0x00003886                SERCOM::isFrameErrorUART()
 .text._ZN6SERCOM19clearFrameErrorUARTEv
                0x00003890        0xc C:\Users\admin\AppData\Local\Temp\arduino-sketch-0C8FB6A5DAE47CB1E0CC833053CE34EA/..\arduino-core-cache\core_arduino_samd_arduino_zero_nativeg16_8955ed14b5308ce541648a9c34a5144e.a(SERCOM.cpp.o)
                0x00003890                SERCOM::clearFrameErrorUART()
 .text._ZN6SERCOM23isDataRegisterEmptyUARTEv
                0x0000389c        0xa C:\Users\admin\AppData\Local\Temp\arduino-sketch-0C8FB6A5DAE47CB1E0CC833053CE34EA/..\arduino-core-cache\core_arduino_samd_arduino_zero_nativeg16_8955ed14b5308ce541648a9c34a5144e.a(SERCOM.cpp.o)
                0x0000389c                SERCOM::isDataRegisterEmptyUART()
 .text._ZN6SERCOM12readDataUARTEv
                0x000038a6        0x8 C:\Users\admin\AppData\Local\Temp\arduino-sketch-0C8FB6A5DAE47CB1E0CC833053CE34EA/..\arduino-core-cache\core_arduino_samd_arduino_zero_nativeg16_8955ed14b5308ce541648a9c34a5144e.a(SERCOM.cpp.o)
                0x000038a6                SERCOM::readDataUART()
 .text._ZN6SERCOM13writeDataUARTEh
                0x000038ae       0x14 C:\Users\admin\AppData\Local\Temp\arduino-sketch-0C8FB6A5DAE47CB1E0CC833053CE34EA/..\arduino-core-cache\core_arduino_samd_arduino_zero_nativeg16_8955ed14b5308ce541648a9c34a5144e.a(SERCOM.cpp.o)
                0x000038ae                SERCOM::writeDataUART(unsigned char)
 .text._ZN6SERCOM36enableDataRegisterEmptyInterruptUARTEv
                0x000038c2        0x8 C:\Users\admin\AppData\Local\Temp\arduino-sketch-0C8FB6A5DAE47CB1E0CC833053CE34EA/..\arduino-core-cache\core_arduino_samd_arduino_zero_nativeg16_8955ed14b5308ce541648a9c34a5144e.a(SERCOM.cpp.o)
                0x000038c2                SERCOM::enableDataRegisterEmptyInterruptUART()
 .text._ZN6SERCOM37disableDataRegisterEmptyInterruptUARTEv
                0x000038ca        0x8 C:\Users\admin\AppData\Local\Temp\arduino-sketch-0C8FB6A5DAE47CB1E0CC833053CE34EA/..\arduino-core-cache\core_arduino_samd_arduino_zero_nativeg16_8955ed14b5308ce541648a9c34a5144e.a(SERCOM.cpp.o)
                0x000038ca                SERCOM::disableDataRegisterEmptyInterruptUART()
 *fill*         0x000038d2        0x2 
 .text._ZN6SERCOM13initClockNVICEv
                0x000038d4       0xa8 C:\Users\admin\AppData\Local\Temp\arduino-sketch-0C8FB6A5DAE47CB1E0CC833053CE34EA/..\arduino-core-cache\core_arduino_samd_arduino_zero_nativeg16_8955ed14b5308ce541648a9c34a5144e.a(SERCOM.cpp.o)
                0x000038d4                SERCOM::initClockNVIC()
 .text._ZN6SERCOM8initUARTE14SercomUartMode20SercomUartSampleRatem
                0x0000397c       0x6c C:\Users\admin\AppData\Local\Temp\arduino-sketch-0C8FB6A5DAE47CB1E0CC833053CE34EA/..\arduino-core-cache\core_arduino_samd_arduino_zero_nativeg16_8955ed14b5308ce541648a9c34a5144e.a(SERCOM.cpp.o)
                0x0000397c                SERCOM::initUART(SercomUartMode, SercomUartSampleRate, unsigned long)
 .text._ZN7Serial_13getDescriptorERN7arduino8USBSetupE
                0x000039e8        0x4 C:\Users\admin\AppData\Local\Temp\arduino-sketch-0C8FB6A5DAE47CB1E0CC833053CE34EA/..\arduino-core-cache\core_arduino_samd_arduino_zero_nativeg16_8955ed14b5308ce541648a9c34a5144e.a(CDC.cpp.o)
                0x000039e8                Serial_::getDescriptor(arduino::USBSetup&)
 .text._ZL5utox8mPc
                0x000039ec       0x24 C:\Users\admin\AppData\Local\Temp\arduino-sketch-0C8FB6A5DAE47CB1E0CC833053CE34EA/..\arduino-core-cache\core_arduino_samd_arduino_zero_nativeg16_8955ed14b5308ce541648a9c34a5144e.a(CDC.cpp.o)
 .text._ZN7Serial_12getShortNameEPc
                0x00003a10       0x44 C:\Users\admin\AppData\Local\Temp\arduino-sketch-0C8FB6A5DAE47CB1E0CC833053CE34EA/..\arduino-core-cache\core_arduino_samd_arduino_zero_nativeg16_8955ed14b5308ce541648a9c34a5144e.a(CDC.cpp.o)
                0x00003a10                Serial_::getShortName(char*)
 .text._ZThn16_N7Serial_12getShortNameEPc
                0x00003a54       0x10 C:\Users\admin\AppData\Local\Temp\arduino-sketch-0C8FB6A5DAE47CB1E0CC833053CE34EA/..\arduino-core-cache\core_arduino_samd_arduino_zero_nativeg16_8955ed14b5308ce541648a9c34a5144e.a(CDC.cpp.o)
                0x00003a54                non-virtual thunk to Serial_::getShortName(char*)
 .text._ZN7Serial_5beginEm
                0x00003a64        0x2 C:\Users\admin\AppData\Local\Temp\arduino-sketch-0C8FB6A5DAE47CB1E0CC833053CE34EA/..\arduino-core-cache\core_arduino_samd_arduino_zero_nativeg16_8955ed14b5308ce541648a9c34a5144e.a(CDC.cpp.o)
                0x00003a64                Serial_::begin(unsigned long)
 .text._ZN7Serial_5beginEmt
                0x00003a66        0x2 C:\Users\admin\AppData\Local\Temp\arduino-sketch-0C8FB6A5DAE47CB1E0CC833053CE34EA/..\arduino-core-cache\core_arduino_samd_arduino_zero_nativeg16_8955ed14b5308ce541648a9c34a5144e.a(CDC.cpp.o)
                0x00003a66                Serial_::begin(unsigned long, unsigned short)
 .text._ZN7Serial_17availableForWriteEv
                0x00003a68        0x4 C:\Users\admin\AppData\Local\Temp\arduino-sketch-0C8FB6A5DAE47CB1E0CC833053CE34EA/..\arduino-core-cache\core_arduino_samd_arduino_zero_nativeg16_8955ed14b5308ce541648a9c34a5144e.a(CDC.cpp.o)
                0x00003a68                Serial_::availableForWrite()
 .text._ZN7Serial_5writeEh
                0x00003a6c       0x14 C:\Users\admin\AppData\Local\Temp\arduino-sketch-0C8FB6A5DAE47CB1E0CC833053CE34EA/..\arduino-core-cache\core_arduino_samd_arduino_zero_nativeg16_8955ed14b5308ce541648a9c34a5144e.a(CDC.cpp.o)
                0x00003a6c                Serial_::write(unsigned char)
 .text._ZN7Serial_12getInterfaceEPh
                0x00003a80      0x11c C:\Users\admin\AppData\Local\Temp\arduino-sketch-0C8FB6A5DAE47CB1E0CC833053CE34EA/..\arduino-core-cache\core_arduino_samd_arduino_zero_nativeg16_8955ed14b5308ce541648a9c34a5144e.a(CDC.cpp.o)
                0x00003a80                Serial_::getInterface(unsigned char*)
 .text._ZThn16_N7Serial_12getInterfaceEPh
                0x00003b9c       0x10 C:\Users\admin\AppData\Local\Temp\arduino-sketch-0C8FB6A5DAE47CB1E0CC833053CE34EA/..\arduino-core-cache\core_arduino_samd_arduino_zero_nativeg16_8955ed14b5308ce541648a9c34a5144e.a(CDC.cpp.o)
                0x00003b9c                non-virtual thunk to Serial_::getInterface(unsigned char*)
 .text._ZN7Serial_5setupERN7arduino8USBSetupE
                0x00003bac       0x98 C:\Users\admin\AppData\Local\Temp\arduino-sketch-0C8FB6A5DAE47CB1E0CC833053CE34EA/..\arduino-core-cache\core_arduino_samd_arduino_zero_nativeg16_8955ed14b5308ce541648a9c34a5144e.a(CDC.cpp.o)
                0x00003bac                Serial_::setup(arduino::USBSetup&)
 .text._ZThn16_N7Serial_5setupERN7arduino8USBSetupE
                0x00003c44       0x10 C:\Users\admin\AppData\Local\Temp\arduino-sketch-0C8FB6A5DAE47CB1E0CC833053CE34EA/..\arduino-core-cache\core_arduino_samd_arduino_zero_nativeg16_8955ed14b5308ce541648a9c34a5144e.a(CDC.cpp.o)
                0x00003c44                non-virtual thunk to Serial_::setup(arduino::USBSetup&)
 .text._ZN7Serial_3endEv
                0x00003c54       0x14 C:\Users\admin\AppData\Local\Temp\arduino-sketch-0C8FB6A5DAE47CB1E0CC833053CE34EA/..\arduino-core-cache\core_arduino_samd_arduino_zero_nativeg16_8955ed14b5308ce541648a9c34a5144e.a(CDC.cpp.o)
                0x00003c54                Serial_::end()
 .text._ZN7Serial_9availableEv
                0x00003c68       0x20 C:\Users\admin\AppData\Local\Temp\arduino-sketch-0C8FB6A5DAE47CB1E0CC833053CE34EA/..\arduino-core-cache\core_arduino_samd_arduino_zero_nativeg16_8955ed14b5308ce541648a9c34a5144e.a(CDC.cpp.o)
                0x00003c68                Serial_::available()
 .text._ZN7Serial_5flushEv
                0x00003c88        0xe C:\Users\admin\AppData\Local\Temp\arduino-sketch-0C8FB6A5DAE47CB1E0CC833053CE34EA/..\arduino-core-cache\core_arduino_samd_arduino_zero_nativeg16_8955ed14b5308ce541648a9c34a5144e.a(CDC.cpp.o)
                0x00003c88                Serial_::flush()
 .text._ZN7Serial_5clearEv
                0x00003c96        0xe C:\Users\admin\AppData\Local\Temp\arduino-sketch-0C8FB6A5DAE47CB1E0CC833053CE34EA/..\arduino-core-cache\core_arduino_samd_arduino_zero_nativeg16_8955ed14b5308ce541648a9c34a5144e.a(CDC.cpp.o)
                0x00003c96                Serial_::clear()
 .text._ZN7Serial_5writeEPKhj
                0x00003ca4       0x1e C:\Users\admin\AppData\Local\Temp\arduino-sketch-0C8FB6A5DAE47CB1E0CC833053CE34EA/..\arduino-core-cache\core_arduino_samd_arduino_zero_nativeg16_8955ed14b5308ce541648a9c34a5144e.a(CDC.cpp.o)
                0x00003ca4                Serial_::write(unsigned char const*, unsigned int)
 *fill*         0x00003cc2        0x2 
 .text._ZN7Serial_4peekEv
                0x00003cc4       0x1c C:\Users\admin\AppData\Local\Temp\arduino-sketch-0C8FB6A5DAE47CB1E0CC833053CE34EA/..\arduino-core-cache\core_arduino_samd_arduino_zero_nativeg16_8955ed14b5308ce541648a9c34a5144e.a(CDC.cpp.o)
                0x00003cc4                Serial_::peek()
 .text._ZN7Serial_4readEv
                0x00003ce0       0x24 C:\Users\admin\AppData\Local\Temp\arduino-sketch-0C8FB6A5DAE47CB1E0CC833053CE34EA/..\arduino-core-cache\core_arduino_samd_arduino_zero_nativeg16_8955ed14b5308ce541648a9c34a5144e.a(CDC.cpp.o)
                0x00003ce0                Serial_::read()
 .text._ZN7Serial_cvbEv
                0x00003d04       0x28 C:\Users\admin\AppData\Local\Temp\arduino-sketch-0C8FB6A5DAE47CB1E0CC833053CE34EA/..\arduino-core-cache\core_arduino_samd_arduino_zero_nativeg16_8955ed14b5308ce541648a9c34a5144e.a(CDC.cpp.o)
                0x00003d04                Serial_::operator bool()
 .text._ZThn16_N7Serial_13getDescriptorERN7arduino8USBSetupE
                0x00003d2c        0x4 C:\Users\admin\AppData\Local\Temp\arduino-sketch-0C8FB6A5DAE47CB1E0CC833053CE34EA/..\arduino-core-cache\core_arduino_samd_arduino_zero_nativeg16_8955ed14b5308ce541648a9c34a5144e.a(CDC.cpp.o)
                0x00003d2c                non-virtual thunk to Serial_::getDescriptor(arduino::USBSetup&)
 .text.resetExternalChip
                0x00003d30        0x2 C:\Users\admin\AppData\Local\Temp\arduino-sketch-0C8FB6A5DAE47CB1E0CC833053CE34EA/..\arduino-core-cache\core_arduino_samd_arduino_zero_nativeg16_8955ed14b5308ce541648a9c34a5144e.a(CDC.cpp.o)
                0x00003d30                resetExternalChip
 .text._ZN7Serial_14handleEndpointEi
                0x00003d32        0x2 C:\Users\admin\AppData\Local\Temp\arduino-sketch-0C8FB6A5DAE47CB1E0CC833053CE34EA/..\arduino-core-cache\core_arduino_samd_arduino_zero_nativeg16_8955ed14b5308ce541648a9c34a5144e.a(CDC.cpp.o)
                0x00003d32                Serial_::handleEndpoint(int)
 .text._ZN7Serial_C2ER14USBDeviceClass
                0x00003d34       0x50 C:\Users\admin\AppData\Local\Temp\arduino-sketch-0C8FB6A5DAE47CB1E0CC833053CE34EA/..\arduino-core-cache\core_arduino_samd_arduino_zero_nativeg16_8955ed14b5308ce541648a9c34a5144e.a(CDC.cpp.o)
                0x00003d34                Serial_::Serial_(USBDeviceClass&)
                0x00003d34                Serial_::Serial_(USBDeviceClass&)
 .text._ZN7Serial_15enableInterruptEv
                0x00003d84       0x30 C:\Users\admin\AppData\Local\Temp\arduino-sketch-0C8FB6A5DAE47CB1E0CC833053CE34EA/..\arduino-core-cache\core_arduino_samd_arduino_zero_nativeg16_8955ed14b5308ce541648a9c34a5144e.a(CDC.cpp.o)
                0x00003d84                Serial_::enableInterrupt()
 .text.startup._GLOBAL__sub_I__ZN7Serial_12getInterfaceEPh
                0x00003db4       0x14 C:\Users\admin\AppData\Local\Temp\arduino-sketch-0C8FB6A5DAE47CB1E0CC833053CE34EA/..\arduino-core-cache\core_arduino_samd_arduino_zero_nativeg16_8955ed14b5308ce541648a9c34a5144e.a(CDC.cpp.o)
 .text._ZN26DoubleBufferedEPOutHandlerD2Ev
                0x00003dc8        0x2 C:\Users\admin\AppData\Local\Temp\arduino-sketch-0C8FB6A5DAE47CB1E0CC833053CE34EA/..\arduino-core-cache\core_arduino_samd_arduino_zero_nativeg16_8955ed14b5308ce541648a9c34a5144e.a(USBCore.cpp.o)
                0x00003dc8                DoubleBufferedEPOutHandler::~DoubleBufferedEPOutHandler()
                0x00003dc8                DoubleBufferedEPOutHandler::~DoubleBufferedEPOutHandler()
 .text._ZN26DoubleBufferedEPOutHandlerD0Ev
                0x00003dca        0xc C:\Users\admin\AppData\Local\Temp\arduino-sketch-0C8FB6A5DAE47CB1E0CC833053CE34EA/..\arduino-core-cache\core_arduino_samd_arduino_zero_nativeg16_8955ed14b5308ce541648a9c34a5144e.a(USBCore.cpp.o)
                0x00003dca                DoubleBufferedEPOutHandler::~DoubleBufferedEPOutHandler()
 *fill*         0x00003dd6        0x2 
 .text._ZN14USBDeviceClass6initEPEmm.part.7
                0x00003dd8       0xc4 C:\Users\admin\AppData\Local\Temp\arduino-sketch-0C8FB6A5DAE47CB1E0CC833053CE34EA/..\arduino-core-cache\core_arduino_samd_arduino_zero_nativeg16_8955ed14b5308ce541648a9c34a5144e.a(USBCore.cpp.o)
 .text._ZN7__GuardC2Ev
                0x00003e9c        0xe C:\Users\admin\AppData\Local\Temp\arduino-sketch-0C8FB6A5DAE47CB1E0CC833053CE34EA/..\arduino-core-cache\core_arduino_samd_arduino_zero_nativeg16_8955ed14b5308ce541648a9c34a5144e.a(USBCore.cpp.o)
                0x00003e9c                __Guard::__Guard()
                0x00003e9c                __Guard::__Guard()
 .text._ZN7__GuardD2Ev
                0x00003eaa        0xe C:\Users\admin\AppData\Local\Temp\arduino-sketch-0C8FB6A5DAE47CB1E0CC833053CE34EA/..\arduino-core-cache\core_arduino_samd_arduino_zero_nativeg16_8955ed14b5308ce541648a9c34a5144e.a(USBCore.cpp.o)
                0x00003eaa                __Guard::~__Guard()
                0x00003eaa                __Guard::~__Guard()
 .text._ZNK26DoubleBufferedEPOutHandler10_availableEv
                0x00003eb8       0x70 C:\Users\admin\AppData\Local\Temp\arduino-sketch-0C8FB6A5DAE47CB1E0CC833053CE34EA/..\arduino-core-cache\core_arduino_samd_arduino_zero_nativeg16_8955ed14b5308ce541648a9c34a5144e.a(USBCore.cpp.o)
                0x00003eb8                DoubleBufferedEPOutHandler::_available() const
 .text._ZN26DoubleBufferedEPOutHandler7releaseEv
                0x00003f28       0x38 C:\Users\admin\AppData\Local\Temp\arduino-sketch-0C8FB6A5DAE47CB1E0CC833053CE34EA/..\arduino-core-cache\core_arduino_samd_arduino_zero_nativeg16_8955ed14b5308ce541648a9c34a5144e.a(USBCore.cpp.o)
                0x00003f28                DoubleBufferedEPOutHandler::release()
 .text._ZN26DoubleBufferedEPOutHandler14handleEndpointEv
                0x00003f60       0xe2 C:\Users\admin\AppData\Local\Temp\arduino-sketch-0C8FB6A5DAE47CB1E0CC833053CE34EA/..\arduino-core-cache\core_arduino_samd_arduino_zero_nativeg16_8955ed14b5308ce541648a9c34a5144e.a(USBCore.cpp.o)
                0x00003f60                DoubleBufferedEPOutHandler::handleEndpoint()
 .text._ZN14USBDeviceClass14SendInterfacesEPm
                0x00004042       0x20 C:\Users\admin\AppData\Local\Temp\arduino-sketch-0C8FB6A5DAE47CB1E0CC833053CE34EA/..\arduino-core-cache\core_arduino_samd_arduino_zero_nativeg16_8955ed14b5308ce541648a9c34a5144e.a(USBCore.cpp.o)
                0x00004042                USBDeviceClass::SendInterfaces(unsigned long*)
 *fill*         0x00004062        0x2 
 .text._ZN14USBDeviceClass6attachEv
                0x00004064       0x34 C:\Users\admin\AppData\Local\Temp\arduino-sketch-0C8FB6A5DAE47CB1E0CC833053CE34EA/..\arduino-core-cache\core_arduino_samd_arduino_zero_nativeg16_8955ed14b5308ce541648a9c34a5144e.a(USBCore.cpp.o)
                0x00004064                USBDeviceClass::attach()
 .text._ZN14USBDeviceClass10setAddressEm
                0x00004098       0x48 C:\Users\admin\AppData\Local\Temp\arduino-sketch-0C8FB6A5DAE47CB1E0CC833053CE34EA/..\arduino-core-cache\core_arduino_samd_arduino_zero_nativeg16_8955ed14b5308ce541648a9c34a5144e.a(USBCore.cpp.o)
                0x00004098                USBDeviceClass::setAddress(unsigned long)
 .text._ZN14USBDeviceClass25handleClassInterfaceSetupERN7arduino8USBSetupE
                0x000040e0       0x24 C:\Users\admin\AppData\Local\Temp\arduino-sketch-0C8FB6A5DAE47CB1E0CC833053CE34EA/..\arduino-core-cache\core_arduino_samd_arduino_zero_nativeg16_8955ed14b5308ce541648a9c34a5144e.a(USBCore.cpp.o)
                0x000040e0                USBDeviceClass::handleClassInterfaceSetup(arduino::USBSetup&)
 .text._ZN14USBDeviceClass6initEPEmm
                0x00004104      0x10c C:\Users\admin\AppData\Local\Temp\arduino-sketch-0C8FB6A5DAE47CB1E0CC833053CE34EA/..\arduino-core-cache\core_arduino_samd_arduino_zero_nativeg16_8955ed14b5308ce541648a9c34a5144e.a(USBCore.cpp.o)
                0x00004104                USBDeviceClass::initEP(unsigned long, unsigned long)
 .text._ZN14USBDeviceClass13initEndpointsEv
                0x00004210       0x24 C:\Users\admin\AppData\Local\Temp\arduino-sketch-0C8FB6A5DAE47CB1E0CC833053CE34EA/..\arduino-core-cache\core_arduino_samd_arduino_zero_nativeg16_8955ed14b5308ce541648a9c34a5144e.a(USBCore.cpp.o)
                0x00004210                USBDeviceClass::initEndpoints()
 .text._ZN14USBDeviceClass5clearEm
                0x00004234       0x38 C:\Users\admin\AppData\Local\Temp\arduino-sketch-0C8FB6A5DAE47CB1E0CC833053CE34EA/..\arduino-core-cache\core_arduino_samd_arduino_zero_nativeg16_8955ed14b5308ce541648a9c34a5144e.a(USBCore.cpp.o)
                0x00004234                USBDeviceClass::clear(unsigned long)
 .text._ZN14USBDeviceClass9availableEm
                0x0000426c       0x2c C:\Users\admin\AppData\Local\Temp\arduino-sketch-0C8FB6A5DAE47CB1E0CC833053CE34EA/..\arduino-core-cache\core_arduino_samd_arduino_zero_nativeg16_8955ed14b5308ce541648a9c34a5144e.a(USBCore.cpp.o)
                0x0000426c                USBDeviceClass::available(unsigned long)
 .text._ZN14USBDeviceClass5flushEm
                0x00004298       0x2c C:\Users\admin\AppData\Local\Temp\arduino-sketch-0C8FB6A5DAE47CB1E0CC833053CE34EA/..\arduino-core-cache\core_arduino_samd_arduino_zero_nativeg16_8955ed14b5308ce541648a9c34a5144e.a(USBCore.cpp.o)
                0x00004298                USBDeviceClass::flush(unsigned long)
 .text._ZN14USBDeviceClass4recvEmPvm
                0x000042c4       0xdc C:\Users\admin\AppData\Local\Temp\arduino-sketch-0C8FB6A5DAE47CB1E0CC833053CE34EA/..\arduino-core-cache\core_arduino_samd_arduino_zero_nativeg16_8955ed14b5308ce541648a9c34a5144e.a(USBCore.cpp.o)
                0x000042c4                USBDeviceClass::recv(unsigned long, void*, unsigned long)
 .text._ZN14USBDeviceClass4recvEm
                0x000043a0       0x1c C:\Users\admin\AppData\Local\Temp\arduino-sketch-0C8FB6A5DAE47CB1E0CC833053CE34EA/..\arduino-core-cache\core_arduino_samd_arduino_zero_nativeg16_8955ed14b5308ce541648a9c34a5144e.a(USBCore.cpp.o)
                0x000043a0                USBDeviceClass::recv(unsigned long)
 .text._ZN14USBDeviceClass14armRecvCtrlOUTEm
                0x000043bc       0x5c C:\Users\admin\AppData\Local\Temp\arduino-sketch-0C8FB6A5DAE47CB1E0CC833053CE34EA/..\arduino-core-cache\core_arduino_samd_arduino_zero_nativeg16_8955ed14b5308ce541648a9c34a5144e.a(USBCore.cpp.o)
                0x000043bc                USBDeviceClass::armRecvCtrlOUT(unsigned long)
 .text._ZN14USBDeviceClass11recvControlEPvm
                0x00004418       0x28 C:\Users\admin\AppData\Local\Temp\arduino-sketch-0C8FB6A5DAE47CB1E0CC833053CE34EA/..\arduino-core-cache\core_arduino_samd_arduino_zero_nativeg16_8955ed14b5308ce541648a9c34a5144e.a(USBCore.cpp.o)
                0x00004418                USBDeviceClass::recvControl(void*, unsigned long)
 .text._ZN14USBDeviceClass4sendEmPKvm
                0x00004440      0x124 C:\Users\admin\AppData\Local\Temp\arduino-sketch-0C8FB6A5DAE47CB1E0CC833053CE34EA/..\arduino-core-cache\core_arduino_samd_arduino_zero_nativeg16_8955ed14b5308ce541648a9c34a5144e.a(USBCore.cpp.o)
                0x00004440                USBDeviceClass::send(unsigned long, void const*, unsigned long)
 .text._ZN14USBDeviceClass7armSendEmPKvm
                0x00004564       0x48 C:\Users\admin\AppData\Local\Temp\arduino-sketch-0C8FB6A5DAE47CB1E0CC833053CE34EA/..\arduino-core-cache\core_arduino_samd_arduino_zero_nativeg16_8955ed14b5308ce541648a9c34a5144e.a(USBCore.cpp.o)
                0x00004564                USBDeviceClass::armSend(unsigned long, void const*, unsigned long)
 .text._ZN14USBDeviceClass11sendControlEPKvm
                0x000045ac       0x54 C:\Users\admin\AppData\Local\Temp\arduino-sketch-0C8FB6A5DAE47CB1E0CC833053CE34EA/..\arduino-core-cache\core_arduino_samd_arduino_zero_nativeg16_8955ed14b5308ce541648a9c34a5144e.a(USBCore.cpp.o)
                0x000045ac                USBDeviceClass::sendControl(void const*, unsigned long)
 .text._ZN14USBDeviceClass20sendStringDescriptorEPKhm
                0x00004600       0x64 C:\Users\admin\AppData\Local\Temp\arduino-sketch-0C8FB6A5DAE47CB1E0CC833053CE34EA/..\arduino-core-cache\core_arduino_samd_arduino_zero_nativeg16_8955ed14b5308ce541648a9c34a5144e.a(USBCore.cpp.o)
                0x00004600                USBDeviceClass::sendStringDescriptor(unsigned char const*, unsigned long)
 .text._ZN14USBDeviceClass17sendConfigurationEm
                0x00004664       0x80 C:\Users\admin\AppData\Local\Temp\arduino-sketch-0C8FB6A5DAE47CB1E0CC833053CE34EA/..\arduino-core-cache\core_arduino_samd_arduino_zero_nativeg16_8955ed14b5308ce541648a9c34a5144e.a(USBCore.cpp.o)
                0x00004664                USBDeviceClass::sendConfiguration(unsigned long)
 .text._ZN14USBDeviceClass14sendDescriptorERN7arduino8USBSetupE
                0x000046e4       0xd8 C:\Users\admin\AppData\Local\Temp\arduino-sketch-0C8FB6A5DAE47CB1E0CC833053CE34EA/..\arduino-core-cache\core_arduino_samd_arduino_zero_nativeg16_8955ed14b5308ce541648a9c34a5144e.a(USBCore.cpp.o)
                0x000046e4                USBDeviceClass::sendDescriptor(arduino::USBSetup&)
 .text._ZN14USBDeviceClass7sendZlpEm
                0x000047bc       0x18 C:\Users\admin\AppData\Local\Temp\arduino-sketch-0C8FB6A5DAE47CB1E0CC833053CE34EA/..\arduino-core-cache\core_arduino_samd_arduino_zero_nativeg16_8955ed14b5308ce541648a9c34a5144e.a(USBCore.cpp.o)
                0x000047bc                USBDeviceClass::sendZlp(unsigned long)
 .text._ZN14USBDeviceClass19handleStandardSetupERN7arduino8USBSetupE
                0x000047d4       0xf0 C:\Users\admin\AppData\Local\Temp\arduino-sketch-0C8FB6A5DAE47CB1E0CC833053CE34EA/..\arduino-core-cache\core_arduino_samd_arduino_zero_nativeg16_8955ed14b5308ce541648a9c34a5144e.a(USBCore.cpp.o)
                0x000047d4                USBDeviceClass::handleStandardSetup(arduino::USBSetup&)
 .text._ZN14USBDeviceClass10ISRHandlerEv
                0x000048c4      0x150 C:\Users\admin\AppData\Local\Temp\arduino-sketch-0C8FB6A5DAE47CB1E0CC833053CE34EA/..\arduino-core-cache\core_arduino_samd_arduino_zero_nativeg16_8955ed14b5308ce541648a9c34a5144e.a(USBCore.cpp.o)
                0x000048c4                USBDeviceClass::ISRHandler()
 .text.UDD_Handler
                0x00004a14       0x10 C:\Users\admin\AppData\Local\Temp\arduino-sketch-0C8FB6A5DAE47CB1E0CC833053CE34EA/..\arduino-core-cache\core_arduino_samd_arduino_zero_nativeg16_8955ed14b5308ce541648a9c34a5144e.a(USBCore.cpp.o)
                0x00004a14                UDD_Handler
 .text._ZN7arduino13PluggableUSB_C2Ev
                0x00004a24       0x10 C:\Users\admin\AppData\Local\Temp\arduino-sketch-0C8FB6A5DAE47CB1E0CC833053CE34EA/..\arduino-core-cache\core_arduino_samd_arduino_zero_nativeg16_8955ed14b5308ce541648a9c34a5144e.a(USBCore.cpp.o)
                0x00004a24                arduino::PluggableUSB_::PluggableUSB_()
                0x00004a24                arduino::PluggableUSB_::PluggableUSB_()
 .text._Z8epBufferj
                0x00004a34        0xc C:\Users\admin\AppData\Local\Temp\arduino-sketch-0C8FB6A5DAE47CB1E0CC833053CE34EA/..\arduino-core-cache\core_arduino_samd_arduino_zero_nativeg16_8955ed14b5308ce541648a9c34a5144e.a(USBCore.cpp.o)
                0x00004a34                epBuffer(unsigned int)
 .text._ZN7arduino11RingBufferNILi64EE10store_charEh
                0x00004a40       0x1c C:\Users\admin\AppData\Local\Temp\arduino-sketch-0C8FB6A5DAE47CB1E0CC833053CE34EA/..\arduino-core-cache\core_arduino_samd_arduino_zero_nativeg16_8955ed14b5308ce541648a9c34a5144e.a(USBCore.cpp.o)
                0x00004a40                arduino::RingBufferN<64>::store_char(unsigned char)
 .text._ZN26DoubleBufferedEPOutHandler5_recvEv
                0x00004a5c      0x15e C:\Users\admin\AppData\Local\Temp\arduino-sketch-0C8FB6A5DAE47CB1E0CC833053CE34EA/..\arduino-core-cache\core_arduino_samd_arduino_zero_nativeg16_8955ed14b5308ce541648a9c34a5144e.a(USBCore.cpp.o)
                0x00004a5c                DoubleBufferedEPOutHandler::_recv()
 .text._ZN26DoubleBufferedEPOutHandler9availableEv
                0x00004bba        0xc C:\Users\admin\AppData\Local\Temp\arduino-sketch-0C8FB6A5DAE47CB1E0CC833053CE34EA/..\arduino-core-cache\core_arduino_samd_arduino_zero_nativeg16_8955ed14b5308ce541648a9c34a5144e.a(USBCore.cpp.o)
                0x00004bba                DoubleBufferedEPOutHandler::available()
 .text._ZN26DoubleBufferedEPOutHandler4peekEv
                0x00004bc6       0x1c C:\Users\admin\AppData\Local\Temp\arduino-sketch-0C8FB6A5DAE47CB1E0CC833053CE34EA/..\arduino-core-cache\core_arduino_samd_arduino_zero_nativeg16_8955ed14b5308ce541648a9c34a5144e.a(USBCore.cpp.o)
                0x00004bc6                DoubleBufferedEPOutHandler::peek()
 .text._ZN26DoubleBufferedEPOutHandler4recvEPvm
                0x00004be2       0x60 C:\Users\admin\AppData\Local\Temp\arduino-sketch-0C8FB6A5DAE47CB1E0CC833053CE34EA/..\arduino-core-cache\core_arduino_samd_arduino_zero_nativeg16_8955ed14b5308ce541648a9c34a5144e.a(USBCore.cpp.o)
                0x00004be2                DoubleBufferedEPOutHandler::recv(void*, unsigned long)
 *fill*         0x00004c42        0x2 
 .text.startup._GLOBAL__sub_I_usbd
                0x00004c44       0x10 C:\Users\admin\AppData\Local\Temp\arduino-sketch-0C8FB6A5DAE47CB1E0CC833053CE34EA/..\arduino-core-cache\core_arduino_samd_arduino_zero_nativeg16_8955ed14b5308ce541648a9c34a5144e.a(USBCore.cpp.o)
 .text._ZN14USBDeviceClass4initEv
                0x00004c54      0x18c C:\Users\admin\AppData\Local\Temp\arduino-sketch-0C8FB6A5DAE47CB1E0CC833053CE34EA/..\arduino-core-cache\core_arduino_samd_arduino_zero_nativeg16_8955ed14b5308ce541648a9c34a5144e.a(USBCore.cpp.o)
                0x00004c54                USBDeviceClass::init()
 .text._ZN4UartcvbEv
                0x00004de0        0x4 C:\Users\admin\AppData\Local\Temp\arduino-sketch-0C8FB6A5DAE47CB1E0CC833053CE34EA/..\arduino-core-cache\core_arduino_samd_arduino_zero_nativeg16_8955ed14b5308ce541648a9c34a5144e.a(Uart.cpp.o)
                0x00004de0                Uart::operator bool()
 .text._ZN4Uart5beginEm
                0x00004de4       0x10 C:\Users\admin\AppData\Local\Temp\arduino-sketch-0C8FB6A5DAE47CB1E0CC833053CE34EA/..\arduino-core-cache\core_arduino_samd_arduino_zero_nativeg16_8955ed14b5308ce541648a9c34a5144e.a(Uart.cpp.o)
                0x00004de4                Uart::begin(unsigned long)
 .text._ZN4Uart9availableEv
                0x00004df4        0x6 C:\Users\admin\AppData\Local\Temp\arduino-sketch-0C8FB6A5DAE47CB1E0CC833053CE34EA/..\arduino-core-cache\core_arduino_samd_arduino_zero_nativeg16_8955ed14b5308ce541648a9c34a5144e.a(Uart.cpp.o)
                0x00004df4                Uart::available()
 .text._ZN4Uart17availableForWriteEv
                0x00004dfa       0x10 C:\Users\admin\AppData\Local\Temp\arduino-sketch-0C8FB6A5DAE47CB1E0CC833053CE34EA/..\arduino-core-cache\core_arduino_samd_arduino_zero_nativeg16_8955ed14b5308ce541648a9c34a5144e.a(Uart.cpp.o)
                0x00004dfa                Uart::availableForWrite()
 .text._ZN4Uart4peekEv
                0x00004e0a       0x18 C:\Users\admin\AppData\Local\Temp\arduino-sketch-0C8FB6A5DAE47CB1E0CC833053CE34EA/..\arduino-core-cache\core_arduino_samd_arduino_zero_nativeg16_8955ed14b5308ce541648a9c34a5144e.a(Uart.cpp.o)
                0x00004e0a                Uart::peek()
 .text._ZN4Uart3endEv
                0x00004e22       0x24 C:\Users\admin\AppData\Local\Temp\arduino-sketch-0C8FB6A5DAE47CB1E0CC833053CE34EA/..\arduino-core-cache\core_arduino_samd_arduino_zero_nativeg16_8955ed14b5308ce541648a9c34a5144e.a(Uart.cpp.o)
                0x00004e22                Uart::end()
 .text._ZN4Uart5flushEv
                0x00004e46       0x16 C:\Users\admin\AppData\Local\Temp\arduino-sketch-0C8FB6A5DAE47CB1E0CC833053CE34EA/..\arduino-core-cache\core_arduino_samd_arduino_zero_nativeg16_8955ed14b5308ce541648a9c34a5144e.a(Uart.cpp.o)
                0x00004e46                Uart::flush()
 .text._ZN4Uart16extractNbStopBitEt
                0x00004e5c        0xc C:\Users\admin\AppData\Local\Temp\arduino-sketch-0C8FB6A5DAE47CB1E0CC833053CE34EA/..\arduino-core-cache\core_arduino_samd_arduino_zero_nativeg16_8955ed14b5308ce541648a9c34a5144e.a(Uart.cpp.o)
                0x00004e5c                Uart::extractNbStopBit(unsigned short)
 .text._ZN4Uart15extractCharSizeEt
                0x00004e68       0x28 C:\Users\admin\AppData\Local\Temp\arduino-sketch-0C8FB6A5DAE47CB1E0CC833053CE34EA/..\arduino-core-cache\core_arduino_samd_arduino_zero_nativeg16_8955ed14b5308ce541648a9c34a5144e.a(Uart.cpp.o)
                0x00004e68                Uart::extractCharSize(unsigned short)
 .text._ZN4Uart13extractParityEt
                0x00004e90       0x14 C:\Users\admin\AppData\Local\Temp\arduino-sketch-0C8FB6A5DAE47CB1E0CC833053CE34EA/..\arduino-core-cache\core_arduino_samd_arduino_zero_nativeg16_8955ed14b5308ce541648a9c34a5144e.a(Uart.cpp.o)
                0x00004e90                Uart::extractParity(unsigned short)
 .text._ZN4Uart5beginEmt
                0x00004ea4       0xf8 C:\Users\admin\AppData\Local\Temp\arduino-sketch-0C8FB6A5DAE47CB1E0CC833053CE34EA/..\arduino-core-cache\core_arduino_samd_arduino_zero_nativeg16_8955ed14b5308ce541648a9c34a5144e.a(Uart.cpp.o)
                0x00004ea4                Uart::begin(unsigned long, unsigned short)
 .text._ZN7arduino11RingBufferNILi256EEC2Ev
                0x00004f9c       0x1e C:\Users\admin\AppData\Local\Temp\arduino-sketch-0C8FB6A5DAE47CB1E0CC833053CE34EA/..\arduino-core-cache\core_arduino_samd_arduino_zero_nativeg16_8955ed14b5308ce541648a9c34a5144e.a(Uart.cpp.o)
                0x00004f9c                arduino::RingBufferN<256>::RingBufferN()
                0x00004f9c                arduino::RingBufferN<256>::RingBufferN()
 *fill*         0x00004fba        0x2 
 .text._ZN4UartC2EP6SERCOMhh11SercomRXPad15SercomUartTXPad
                0x00004fbc       0x74 C:\Users\admin\AppData\Local\Temp\arduino-sketch-0C8FB6A5DAE47CB1E0CC833053CE34EA/..\arduino-core-cache\core_arduino_samd_arduino_zero_nativeg16_8955ed14b5308ce541648a9c34a5144e.a(Uart.cpp.o)
                0x00004fbc                Uart::Uart(SERCOM*, unsigned char, unsigned char, SercomRXPad, SercomUartTXPad)
                0x00004fbc                Uart::Uart(SERCOM*, unsigned char, unsigned char, SercomRXPad, SercomUartTXPad)
 .text._ZN7arduino15SafeRingBufferNILi256EE10store_charEh
                0x00005030       0x4a C:\Users\admin\AppData\Local\Temp\arduino-sketch-0C8FB6A5DAE47CB1E0CC833053CE34EA/..\arduino-core-cache\core_arduino_samd_arduino_zero_nativeg16_8955ed14b5308ce541648a9c34a5144e.a(Uart.cpp.o)
                0x00005030                arduino::SafeRingBufferN<256>::store_char(unsigned char)
 .text._ZN7arduino15SafeRingBufferNILi256EE9read_charEv
                0x0000507a       0x50 C:\Users\admin\AppData\Local\Temp\arduino-sketch-0C8FB6A5DAE47CB1E0CC833053CE34EA/..\arduino-core-cache\core_arduino_samd_arduino_zero_nativeg16_8955ed14b5308ce541648a9c34a5144e.a(Uart.cpp.o)
                0x0000507a                arduino::SafeRingBufferN<256>::read_char()
 .text._ZN4Uart10IrqHandlerEv
                0x000050ca       0xa4 C:\Users\admin\AppData\Local\Temp\arduino-sketch-0C8FB6A5DAE47CB1E0CC833053CE34EA/..\arduino-core-cache\core_arduino_samd_arduino_zero_nativeg16_8955ed14b5308ce541648a9c34a5144e.a(Uart.cpp.o)
                0x000050ca                Uart::IrqHandler()
 *fill*         0x0000516e        0x2 
 .text._ZN4Uart5writeEh
                0x00005170       0x9c C:\Users\admin\AppData\Local\Temp\arduino-sketch-0C8FB6A5DAE47CB1E0CC833053CE34EA/..\arduino-core-cache\core_arduino_samd_arduino_zero_nativeg16_8955ed14b5308ce541648a9c34a5144e.a(Uart.cpp.o)
                0x00005170                Uart::write(unsigned char)
 .text._ZN4Uart4readEv
                0x0000520c       0x34 C:\Users\admin\AppData\Local\Temp\arduino-sketch-0C8FB6A5DAE47CB1E0CC833053CE34EA/..\arduino-core-cache\core_arduino_samd_arduino_zero_nativeg16_8955ed14b5308ce541648a9c34a5144e.a(Uart.cpp.o)
                0x0000520c                Uart::read()
 .text.attachInterrupt
                0x00005240      0x130 C:\Users\admin\AppData\Local\Temp\arduino-sketch-0C8FB6A5DAE47CB1E0CC833053CE34EA/..\arduino-core-cache\core_arduino_samd_arduino_zero_nativeg16_8955ed14b5308ce541648a9c34a5144e.a(WInterrupts.c.o)
                0x00005240                attachInterrupt
 .text.EIC_Handler
                0x00005370       0x3c C:\Users\admin\AppData\Local\Temp\arduino-sketch-0C8FB6A5DAE47CB1E0CC833053CE34EA/..\arduino-core-cache\core_arduino_samd_arduino_zero_nativeg16_8955ed14b5308ce541648a9c34a5144e.a(WInterrupts.c.o)
                0x00005370                EIC_Handler
 .text._ZN7arduino13PluggableUSB_12getInterfaceEPh
                0x000053ac       0x28 C:\Users\admin\AppData\Local\Temp\arduino-sketch-0C8FB6A5DAE47CB1E0CC833053CE34EA/..\arduino-core-cache\core_arduino_samd_arduino_zero_nativeg16_8955ed14b5308ce541648a9c34a5144e.a(PluggableUSB.cpp.o)
                0x000053ac                arduino::PluggableUSB_::getInterface(unsigned char*)
 .text._ZN7arduino13PluggableUSB_13getDescriptorERNS_8USBSetupE
                0x000053d4       0x20 C:\Users\admin\AppData\Local\Temp\arduino-sketch-0C8FB6A5DAE47CB1E0CC833053CE34EA/..\arduino-core-cache\core_arduino_samd_arduino_zero_nativeg16_8955ed14b5308ce541648a9c34a5144e.a(PluggableUSB.cpp.o)
                0x000053d4                arduino::PluggableUSB_::getDescriptor(arduino::USBSetup&)
 .text._ZN7arduino13PluggableUSB_12getShortNameEPc
                0x000053f4       0x1e C:\Users\admin\AppData\Local\Temp\arduino-sketch-0C8FB6A5DAE47CB1E0CC833053CE34EA/..\arduino-core-cache\core_arduino_samd_arduino_zero_nativeg16_8955ed14b5308ce541648a9c34a5144e.a(PluggableUSB.cpp.o)
                0x000053f4                arduino::PluggableUSB_::getShortName(char*)
 .text._ZN7arduino13PluggableUSB_5setupERNS_8USBSetupE
                0x00005412       0x20 C:\Users\admin\AppData\Local\Temp\arduino-sketch-0C8FB6A5DAE47CB1E0CC833053CE34EA/..\arduino-core-cache\core_arduino_samd_arduino_zero_nativeg16_8955ed14b5308ce541648a9c34a5144e.a(PluggableUSB.cpp.o)
                0x00005412                arduino::PluggableUSB_::setup(arduino::USBSetup&)
 .text._ZN7arduino13PluggableUSB_4plugEPNS_18PluggableUSBModuleE
                0x00005432       0x5c C:\Users\admin\AppData\Local\Temp\arduino-sketch-0C8FB6A5DAE47CB1E0CC833053CE34EA/..\arduino-core-cache\core_arduino_samd_arduino_zero_nativeg16_8955ed14b5308ce541648a9c34a5144e.a(PluggableUSB.cpp.o)
                0x00005432                arduino::PluggableUSB_::plug(arduino::PluggableUSBModule*)
 *fill*         0x0000548e        0x2 
 .text._Z12PluggableUSBv
                0x00005490       0x24 C:\Users\admin\AppData\Local\Temp\arduino-sketch-0C8FB6A5DAE47CB1E0CC833053CE34EA/..\arduino-core-cache\core_arduino_samd_arduino_zero_nativeg16_8955ed14b5308ce541648a9c34a5144e.a(PluggableUSB.cpp.o)
                0x00005490                PluggableUSB()
 .text._ZN7arduino5Print5writeEPKhj
                0x000054b4       0x28 C:\Users\admin\AppData\Local\Temp\arduino-sketch-0C8FB6A5DAE47CB1E0CC833053CE34EA/..\arduino-core-cache\core_arduino_samd_arduino_zero_nativeg16_8955ed14b5308ce541648a9c34a5144e.a(Print.cpp.o)
                0x000054b4                arduino::Print::write(unsigned char const*, unsigned int)
 .text._ZN7arduino5Print5writeEPKc.part.2
                0x000054dc       0x1a C:\Users\admin\AppData\Local\Temp\arduino-sketch-0C8FB6A5DAE47CB1E0CC833053CE34EA/..\arduino-core-cache\core_arduino_samd_arduino_zero_nativeg16_8955ed14b5308ce541648a9c34a5144e.a(Print.cpp.o)
 .text._ZN7arduino5Print5writeEPKc
                0x000054f6       0x10 C:\Users\admin\AppData\Local\Temp\arduino-sketch-0C8FB6A5DAE47CB1E0CC833053CE34EA/..\arduino-core-cache\core_arduino_samd_arduino_zero_nativeg16_8955ed14b5308ce541648a9c34a5144e.a(Print.cpp.o)
                0x000054f6                arduino::Print::write(char const*)
 .text._ZN7arduino5Print5printEPKc
                0x00005506        0x8 C:\Users\admin\AppData\Local\Temp\arduino-sketch-0C8FB6A5DAE47CB1E0CC833053CE34EA/..\arduino-core-cache\core_arduino_samd_arduino_zero_nativeg16_8955ed14b5308ce541648a9c34a5144e.a(Print.cpp.o)
                0x00005506                arduino::Print::print(char const*)
 .text._ZN7arduino5Print5printEc
                0x0000550e        0xa C:\Users\admin\AppData\Local\Temp\arduino-sketch-0C8FB6A5DAE47CB1E0CC833053CE34EA/..\arduino-core-cache\core_arduino_samd_arduino_zero_nativeg16_8955ed14b5308ce541648a9c34a5144e.a(Print.cpp.o)
                0x0000550e                arduino::Print::print(char)
 .text._ZN7arduino5Print7printlnEv
                0x00005518       0x10 C:\Users\admin\AppData\Local\Temp\arduino-sketch-0C8FB6A5DAE47CB1E0CC833053CE34EA/..\arduino-core-cache\core_arduino_samd_arduino_zero_nativeg16_8955ed14b5308ce541648a9c34a5144e.a(Print.cpp.o)
                0x00005518                arduino::Print::println()
 .text._ZN7arduino5Print7printlnEPKc
                0x00005528       0x14 C:\Users\admin\AppData\Local\Temp\arduino-sketch-0C8FB6A5DAE47CB1E0CC833053CE34EA/..\arduino-core-cache\core_arduino_samd_arduino_zero_nativeg16_8955ed14b5308ce541648a9c34a5144e.a(Print.cpp.o)
                0x00005528                arduino::Print::println(char const*)
 .text._ZN7arduino5Print11printNumberEmh
                0x0000553c       0x48 C:\Users\admin\AppData\Local\Temp\arduino-sketch-0C8FB6A5DAE47CB1E0CC833053CE34EA/..\arduino-core-cache\core_arduino_samd_arduino_zero_nativeg16_8955ed14b5308ce541648a9c34a5144e.a(Print.cpp.o)
                0x0000553c                arduino::Print::printNumber(unsigned long, unsigned char)
 .text._ZN7arduino5Print5printEli
                0x00005584       0x3e C:\Users\admin\AppData\Local\Temp\arduino-sketch-0C8FB6A5DAE47CB1E0CC833053CE34EA/..\arduino-core-cache\core_arduino_samd_arduino_zero_nativeg16_8955ed14b5308ce541648a9c34a5144e.a(Print.cpp.o)
                0x00005584                arduino::Print::print(long, int)
 .text._ZN7arduino5Print5printEii
                0x000055c2        0x8 C:\Users\admin\AppData\Local\Temp\arduino-sketch-0C8FB6A5DAE47CB1E0CC833053CE34EA/..\arduino-core-cache\core_arduino_samd_arduino_zero_nativeg16_8955ed14b5308ce541648a9c34a5144e.a(Print.cpp.o)
                0x000055c2                arduino::Print::print(int, int)
 .text._ZN7arduino5Print5printEmi
                0x000055ca       0x18 C:\Users\admin\AppData\Local\Temp\arduino-sketch-0C8FB6A5DAE47CB1E0CC833053CE34EA/..\arduino-core-cache\core_arduino_samd_arduino_zero_nativeg16_8955ed14b5308ce541648a9c34a5144e.a(Print.cpp.o)
                0x000055ca                arduino::Print::print(unsigned long, int)
 .text._ZN7arduino5Print7printlnEhi
                0x000055e2       0x14 C:\Users\admin\AppData\Local\Temp\arduino-sketch-0C8FB6A5DAE47CB1E0CC833053CE34EA/..\arduino-core-cache\core_arduino_samd_arduino_zero_nativeg16_8955ed14b5308ce541648a9c34a5144e.a(Print.cpp.o)
                0x000055e2                arduino::Print::println(unsigned char, int)
 *fill*         0x000055f6        0x2 
 .text._ZN7arduino5Print10printFloatEdi
                0x000055f8      0x170 C:\Users\admin\AppData\Local\Temp\arduino-sketch-0C8FB6A5DAE47CB1E0CC833053CE34EA/..\arduino-core-cache\core_arduino_samd_arduino_zero_nativeg16_8955ed14b5308ce541648a9c34a5144e.a(Print.cpp.o)
                0x000055f8                arduino::Print::printFloat(double, int)
 .text._ZN7arduino5Print5printEdi
                0x00005768        0xc C:\Users\admin\AppData\Local\Temp\arduino-sketch-0C8FB6A5DAE47CB1E0CC833053CE34EA/..\arduino-core-cache\core_arduino_samd_arduino_zero_nativeg16_8955ed14b5308ce541648a9c34a5144e.a(Print.cpp.o)
                0x00005768                arduino::Print::print(double, int)
 .text.Dummy_Handler
                0x00005774        0x2 C:\Users\admin\AppData\Local\Temp\arduino-sketch-0C8FB6A5DAE47CB1E0CC833053CE34EA/..\arduino-core-cache\core_arduino_samd_arduino_zero_nativeg16_8955ed14b5308ce541648a9c34a5144e.a(cortex_handlers.c.o)
                0x00005774                DMAC_Handler
                0x00005774                HardFault_Handler
                0x00005774                AC_Handler
                0x00005774                PendSV_Handler
                0x00005774                NMI_Handler
                0x00005774                TC7_Handler
                0x00005774                SERCOM1_Handler
                0x00005774                ADC_Handler
                0x00005774                TCC1_Handler
                0x00005774                SERCOM2_Handler
                0x00005774                TCC0_Handler
                0x00005774                RTC_Handler
                0x00005774                TC6_Handler
                0x00005774                WDT_Handler
                0x00005774                TC4_Handler
                0x00005774                Dummy_Handler
                0x00005774                PM_Handler
                0x00005774                SVC_Handler
                0x00005774                TCC2_Handler
                0x00005774                EVSYS_Handler
                0x00005774                SERCOM3_Handler
                0x00005774                SERCOM4_Handler
                0x00005774                I2S_Handler
                0x00005774                NVMCTRL_Handler
                0x00005774                DAC_Handler
                0x00005774                PTC_Handler
                0x00005774                SYSCTRL_Handler
 *fill*         0x00005776        0x2 
 .text.USB_Handler
                0x00005778       0x14 C:\Users\admin\AppData\Local\Temp\arduino-sketch-0C8FB6A5DAE47CB1E0CC833053CE34EA/..\arduino-core-cache\core_arduino_samd_arduino_zero_nativeg16_8955ed14b5308ce541648a9c34a5144e.a(cortex_handlers.c.o)
                0x00005778                USB_Handler
 .text.Reset_Handler
                0x0000578c       0x54 C:\Users\admin\AppData\Local\Temp\arduino-sketch-0C8FB6A5DAE47CB1E0CC833053CE34EA/..\arduino-core-cache\core_arduino_samd_arduino_zero_nativeg16_8955ed14b5308ce541648a9c34a5144e.a(cortex_handlers.c.o)
                0x0000578c                Reset_Handler
 .text.SysTick_Handler
                0x000057e0       0x10 C:\Users\admin\AppData\Local\Temp\arduino-sketch-0C8FB6A5DAE47CB1E0CC833053CE34EA/..\arduino-core-cache\core_arduino_samd_arduino_zero_nativeg16_8955ed14b5308ce541648a9c34a5144e.a(cortex_handlers.c.o)
                0x000057e0                SysTick_Handler
 .text.USB_SetHandler
                0x000057f0        0xc C:\Users\admin\AppData\Local\Temp\arduino-sketch-0C8FB6A5DAE47CB1E0CC833053CE34EA/..\arduino-core-cache\core_arduino_samd_arduino_zero_nativeg16_8955ed14b5308ce541648a9c34a5144e.a(cortex_handlers.c.o)
                0x000057f0                USB_SetHandler
 .text.millis   0x000057fc        0xc C:\Users\admin\AppData\Local\Temp\arduino-sketch-0C8FB6A5DAE47CB1E0CC833053CE34EA/..\arduino-core-cache\core_arduino_samd_arduino_zero_nativeg16_8955ed14b5308ce541648a9c34a5144e.a(delay.c.o)
                0x000057fc                millis
 .text.micros   0x00005808       0x60 C:\Users\admin\AppData\Local\Temp\arduino-sketch-0C8FB6A5DAE47CB1E0CC833053CE34EA/..\arduino-core-cache\core_arduino_samd_arduino_zero_nativeg16_8955ed14b5308ce541648a9c34a5144e.a(delay.c.o)
                0x00005808                micros
 .text.delay    0x00005868       0x30 C:\Users\admin\AppData\Local\Temp\arduino-sketch-0C8FB6A5DAE47CB1E0CC833053CE34EA/..\arduino-core-cache\core_arduino_samd_arduino_zero_nativeg16_8955ed14b5308ce541648a9c34a5144e.a(delay.c.o)
                0x00005868                delay
 .text.SysTick_DefaultHandler
                0x00005898       0x14 C:\Users\admin\AppData\Local\Temp\arduino-sketch-0C8FB6A5DAE47CB1E0CC833053CE34EA/..\arduino-core-cache\core_arduino_samd_arduino_zero_nativeg16_8955ed14b5308ce541648a9c34a5144e.a(delay.c.o)
                0x00005898                SysTick_DefaultHandler
 .text.delayMicroseconds
                0x000058ac       0x16 C:\Users\admin\AppData\Local\Temp\arduino-sketch-0C8FB6A5DAE47CB1E0CC833053CE34EA/..\arduino-core-cache\core_arduino_samd_arduino_zero_nativeg16_8955ed14b5308ce541648a9c34a5144e.a(delay.c.o)
                0x000058ac                delayMicroseconds
 .text.__empty  0x000058c2        0x2 C:\Users\admin\AppData\Local\Temp\arduino-sketch-0C8FB6A5DAE47CB1E0CC833053CE34EA/..\arduino-core-cache\core_arduino_samd_arduino_zero_nativeg16_8955ed14b5308ce541648a9c34a5144e.a(hooks.c.o)
                0x000058c2                yield
 .text.__false  0x000058c4        0x4 C:\Users\admin\AppData\Local\Temp\arduino-sketch-0C8FB6A5DAE47CB1E0CC833053CE34EA/..\arduino-core-cache\core_arduino_samd_arduino_zero_nativeg16_8955ed14b5308ce541648a9c34a5144e.a(hooks.c.o)
                0x000058c4                sysTickHook
 .text.initVariant
                0x000058c8        0x2 C:\Users\admin\AppData\Local\Temp\arduino-sketch-0C8FB6A5DAE47CB1E0CC833053CE34EA/..\arduino-core-cache\core_arduino_samd_arduino_zero_nativeg16_8955ed14b5308ce541648a9c34a5144e.a(main.cpp.o)
                0x000058c8                initVariant
 *fill*         0x000058ca        0x2 
 .text.startup.main
                0x000058cc       0x40 C:\Users\admin\AppData\Local\Temp\arduino-sketch-0C8FB6A5DAE47CB1E0CC833053CE34EA/..\arduino-core-cache\core_arduino_samd_arduino_zero_nativeg16_8955ed14b5308ce541648a9c34a5144e.a(main.cpp.o)
                0x000058cc                main
 .text._Znwj    0x0000590c        0x8 C:\Users\admin\AppData\Local\Temp\arduino-sketch-0C8FB6A5DAE47CB1E0CC833053CE34EA/..\arduino-core-cache\core_arduino_samd_arduino_zero_nativeg16_8955ed14b5308ce541648a9c34a5144e.a(new.cpp.o)
                0x0000590c                operator new(unsigned int)
 .text._ZdlPv   0x00005914        0x8 C:\Users\admin\AppData\Local\Temp\arduino-sketch-0C8FB6A5DAE47CB1E0CC833053CE34EA/..\arduino-core-cache\core_arduino_samd_arduino_zero_nativeg16_8955ed14b5308ce541648a9c34a5144e.a(new.cpp.o)
                0x00005914                operator delete(void*)
 .text.SystemInit
                0x0000591c      0x160 C:\Users\admin\AppData\Local\Temp\arduino-sketch-0C8FB6A5DAE47CB1E0CC833053CE34EA/..\arduino-core-cache\core_arduino_samd_arduino_zero_nativeg16_8955ed14b5308ce541648a9c34a5144e.a(startup.c.o)
                0x0000591c                SystemInit
 .text.init     0x00005a7c       0xf0 C:\Users\admin\AppData\Local\Temp\arduino-sketch-0C8FB6A5DAE47CB1E0CC833053CE34EA/..\arduino-core-cache\core_arduino_samd_arduino_zero_nativeg16_8955ed14b5308ce541648a9c34a5144e.a(wiring.c.o)
                0x00005a7c                init
 .text.analogReference
                0x00005b6c       0x64 C:\Users\admin\AppData\Local\Temp\arduino-sketch-0C8FB6A5DAE47CB1E0CC833053CE34EA/..\arduino-core-cache\core_arduino_samd_arduino_zero_nativeg16_8955ed14b5308ce541648a9c34a5144e.a(wiring_analog.c.o)
                0x00005b6c                analogReference
 .text.pinMode  0x00005bd0       0x98 C:\Users\admin\AppData\Local\Temp\arduino-sketch-0C8FB6A5DAE47CB1E0CC833053CE34EA/..\arduino-core-cache\core_arduino_samd_arduino_zero_nativeg16_8955ed14b5308ce541648a9c34a5144e.a(wiring_digital.c.o)
                0x00005bd0                pinMode
 .text.digitalWrite
                0x00005c68       0x58 C:\Users\admin\AppData\Local\Temp\arduino-sketch-0C8FB6A5DAE47CB1E0CC833053CE34EA/..\arduino-core-cache\core_arduino_samd_arduino_zero_nativeg16_8955ed14b5308ce541648a9c34a5144e.a(wiring_digital.c.o)
                0x00005c68                digitalWrite
 .text.digitalRead
                0x00005cc0       0x30 C:\Users\admin\AppData\Local\Temp\arduino-sketch-0C8FB6A5DAE47CB1E0CC833053CE34EA/..\arduino-core-cache\core_arduino_samd_arduino_zero_nativeg16_8955ed14b5308ce541648a9c34a5144e.a(wiring_digital.c.o)
                0x00005cc0                digitalRead
 .text.pinPeripheral
                0x00005cf0       0xc0 C:\Users\admin\AppData\Local\Temp\arduino-sketch-0C8FB6A5DAE47CB1E0CC833053CE34EA/..\arduino-core-cache\core_arduino_samd_arduino_zero_nativeg16_8955ed14b5308ce541648a9c34a5144e.a(wiring_private.c.o)
                0x00005cf0                pinPeripheral
 .text.initiateReset
                0x00005db0       0x14 C:\Users\admin\AppData\Local\Temp\arduino-sketch-0C8FB6A5DAE47CB1E0CC833053CE34EA/..\arduino-core-cache\core_arduino_samd_arduino_zero_nativeg16_8955ed14b5308ce541648a9c34a5144e.a(Reset.cpp.o)
                0x00005db0                initiateReset
 .text.cancelReset
                0x00005dc4       0x10 C:\Users\admin\AppData\Local\Temp\arduino-sketch-0C8FB6A5DAE47CB1E0CC833053CE34EA/..\arduino-core-cache\core_arduino_samd_arduino_zero_nativeg16_8955ed14b5308ce541648a9c34a5144e.a(Reset.cpp.o)
                0x00005dc4                cancelReset
 .text.tickReset
                0x00005dd4       0x78 C:\Users\admin\AppData\Local\Temp\arduino-sketch-0C8FB6A5DAE47CB1E0CC833053CE34EA/..\arduino-core-cache\core_arduino_samd_arduino_zero_nativeg16_8955ed14b5308ce541648a9c34a5144e.a(Reset.cpp.o)
                0x00005dd4                tickReset
 .text          0x00005e4c       0x14 c:/users/admin/appdata/local/arduino15/packages/arduino/tools/arm-none-eabi-gcc/7-2017q4/bin/../lib/gcc/arm-none-eabi/7.2.1/thumb/v6-m\libgcc.a(_thumb1_case_uqi.o)
                0x00005e4c                __gnu_thumb1_case_uqi
 .text          0x00005e60       0x14 c:/users/admin/appdata/local/arduino15/packages/arduino/tools/arm-none-eabi-gcc/7-2017q4/bin/../lib/gcc/arm-none-eabi/7.2.1/thumb/v6-m\libgcc.a(_thumb1_case_shi.o)
                0x00005e60                __gnu_thumb1_case_shi
 .text          0x00005e74      0x114 c:/users/admin/appdata/local/arduino15/packages/arduino/tools/arm-none-eabi-gcc/7-2017q4/bin/../lib/gcc/arm-none-eabi/7.2.1/thumb/v6-m\libgcc.a(_udivsi3.o)
                0x00005e74                __aeabi_uidiv
                0x00005e74                __udivsi3
                0x00005f80                __aeabi_uidivmod
 .text          0x00005f88        0x4 c:/users/admin/appdata/local/arduino15/packages/arduino/tools/arm-none-eabi-gcc/7-2017q4/bin/../lib/gcc/arm-none-eabi/7.2.1/thumb/v6-m\libgcc.a(_dvmd_tls.o)
                0x00005f88                __aeabi_idiv0
                0x00005f88                __aeabi_ldiv0
 .text          0x00005f8c       0x7c c:/users/admin/appdata/local/arduino15/packages/arduino/tools/arm-none-eabi-gcc/7-2017q4/bin/../lib/gcc/arm-none-eabi/7.2.1/thumb/v6-m\libgcc.a(_arm_cmpdf2.o)
                0x00005f8c                __aeabi_cdrcmple
                0x00005f9c                __aeabi_cdcmple
                0x00005f9c                __aeabi_cdcmpeq
                0x00005fac                __aeabi_dcmpeq
                0x00005fb8                __aeabi_dcmplt
                0x00005fcc                __aeabi_dcmple
                0x00005fe0                __aeabi_dcmpgt
                0x00005ff4                __aeabi_dcmpge
 .text          0x00006008       0x48 c:/users/admin/appdata/local/arduino15/packages/arduino/tools/arm-none-eabi-gcc/7-2017q4/bin/../lib/gcc/arm-none-eabi/7.2.1/thumb/v6-m\libgcc.a(_aeabi_ldivmod.o)
                0x00006008                __aeabi_ldivmod
 .text          0x00006050       0x54 c:/users/admin/appdata/local/arduino15/packages/arduino/tools/arm-none-eabi-gcc/7-2017q4/bin/../lib/gcc/arm-none-eabi/7.2.1/thumb/v6-m\libgcc.a(_muldi3.o)
                0x00006050                __muldi3
                0x00006050                __aeabi_lmul
 .text          0x000060a4       0x3c c:/users/admin/appdata/local/arduino15/packages/arduino/tools/arm-none-eabi-gcc/7-2017q4/bin/../lib/gcc/arm-none-eabi/7.2.1/thumb/v6-m\libgcc.a(_fixunsdfsi.o)
                0x000060a4                __aeabi_d2uiz
                0x000060a4                __fixunsdfsi
 .text          0x000060e0       0x38 c:/users/admin/appdata/local/arduino15/packages/arduino/tools/arm-none-eabi-gcc/7-2017q4/bin/../lib/gcc/arm-none-eabi/7.2.1/thumb/v6-m\libgcc.a(bpabi.o)
                0x000060e0                __gnu_ldivmod_helper
 .text          0x00006118      0x334 c:/users/admin/appdata/local/arduino15/packages/arduino/tools/arm-none-eabi-gcc/7-2017q4/bin/../lib/gcc/arm-none-eabi/7.2.1/thumb/v6-m\libgcc.a(addsf3.o)
                0x00006118                __aeabi_fadd
 .text          0x0000644c      0x224 c:/users/admin/appdata/local/arduino15/packages/arduino/tools/arm-none-eabi-gcc/7-2017q4/bin/../lib/gcc/arm-none-eabi/7.2.1/thumb/v6-m\libgcc.a(divsf3.o)
                0x0000644c                __aeabi_fdiv
 .text          0x00006670      0x264 c:/users/admin/appdata/local/arduino15/packages/arduino/tools/arm-none-eabi-gcc/7-2017q4/bin/../lib/gcc/arm-none-eabi/7.2.1/thumb/v6-m\libgcc.a(mulsf3.o)
                0x00006670                __aeabi_fmul
 .text          0x000068d4      0x388 c:/users/admin/appdata/local/arduino15/packages/arduino/tools/arm-none-eabi-gcc/7-2017q4/bin/../lib/gcc/arm-none-eabi/7.2.1/thumb/v6-m\libgcc.a(subsf3.o)
                0x000068d4                __aeabi_fsub
 .text          0x00006c5c       0x94 c:/users/admin/appdata/local/arduino15/packages/arduino/tools/arm-none-eabi-gcc/7-2017q4/bin/../lib/gcc/arm-none-eabi/7.2.1/thumb/v6-m\libgcc.a(floatsisf.o)
                0x00006c5c                __aeabi_i2f
 .text          0x00006cf0       0x80 c:/users/admin/appdata/local/arduino15/packages/arduino/tools/arm-none-eabi-gcc/7-2017q4/bin/../lib/gcc/arm-none-eabi/7.2.1/thumb/v6-m\libgcc.a(floatunsisf.o)
                0x00006cf0                __aeabi_ui2f
 .text          0x00006d70      0x638 c:/users/admin/appdata/local/arduino15/packages/arduino/tools/arm-none-eabi-gcc/7-2017q4/bin/../lib/gcc/arm-none-eabi/7.2.1/thumb/v6-m\libgcc.a(adddf3.o)
                0x00006d70                __aeabi_dadd
 .text          0x000073a8      0x604 c:/users/admin/appdata/local/arduino15/packages/arduino/tools/arm-none-eabi-gcc/7-2017q4/bin/../lib/gcc/arm-none-eabi/7.2.1/thumb/v6-m\libgcc.a(divdf3.o)
                0x000073a8                __aeabi_ddiv
 .text          0x000079ac       0x78 c:/users/admin/appdata/local/arduino15/packages/arduino/tools/arm-none-eabi-gcc/7-2017q4/bin/../lib/gcc/arm-none-eabi/7.2.1/thumb/v6-m\libgcc.a(eqdf2.o)
                0x000079ac                __nedf2
                0x000079ac                __eqdf2
 .text          0x00007a24       0xc8 c:/users/admin/appdata/local/arduino15/packages/arduino/tools/arm-none-eabi-gcc/7-2017q4/bin/../lib/gcc/arm-none-eabi/7.2.1/thumb/v6-m\libgcc.a(gedf2.o)
                0x00007a24                __gedf2
                0x00007a24                __gtdf2
 .text          0x00007aec       0xd0 c:/users/admin/appdata/local/arduino15/packages/arduino/tools/arm-none-eabi-gcc/7-2017q4/bin/../lib/gcc/arm-none-eabi/7.2.1/thumb/v6-m\libgcc.a(ledf2.o)
                0x00007aec                __ledf2
                0x00007aec                __ltdf2
 .text          0x00007bbc      0x4e4 c:/users/admin/appdata/local/arduino15/packages/arduino/tools/arm-none-eabi-gcc/7-2017q4/bin/../lib/gcc/arm-none-eabi/7.2.1/thumb/v6-m\libgcc.a(muldf3.o)
                0x00007bbc                __aeabi_dmul
 .text          0x000080a0      0x690 c:/users/admin/appdata/local/arduino15/packages/arduino/tools/arm-none-eabi-gcc/7-2017q4/bin/../lib/gcc/arm-none-eabi/7.2.1/thumb/v6-m\libgcc.a(subdf3.o)
                0x000080a0                __aeabi_dsub
 .text          0x00008730       0x38 c:/users/admin/appdata/local/arduino15/packages/arduino/tools/arm-none-eabi-gcc/7-2017q4/bin/../lib/gcc/arm-none-eabi/7.2.1/thumb/v6-m\libgcc.a(unorddf2.o)
                0x00008730                __aeabi_dcmpun
 .text          0x00008768       0x6c c:/users/admin/appdata/local/arduino15/packages/arduino/tools/arm-none-eabi-gcc/7-2017q4/bin/../lib/gcc/arm-none-eabi/7.2.1/thumb/v6-m\libgcc.a(fixdfsi.o)
                0x00008768                __aeabi_d2iz
 .text          0x000087d4       0x74 c:/users/admin/appdata/local/arduino15/packages/arduino/tools/arm-none-eabi-gcc/7-2017q4/bin/../lib/gcc/arm-none-eabi/7.2.1/thumb/v6-m\libgcc.a(floatsidf.o)
                0x000087d4                __aeabi_i2d
 .text          0x00008848       0x64 c:/users/admin/appdata/local/arduino15/packages/arduino/tools/arm-none-eabi-gcc/7-2017q4/bin/../lib/gcc/arm-none-eabi/7.2.1/thumb/v6-m\libgcc.a(floatunsidf.o)
                0x00008848                __aeabi_ui2d
 .text          0x000088ac       0xa4 c:/users/admin/appdata/local/arduino15/packages/arduino/tools/arm-none-eabi-gcc/7-2017q4/bin/../lib/gcc/arm-none-eabi/7.2.1/thumb/v6-m\libgcc.a(extendsfdf2.o)
                0x000088ac                __aeabi_f2d
 .text          0x00008950      0x108 c:/users/admin/appdata/local/arduino15/packages/arduino/tools/arm-none-eabi-gcc/7-2017q4/bin/../lib/gcc/arm-none-eabi/7.2.1/thumb/v6-m\libgcc.a(truncdfsf2.o)
                0x00008950                __aeabi_d2f
 .text          0x00008a58       0x3c c:/users/admin/appdata/local/arduino15/packages/arduino/tools/arm-none-eabi-gcc/7-2017q4/bin/../lib/gcc/arm-none-eabi/7.2.1/thumb/v6-m\libgcc.a(_clzsi2.o)
                0x00008a58                __clzsi2
 .text          0x00008a94       0x18 c:/users/admin/appdata/local/arduino15/packages/arduino/tools/arm-none-eabi-gcc/7-2017q4/bin/../lib/gcc/arm-none-eabi/7.2.1/thumb/v6-m\libgcc.a(_clzdi2.o)
                0x00008a94                __clzdi2
 .text          0x00008aac      0x1b0 c:/users/admin/appdata/local/arduino15/packages/arduino/tools/arm-none-eabi-gcc/7-2017q4/bin/../lib/gcc/arm-none-eabi/7.2.1/thumb/v6-m\libgcc.a(_divdi3.o)
                0x00008aac                __divdi3
 .text.__assert_func
                0x00008c5c       0x3c c:/users/admin/appdata/local/arduino15/packages/arduino/tools/arm-none-eabi-gcc/7-2017q4/bin/../lib/gcc/arm-none-eabi/7.2.1/../../../../arm-none-eabi/lib/thumb/v6-m\libc_nano.a(lib_a-assert.o)
                0x00008c5c                __assert_func
 .text.fprintf  0x00008c98       0x20 c:/users/admin/appdata/local/arduino15/packages/arduino/tools/arm-none-eabi-gcc/7-2017q4/bin/../lib/gcc/arm-none-eabi/7.2.1/../../../../arm-none-eabi/lib/thumb/v6-m\libc_nano.a(lib_a-fprintf.o)
                0x00008c98                fiprintf
                0x00008c98                fprintf
 .text.__libc_init_array
                0x00008cb8       0x48 c:/users/admin/appdata/local/arduino15/packages/arduino/tools/arm-none-eabi-gcc/7-2017q4/bin/../lib/gcc/arm-none-eabi/7.2.1/../../../../arm-none-eabi/lib/thumb/v6-m\libc_nano.a(lib_a-init.o)
                0x00008cb8                __libc_init_array
 .text.malloc   0x00008d00       0x14 c:/users/admin/appdata/local/arduino15/packages/arduino/tools/arm-none-eabi-gcc/7-2017q4/bin/../lib/gcc/arm-none-eabi/7.2.1/../../../../arm-none-eabi/lib/thumb/v6-m\libc_nano.a(lib_a-malloc.o)
                0x00008d00                malloc
 .text.free     0x00008d14       0x14 c:/users/admin/appdata/local/arduino15/packages/arduino/tools/arm-none-eabi-gcc/7-2017q4/bin/../lib/gcc/arm-none-eabi/7.2.1/../../../../arm-none-eabi/lib/thumb/v6-m\libc_nano.a(lib_a-malloc.o)
                0x00008d14                free
 .text.memcpy   0x00008d28       0x12 c:/users/admin/appdata/local/arduino15/packages/arduino/tools/arm-none-eabi-gcc/7-2017q4/bin/../lib/gcc/arm-none-eabi/7.2.1/../../../../arm-none-eabi/lib/thumb/v6-m\libc_nano.a(lib_a-memcpy-stub.o)
                0x00008d28                memcpy
 .text.memset   0x00008d3a       0x10 c:/users/admin/appdata/local/arduino15/packages/arduino/tools/arm-none-eabi-gcc/7-2017q4/bin/../lib/gcc/arm-none-eabi/7.2.1/../../../../arm-none-eabi/lib/thumb/v6-m\libc_nano.a(lib_a-memset.o)
                0x00008d3a                memset
 *fill*         0x00008d4a        0x2 
 .text._free_r  0x00008d4c       0x94 c:/users/admin/appdata/local/arduino15/packages/arduino/tools/arm-none-eabi-gcc/7-2017q4/bin/../lib/gcc/arm-none-eabi/7.2.1/../../../../arm-none-eabi/lib/thumb/v6-m\libc_nano.a(lib_a-nano-freer.o)
                0x00008d4c                _free_r
 .text._malloc_r
                0x00008de0       0xbc c:/users/admin/appdata/local/arduino15/packages/arduino/tools/arm-none-eabi-gcc/7-2017q4/bin/../lib/gcc/arm-none-eabi/7.2.1/../../../../arm-none-eabi/lib/thumb/v6-m\libc_nano.a(lib_a-nano-mallocr.o)
                0x00008de0                _malloc_r
 .text.__sfputc_r
                0x00008e9c       0x2a c:/users/admin/appdata/local/arduino15/packages/arduino/tools/arm-none-eabi-gcc/7-2017q4/bin/../lib/gcc/arm-none-eabi/7.2.1/../../../../arm-none-eabi/lib/thumb/v6-m\libc_nano.a(lib_a-nano-vfprintf.o)
 .text.__sfputs_r
                0x00008ec6       0x24 c:/users/admin/appdata/local/arduino15/packages/arduino/tools/arm-none-eabi-gcc/7-2017q4/bin/../lib/gcc/arm-none-eabi/7.2.1/../../../../arm-none-eabi/lib/thumb/v6-m\libc_nano.a(lib_a-nano-vfprintf.o)
                0x00008ec6                __sfputs_r
 *fill*         0x00008eea        0x2 
 .text._vfprintf_r
                0x00008eec      0x22c c:/users/admin/appdata/local/arduino15/packages/arduino/tools/arm-none-eabi-gcc/7-2017q4/bin/../lib/gcc/arm-none-eabi/7.2.1/../../../../arm-none-eabi/lib/thumb/v6-m\libc_nano.a(lib_a-nano-vfprintf.o)
                0x00008eec                _vfprintf_r
                0x00008eec                _vfiprintf_r
 .text._printf_common
                0x00009118       0xda c:/users/admin/appdata/local/arduino15/packages/arduino/tools/arm-none-eabi-gcc/7-2017q4/bin/../lib/gcc/arm-none-eabi/7.2.1/../../../../arm-none-eabi/lib/thumb/v6-m\libc_nano.a(lib_a-nano-vfprintf_i.o)
                0x00009118                _printf_common
 *fill*         0x000091f2        0x2 
 .text._printf_i
                0x000091f4      0x210 c:/users/admin/appdata/local/arduino15/packages/arduino/tools/arm-none-eabi-gcc/7-2017q4/bin/../lib/gcc/arm-none-eabi/7.2.1/../../../../arm-none-eabi/lib/thumb/v6-m\libc_nano.a(lib_a-nano-vfprintf_i.o)
                0x000091f4                _printf_i
 .text._sbrk_r  0x00009404       0x24 c:/users/admin/appdata/local/arduino15/packages/arduino/tools/arm-none-eabi-gcc/7-2017q4/bin/../lib/gcc/arm-none-eabi/7.2.1/../../../../arm-none-eabi/lib/thumb/v6-m\libc_nano.a(lib_a-sbrkr.o)
                0x00009404                _sbrk_r
 .text          0x00009428        0xe c:/users/admin/appdata/local/arduino15/packages/arduino/tools/arm-none-eabi-gcc/7-2017q4/bin/../lib/gcc/arm-none-eabi/7.2.1/../../../../arm-none-eabi/lib/thumb/v6-m\libc_nano.a(lib_a-strlen.o)
                0x00009428                strlen
 *fill*         0x00009436        0x2 
 .text.__swbuf_r
                0x00009438       0xac c:/users/admin/appdata/local/arduino15/packages/arduino/tools/arm-none-eabi-gcc/7-2017q4/bin/../lib/gcc/arm-none-eabi/7.2.1/../../../../arm-none-eabi/lib/thumb/v6-m\libc_nano.a(lib_a-wbuf.o)
                0x00009438                __swbuf_r
 .text.__swsetup_r
                0x000094e4       0xec c:/users/admin/appdata/local/arduino15/packages/arduino/tools/arm-none-eabi-gcc/7-2017q4/bin/../lib/gcc/arm-none-eabi/7.2.1/../../../../arm-none-eabi/lib/thumb/v6-m\libc_nano.a(lib_a-wsetup.o)
                0x000094e4                __swsetup_r
 .text.abort    0x000095d0        0xe c:/users/admin/appdata/local/arduino15/packages/arduino/tools/arm-none-eabi-gcc/7-2017q4/bin/../lib/gcc/arm-none-eabi/7.2.1/../../../../arm-none-eabi/lib/thumb/v6-m\libc_nano.a(lib_a-abort.o)
                0x000095d0                abort
 *fill*         0x000095de        0x2 
 .text.__sflush_r
                0x000095e0      0x114 c:/users/admin/appdata/local/arduino15/packages/arduino/tools/arm-none-eabi-gcc/7-2017q4/bin/../lib/gcc/arm-none-eabi/7.2.1/../../../../arm-none-eabi/lib/thumb/v6-m\libc_nano.a(lib_a-fflush.o)
                0x000095e0                __sflush_r
 .text._fflush_r
                0x000096f4       0x58 c:/users/admin/appdata/local/arduino15/packages/arduino/tools/arm-none-eabi-gcc/7-2017q4/bin/../lib/gcc/arm-none-eabi/7.2.1/../../../../arm-none-eabi/lib/thumb/v6-m\libc_nano.a(lib_a-fflush.o)
                0x000096f4                _fflush_r
 .text.std      0x0000974c       0x48 c:/users/admin/appdata/local/arduino15/packages/arduino/tools/arm-none-eabi-gcc/7-2017q4/bin/../lib/gcc/arm-none-eabi/7.2.1/../../../../arm-none-eabi/lib/thumb/v6-m\libc_nano.a(lib_a-findfp.o)
 .text._cleanup_r
                0x00009794       0x10 c:/users/admin/appdata/local/arduino15/packages/arduino/tools/arm-none-eabi-gcc/7-2017q4/bin/../lib/gcc/arm-none-eabi/7.2.1/../../../../arm-none-eabi/lib/thumb/v6-m\libc_nano.a(lib_a-findfp.o)
                0x00009794                _cleanup_r
 .text.__sfmoreglue
                0x000097a4       0x2c c:/users/admin/appdata/local/arduino15/packages/arduino/tools/arm-none-eabi-gcc/7-2017q4/bin/../lib/gcc/arm-none-eabi/7.2.1/../../../../arm-none-eabi/lib/thumb/v6-m\libc_nano.a(lib_a-findfp.o)
                0x000097a4                __sfmoreglue
 .text.__sinit  0x000097d0       0x68 c:/users/admin/appdata/local/arduino15/packages/arduino/tools/arm-none-eabi-gcc/7-2017q4/bin/../lib/gcc/arm-none-eabi/7.2.1/../../../../arm-none-eabi/lib/thumb/v6-m\libc_nano.a(lib_a-findfp.o)
                0x000097d0                __sinit
 .text.__sfp    0x00009838       0x7c c:/users/admin/appdata/local/arduino15/packages/arduino/tools/arm-none-eabi-gcc/7-2017q4/bin/../lib/gcc/arm-none-eabi/7.2.1/../../../../arm-none-eabi/lib/thumb/v6-m\libc_nano.a(lib_a-findfp.o)
                0x00009838                __sfp
 .text._fwalk_reent
                0x000098b4       0x42 c:/users/admin/appdata/local/arduino15/packages/arduino/tools/arm-none-eabi-gcc/7-2017q4/bin/../lib/gcc/arm-none-eabi/7.2.1/../../../../arm-none-eabi/lib/thumb/v6-m\libc_nano.a(lib_a-fwalk.o)
                0x000098b4                _fwalk_reent
 *fill*         0x000098f6        0x2 
 .text.__swhatbuf_r
                0x000098f8       0x50 c:/users/admin/appdata/local/arduino15/packages/arduino/tools/arm-none-eabi-gcc/7-2017q4/bin/../lib/gcc/arm-none-eabi/7.2.1/../../../../arm-none-eabi/lib/thumb/v6-m\libc_nano.a(lib_a-makebuf.o)
                0x000098f8                __swhatbuf_r
 .text.__smakebuf_r
                0x00009948       0x88 c:/users/admin/appdata/local/arduino15/packages/arduino/tools/arm-none-eabi-gcc/7-2017q4/bin/../lib/gcc/arm-none-eabi/7.2.1/../../../../arm-none-eabi/lib/thumb/v6-m\libc_nano.a(lib_a-makebuf.o)
                0x00009948                __smakebuf_r
 .text.memchr   0x000099d0       0x16 c:/users/admin/appdata/local/arduino15/packages/arduino/tools/arm-none-eabi-gcc/7-2017q4/bin/../lib/gcc/arm-none-eabi/7.2.1/../../../../arm-none-eabi/lib/thumb/v6-m\libc_nano.a(lib_a-memchr-stub.o)
                0x000099d0                memchr
 .text.__malloc_lock
                0x000099e6        0x2 c:/users/admin/appdata/local/arduino15/packages/arduino/tools/arm-none-eabi-gcc/7-2017q4/bin/../lib/gcc/arm-none-eabi/7.2.1/../../../../arm-none-eabi/lib/thumb/v6-m\libc_nano.a(lib_a-mlock.o)
                0x000099e6                __malloc_lock
 .text.__malloc_unlock
                0x000099e8        0x2 c:/users/admin/appdata/local/arduino15/packages/arduino/tools/arm-none-eabi-gcc/7-2017q4/bin/../lib/gcc/arm-none-eabi/7.2.1/../../../../arm-none-eabi/lib/thumb/v6-m\libc_nano.a(lib_a-mlock.o)
                0x000099e8                __malloc_unlock
 .text._raise_r
                0x000099ea       0x54 c:/users/admin/appdata/local/arduino15/packages/arduino/tools/arm-none-eabi-gcc/7-2017q4/bin/../lib/gcc/arm-none-eabi/7.2.1/../../../../arm-none-eabi/lib/thumb/v6-m\libc_nano.a(lib_a-signal.o)
                0x000099ea                _raise_r
 *fill*         0x00009a3e        0x2 
 .text.raise    0x00009a40       0x14 c:/users/admin/appdata/local/arduino15/packages/arduino/tools/arm-none-eabi-gcc/7-2017q4/bin/../lib/gcc/arm-none-eabi/7.2.1/../../../../arm-none-eabi/lib/thumb/v6-m\libc_nano.a(lib_a-signal.o)
                0x00009a40                raise
 .text._kill_r  0x00009a54       0x24 c:/users/admin/appdata/local/arduino15/packages/arduino/tools/arm-none-eabi-gcc/7-2017q4/bin/../lib/gcc/arm-none-eabi/7.2.1/../../../../arm-none-eabi/lib/thumb/v6-m\libc_nano.a(lib_a-signalr.o)
                0x00009a54                _kill_r
 .text._getpid_r
                0x00009a78        0x8 c:/users/admin/appdata/local/arduino15/packages/arduino/tools/arm-none-eabi-gcc/7-2017q4/bin/../lib/gcc/arm-none-eabi/7.2.1/../../../../arm-none-eabi/lib/thumb/v6-m\libc_nano.a(lib_a-signalr.o)
                0x00009a78                _getpid_r
 .text.__sread  0x00009a80       0x28 c:/users/admin/appdata/local/arduino15/packages/arduino/tools/arm-none-eabi-gcc/7-2017q4/bin/../lib/gcc/arm-none-eabi/7.2.1/../../../../arm-none-eabi/lib/thumb/v6-m\libc_nano.a(lib_a-stdio.o)
                0x00009a80                __sread
 .text.__swrite
                0x00009aa8       0x38 c:/users/admin/appdata/local/arduino15/packages/arduino/tools/arm-none-eabi-gcc/7-2017q4/bin/../lib/gcc/arm-none-eabi/7.2.1/../../../../arm-none-eabi/lib/thumb/v6-m\libc_nano.a(lib_a-stdio.o)
                0x00009aa8                __swrite
 .text.__sseek  0x00009ae0       0x2c c:/users/admin/appdata/local/arduino15/packages/arduino/tools/arm-none-eabi-gcc/7-2017q4/bin/../lib/gcc/arm-none-eabi/7.2.1/../../../../arm-none-eabi/lib/thumb/v6-m\libc_nano.a(lib_a-stdio.o)
                0x00009ae0                __sseek
 .text.__sclose
                0x00009b0c        0xc c:/users/admin/appdata/local/arduino15/packages/arduino/tools/arm-none-eabi-gcc/7-2017q4/bin/../lib/gcc/arm-none-eabi/7.2.1/../../../../arm-none-eabi/lib/thumb/v6-m\libc_nano.a(lib_a-stdio.o)
                0x00009b0c                __sclose
 .text._write_r
                0x00009b18       0x28 c:/users/admin/appdata/local/arduino15/packages/arduino/tools/arm-none-eabi-gcc/7-2017q4/bin/../lib/gcc/arm-none-eabi/7.2.1/../../../../arm-none-eabi/lib/thumb/v6-m\libc_nano.a(lib_a-writer.o)
                0x00009b18                _write_r
 .text._close_r
                0x00009b40       0x24 c:/users/admin/appdata/local/arduino15/packages/arduino/tools/arm-none-eabi-gcc/7-2017q4/bin/../lib/gcc/arm-none-eabi/7.2.1/../../../../arm-none-eabi/lib/thumb/v6-m\libc_nano.a(lib_a-closer.o)
                0x00009b40                _close_r
 .text._fstat_r
                0x00009b64       0x24 c:/users/admin/appdata/local/arduino15/packages/arduino/tools/arm-none-eabi-gcc/7-2017q4/bin/../lib/gcc/arm-none-eabi/7.2.1/../../../../arm-none-eabi/lib/thumb/v6-m\libc_nano.a(lib_a-fstatr.o)
                0x00009b64                _fstat_r
 .text._isatty_r
                0x00009b88       0x24 c:/users/admin/appdata/local/arduino15/packages/arduino/tools/arm-none-eabi-gcc/7-2017q4/bin/../lib/gcc/arm-none-eabi/7.2.1/../../../../arm-none-eabi/lib/thumb/v6-m\libc_nano.a(lib_a-isattyr.o)
                0x00009b88                _isatty_r
 .text._lseek_r