Archive member included to satisfy reference by file (symbol)

C:\Users\admin\AppData\Local\Temp\arduino-sketch-0C8FB6A5DAE47CB1E0CC833053CE34EA/..\arduino-core-cache\core_arduino_samd_arduino_zero_nativeg16_8955ed14b5308ce541648a9c34a5144e.a(SERCOM.cpp.o)
                              C:\Users\admin\AppData\Local\Temp\arduino-sketch-0C8FB6A5DAE47CB1E0CC833053CE34EA\core\variant.cpp.o (SERCOM::SERCOM(Sercom*))
C:\Users\admin\AppData\Local\Temp\arduino-sketch-0C8FB6A5DAE47CB1E0CC833053CE34EA/..\arduino-core-cache\core_arduino_samd_arduino_zero_nativeg16_8955ed14b5308ce541648a9c34a5144e.a(CDC.cpp.o)
                              C:\Users\admin\AppData\Local\Temp\arduino-sketch-0C8FB6A5DAE47CB1E0CC833053CE34EA\sketch\ESR_+cap_meter.ino.cpp.o (Serial_::begin(unsigned long))
C:\Users\admin\AppData\Local\Temp\arduino-sketch-0C8FB6A5DAE47CB1E0CC833053CE34EA/..\arduino-core-cache\core_arduino_samd_arduino_zero_nativeg16_8955ed14b5308ce541648a9c34a5144e.a(USBCore.cpp.o)
                              C:\Users\admin\AppData\Local\Temp\arduino-sketch-0C8FB6A5DAE47CB1E0CC833053CE34EA/..\arduino-core-cache\core_arduino_samd_arduino_zero_nativeg16_8955ed14b5308ce541648a9c34a5144e.a(CDC.cpp.o) (usbd)
C:\Users\admin\AppData\Local\Temp\arduino-sketch-0C8FB6A5DAE47CB1E0CC833053CE34EA/..\arduino-core-cache\core_arduino_samd_arduino_zero_nativeg16_8955ed14b5308ce541648a9c34a5144e.a(Uart.cpp.o)
                              C:\Users\admin\AppData\Local\Temp\arduino-sketch-0C8FB6A5DAE47CB1E0CC833053CE34EA\core\variant.cpp.o (Uart::Uart(SERCOM*, unsigned char, unsigned char, SercomRXPad, SercomUartTXPad))
C:\Users\admin\AppData\Local\Temp\arduino-sketch-0C8FB6A5DAE47CB1E0CC833053CE34EA/..\arduino-core-cache\core_arduino_samd_arduino_zero_nativeg16_8955ed14b5308ce541648a9c34a5144e.a(WInterrupts.c.o)
                              C:\Users\admin\AppData\Local\Temp\arduino-sketch-0C8FB6A5DAE47CB1E0CC833053CE34EA\sketch\ESR_+cap_meter.ino.cpp.o (attachInterrupt)
C:\Users\admin\AppData\Local\Temp\arduino-sketch-0C8FB6A5DAE47CB1E0CC833053CE34EA/..\arduino-core-cache\core_arduino_samd_arduino_zero_nativeg16_8955ed14b5308ce541648a9c34a5144e.a(PluggableUSB.cpp.o)
                              C:\Users\admin\AppData\Local\Temp\arduino-sketch-0C8FB6A5DAE47CB1E0CC833053CE34EA/..\arduino-core-cache\core_arduino_samd_arduino_zero_nativeg16_8955ed14b5308ce541648a9c34a5144e.a(USBCore.cpp.o) (arduino::PluggableUSB_::getInterface(unsigned char*))
C:\Users\admin\AppData\Local\Temp\arduino-sketch-0C8FB6A5DAE47CB1E0CC833053CE34EA/..\arduino-core-cache\core_arduino_samd_arduino_zero_nativeg16_8955ed14b5308ce541648a9c34a5144e.a(Print.cpp.o)
                              C:\Users\admin\AppData\Local\Temp\arduino-sketch-0C8FB6A5DAE47CB1E0CC833053CE34EA\libraries\LiquidCrystal\LiquidCrystal.cpp.o (arduino::Print::write(unsigned char const*, unsigned int))
C:\Users\admin\AppData\Local\Temp\arduino-sketch-0C8FB6A5DAE47CB1E0CC833053CE34EA/..\arduino-core-cache\core_arduino_samd_arduino_zero_nativeg16_8955ed14b5308ce541648a9c34a5144e.a(cortex_handlers.c.o)
                              (Reset_Handler)
C:\Users\admin\AppData\Local\Temp\arduino-sketch-0C8FB6A5DAE47CB1E0CC833053CE34EA/..\arduino-core-cache\core_arduino_samd_arduino_zero_nativeg16_8955ed14b5308ce541648a9c34a5144e.a(delay.c.o)
                              C:\Users\admin\AppData\Local\Temp\arduino-sketch-0C8FB6A5DAE47CB1E0CC833053CE34EA\sketch\ESR_+cap_meter.ino.cpp.o (millis)
C:\Users\admin\AppData\Local\Temp\arduino-sketch-0C8FB6A5DAE47CB1E0CC833053CE34EA/..\arduino-core-cache\core_arduino_samd_arduino_zero_nativeg16_8955ed14b5308ce541648a9c34a5144e.a(hooks.c.o)
                              C:\Users\admin\AppData\Local\Temp\arduino-sketch-0C8FB6A5DAE47CB1E0CC833053CE34EA/..\arduino-core-cache\core_arduino_samd_arduino_zero_nativeg16_8955ed14b5308ce541648a9c34a5144e.a(delay.c.o) (yield)
C:\Users\admin\AppData\Local\Temp\arduino-sketch-0C8FB6A5DAE47CB1E0CC833053CE34EA/..\arduino-core-cache\core_arduino_samd_arduino_zero_nativeg16_8955ed14b5308ce541648a9c34a5144e.a(main.cpp.o)
                              c:/users/admin/appdata/local/arduino15/packages/arduino/tools/arm-none-eabi-gcc/7-2017q4/bin/../lib/gcc/arm-none-eabi/7.2.1/../../../../arm-none-eabi/lib/thumb/v6-m/crt0.o (main)
C:\Users\admin\AppData\Local\Temp\arduino-sketch-0C8FB6A5DAE47CB1E0CC833053CE34EA/..\arduino-core-cache\core_arduino_samd_arduino_zero_nativeg16_8955ed14b5308ce541648a9c34a5144e.a(new.cpp.o)
                              C:\Users\admin\AppData\Local\Temp\arduino-sketch-0C8FB6A5DAE47CB1E0CC833053CE34EA/..\arduino-core-cache\core_arduino_samd_arduino_zero_nativeg16_8955ed14b5308ce541648a9c34a5144e.a(USBCore.cpp.o) (operator new(unsigned int))
C:\Users\admin\AppData\Local\Temp\arduino-sketch-0C8FB6A5DAE47CB1E0CC833053CE34EA/..\arduino-core-cache\core_arduino_samd_arduino_zero_nativeg16_8955ed14b5308ce541648a9c34a5144e.a(startup.c.o)
[...]
Memory Configuration

Name             Origin             Length             Attributes
FLASH            0x00002000         0x0000e000         xr
RAM              0x20000000         0x00002000         xrw
*default*        0x00000000         0xffffffff

Linker script and memory map

LOAD c:/users/admin/appdata/local/arduino15/packages/arduino/tools/arm-none-eabi-gcc/7-2017q4/bin/../lib/gcc/arm-none-eabi/7.2.1/thumb/v6-m/crti.o
LOAD c:/users/admin/appdata/local/arduino15/packages/arduino/tools/arm-none-eabi-gcc/7-2017q4/bin/../lib/gcc/arm-none-eabi/7.2.1/thumb/v6-m/crtbegin.o
LOAD c:/users/admin/appdata/local/arduino15/packages/arduino/tools/arm-none-eabi-gcc/7-2017q4/bin/../lib/gcc/arm-none-eabi/7.2.1/../../../../arm-none-eabi/lib/thumb/v6-m/crt0.o
LOAD C:\Users\admin\AppData\Local\Temp\arduino-sketch-0C8FB6A5DAE47CB1E0CC833053CE34EA\sketch\ADC.cpp.o
LOAD C:\Users\admin\AppData\Local\Temp\arduino-sketch-0C8FB6A5DAE47CB1E0CC833053CE34EA\sketch\ESR_+cap_meter.ino.cpp.o
LOAD C:\Users\admin\AppData\Local\Temp\arduino-sketch-0C8FB6A5DAE47CB1E0CC833053CE34EA\sketch\display.cpp.o
LOAD C:\Users\admin\AppData\Local\Temp\arduino-sketch-0C8FB6A5DAE47CB1E0CC833053CE34EA\sketch\esrCap.cpp.o
LOAD C:\Users\admin\AppData\Local\Temp\arduino-sketch-0C8FB6A5DAE47CB1E0CC833053CE34EA\libraries\LiquidCrystal\LiquidCrystal.cpp.o
LOAD C:\Users\admin\AppData\Local\Temp\arduino-sketch-0C8FB6A5DAE47CB1E0CC833053CE34EA\core\variant.cpp.o
START GROUP
LOAD C:\Users\admin\AppData\Local\Arduino15\packages\arduino\tools\CMSIS\4.5.0/CMSIS/Lib/GCC/\libarm_cortexM0l_math.a
LOAD C:\Users\admin\AppData\Local\Temp\arduino-sketch-0C8FB6A5DAE47CB1E0CC833053CE34EA/..\arduino-core-cache\core_arduino_samd_arduino_zero_nativeg16_8955ed14b5308ce541648a9c34a5144e.a
END GROUP
LOAD c:/users/admin/appdata/local/arduino15/packages/arduino/tools/arm-none-eabi-gcc/7-2017q4/bin/../lib/gcc/arm-none-eabi/7.2.1/../../../../arm-none-eabi/lib/thumb/v6-m\libstdc++_nano.a
LOAD c:/users/admin/appdata/local/arduino15/packages/arduino/tools/arm-none-eabi-gcc/7-2017q4/bin/../lib/gcc/arm-none-eabi/7.2.1/../../../../arm-none-eabi/lib/thumb/v6-m\libm.a
START GROUP
LOAD c:/users/admin/appdata/local/arduino15/packages/arduino/tools/arm-none-eabi-gcc/7-2017q4/bin/../lib/gcc/arm-none-eabi/7.2.1/thumb/v6-m\libgcc.a
LOAD c:/users/admin/appdata/local/arduino15/packages/arduino/tools/arm-none-eabi-gcc/7-2017q4/bin/../lib/gcc/arm-none-eabi/7.2.1/../../../../arm-none-eabi/lib/thumb/v6-m\libc_nano.a
END GROUP
START GROUP
LOAD c:/users/admin/appdata/local/arduino15/packages/arduino/tools/arm-none-eabi-gcc/7-2017q4/bin/../lib/gcc/arm-none-eabi/7.2.1/thumb/v6-m\libgcc.a
LOAD c:/users/admin/appdata/local/arduino15/packages/arduino/tools/arm-none-eabi-gcc/7-2017q4/bin/../lib/gcc/arm-none-eabi/7.2.1/../../../../arm-none-eabi/lib/thumb/v6-m\libc_nano.a
LOAD c:/users/admin/appdata/local/arduino15/packages/arduino/tools/arm-none-eabi-gcc/7-2017q4/bin/../lib/gcc/arm-none-eabi/7.2.1/../../../../arm-none-eabi/lib/thumb/v6-m\libnosys.a
END GROUP
START GROUP
LOAD c:/users/admin/appdata/local/arduino15/packages/arduino/tools/arm-none-eabi-gcc/7-2017q4/bin/../lib/gcc/arm-none-eabi/7.2.1/thumb/v6-m\libgcc.a
LOAD c:/users/admin/appdata/local/arduino15/packages/arduino/tools/arm-none-eabi-gcc/7-2017q4/bin/../lib/gcc/arm-none-eabi/7.2.1/../../../../arm-none-eabi/lib/thumb/v6-m\libc_nano.a
LOAD c:/users/admin/appdata/local/arduino15/packages/arduino/tools/arm-none-eabi-gcc/7-2017q4/bin/../lib/gcc/arm-none-eabi/7.2.1/../../../../arm-none-eabi/lib/thumb/v6-m\libnosys.a
END GROUP
LOAD c:/users/admin/appdata/local/arduino15/packages/arduino/tools/arm-none-eabi-gcc/7-2017q4/bin/../lib/gcc/arm-none-eabi/7.2.1/thumb/v6-m/crtend.o
LOAD c:/users/admin/appdata/local/arduino15/packages/arduino/tools/arm-none-eabi-gcc/7-2017q4/bin/../lib/gcc/arm-none-eabi/7.2.1/thumb/v6-m/crtn.o

.text           0x00002000     0x7b40
                0x00002000                __text_start__ = .
 *(.sketch_boot)
                0x00002000                . = ALIGN (0x2000)
 *(.isr_vector)
 .isr_vector    0x00002000       0xb4 C:\Users\admin\AppData\Local\Temp\arduino-sketch-0C8FB6A5DAE47CB1E0CC833053CE34EA/..\arduino-core-cache\core_arduino_samd_arduino_zero_nativeg16_8955ed14b5308ce541648a9c34a5144e.a(cortex_handlers.c.o)
                0x00002000                exception_table
 *(.text*)
 .text          0x000020b4       0x48 c:/users/admin/appdata/local/arduino15/packages/arduino/tools/arm-none-eabi-gcc/7-2017q4/bin/../lib/gcc/arm-none-eabi/7.2.1/thumb/v6-m/crtbegin.o
 .text._ZL7syncadcv
                0x000020fc       0x10 C:\Users\admin\AppData\Local\Temp\arduino-sketch-0C8FB6A5DAE47CB1E0CC833053CE34EA\sketch\ADC.cpp.o
 .text._ZL8s_samplev
                0x0000210c       0x2c C:\Users\admin\AppData\Local\Temp\arduino-sketch-0C8FB6A5DAE47CB1E0CC833053CE34EA\sketch\ADC.cpp.o
 .text._ZN3adc6LogRowC2Ev
                0x00002138      0x138 C:\Users\admin\AppData\Local\Temp\arduino-sketch-0C8FB6A5DAE47CB1E0CC833053CE34EA\sketch\ADC.cpp.o
                0x00002138                adc::LogRow::LogRow()
                0x00002138                adc::LogRow::LogRow()
 .text._ZN3adc8startAdcEv
                0x00002270       0x34 C:\Users\admin\AppData\Local\Temp\arduino-sketch-0C8FB6A5DAE47CB1E0CC833053CE34EA\sketch\ADC.cpp.o
                0x00002270                adc::startAdc()
 .text._ZN3adc7setGainENS_4GainE
                0x000022a4       0x54 C:\Users\admin\AppData\Local\Temp\arduino-sketch-0C8FB6A5DAE47CB1E0CC833053CE34EA\sketch\ADC.cpp.o
                0x000022a4                adc::setGain(adc::Gain)
 .text._ZN3adc6sampleENS_7ChannelEbb
                0x000022f8      0x128 C:\Users\admin\AppData\Local\Temp\arduino-sketch-0C8FB6A5DAE47CB1E0CC833053CE34EA\sketch\ADC.cpp.o
                0x000022f8                adc::sample(adc::Channel, bool, bool)
 .text._ZN3adc12getVolts_fpdEt
                0x00002420       0x54 C:\Users\admin\AppData\Local\Temp\arduino-sketch-0C8FB6A5DAE47CB1E0CC833053CE34EA\sketch\ADC.cpp.o
                0x00002420                adc::getVolts_fpd(unsigned short)
 .text._ZN3adc8getVoltsEt
                0x00002474       0x1c C:\Users\admin\AppData\Local\Temp\arduino-sketch-0C8FB6A5DAE47CB1E0CC833053CE34EA\sketch\ADC.cpp.o
                0x00002474                adc::getVolts(unsigned short)
 .text._ZN3adc7getTempEt
                0x00002490       0x44 C:\Users\admin\AppData\Local\Temp\arduino-sketch-0C8FB6A5DAE47CB1E0CC833053CE34EA\sketch\ADC.cpp.o
                0x00002490                adc::getTemp(unsigned short)
 .text._ZN3adc9calibrateEtb
                0x000024d4       0xdc C:\Users\admin\AppData\Local\Temp\arduino-sketch-0C8FB6A5DAE47CB1E0CC833053CE34EA\sketch\ADC.cpp.o
                0x000024d4                adc::calibrate(unsigned short, bool)
 .text._ZN3adc9getSupplyEb
                0x000025b0       0x34 C:\Users\admin\AppData\Local\Temp\arduino-sketch-0C8FB6A5DAE47CB1E0CC833053CE34EA\sketch\ADC.cpp.o
                0x000025b0                adc::getSupply(bool)
 .text._ZN3adc4initEht
                0x000025e4      0x1c4 C:\Users\admin\AppData\Local\Temp\arduino-sketch-0C8FB6A5DAE47CB1E0CC833053CE34EA\sketch\ADC.cpp.o
                0x000025e4                adc::init(unsigned char, unsigned short)
 .text.startup._GLOBAL__sub_I__ZN3adc7calDataE
                0x000027a8       0x44 C:\Users\admin\AppData\Local\Temp\arduino-sketch-0C8FB6A5DAE47CB1E0CC833053CE34EA\sketch\ADC.cpp.o
 .text._Z6btnISRv
                0x000027ec       0x40 C:\Users\admin\AppData\Local\Temp\arduino-sketch-0C8FB6A5DAE47CB1E0CC833053CE34EA\sketch\ESR_+cap_meter.ino.cpp.o
                0x000027ec                btnISR()
 .text.loop     0x0000282c      0x164 C:\Users\admin\AppData\Local\Temp\arduino-sketch-0C8FB6A5DAE47CB1E0CC833053CE34EA\sketch\ESR_+cap_meter.ino.cpp.o
                0x0000282c                loop
 .text._Z6setrgbhhh
                0x00002990       0x20 C:\Users\admin\AppData\Local\Temp\arduino-sketch-0C8FB6A5DAE47CB1E0CC833053CE34EA\sketch\ESR_+cap_meter.ino.cpp.o
                0x00002990                setrgb(unsigned char, unsigned char, unsigned char)
 .text.setup    0x000029b0      0x1a8 C:\Users\admin\AppData\Local\Temp\arduino-sketch-0C8FB6A5DAE47CB1E0CC833053CE34EA\sketch\ESR_+cap_meter.ino.cpp.o
                0x000029b0                setup
 .text._ZN4disp4initEv
                0x00002b58       0x14 C:\Users\admin\AppData\Local\Temp\arduino-sketch-0C8FB6A5DAE47CB1E0CC833053CE34EA\sketch\display.cpp.o
                0x00002b58                disp::init()
 .text.startup._GLOBAL__sub_I__ZN4disp3lcdE
                0x00002b6c       0x28 C:\Users\admin\AppData\Local\Temp\arduino-sketch-0C8FB6A5DAE47CB1E0CC833053CE34EA\sketch\display.cpp.o
 .text._ZN7arduino5Print17availableForWriteEv
                0x00002b94        0x4 C:\Users\admin\AppData\Local\Temp\arduino-sketch-0C8FB6A5DAE47CB1E0CC833053CE34EA\libraries\LiquidCrystal\LiquidCrystal.cpp.o
                0x00002b94                arduino::Print::availableForWrite()
 .text._ZN7arduino5Print5flushEv
                0x00002b98        0x2 C:\Users\admin\AppData\Local\Temp\arduino-sketch-0C8FB6A5DAE47CB1E0CC833053CE34EA\libraries\LiquidCrystal\LiquidCrystal.cpp.o
                0x00002b98                arduino::Print::flush()
 .text._ZN13LiquidCrystal11pulseEnableEv
                0x00002b9a       0x30 C:\Users\admin\AppData\Local\Temp\arduino-sketch-0C8FB6A5DAE47CB1E0CC833053CE34EA\libraries\LiquidCrystal\LiquidCrystal.cpp.o
                0x00002b9a                LiquidCrystal::pulseEnable()
 .text._ZN13LiquidCrystal10write4bitsEh
                0x00002bca       0x26 C:\Users\admin\AppData\Local\Temp\arduino-sketch-0C8FB6A5DAE47CB1E0CC833053CE34EA\libraries\LiquidCrystal\LiquidCrystal.cpp.o
                0x00002bca                LiquidCrystal::write4bits(unsigned char)
 .text._ZN13LiquidCrystal10write8bitsEh
                0x00002bf0       0x26 C:\Users\admin\AppData\Local\Temp\arduino-sketch-0C8FB6A5DAE47CB1E0CC833053CE34EA\libraries\LiquidCrystal\LiquidCrystal.cpp.o
                0x00002bf0                LiquidCrystal::write8bits(unsigned char)
 .text._ZN13LiquidCrystal4sendEhh
                0x00002c16       0x3c C:\Users\admin\AppData\Local\Temp\arduino-sketch-0C8FB6A5DAE47CB1E0CC833053CE34EA\libraries\LiquidCrystal\LiquidCrystal.cpp.o
                0x00002c16                LiquidCrystal::send(unsigned char, unsigned char)
 .text._ZN13LiquidCrystal5writeEh
                0x00002c52        0xc C:\Users\admin\AppData\Local\Temp\arduino-sketch-0C8FB6A5DAE47CB1E0CC833053CE34EA\libraries\LiquidCrystal\LiquidCrystal.cpp.o
                0x00002c52                LiquidCrystal::write(unsigned char)
 .text._ZN13LiquidCrystal7commandEh
                0x00002c5e        0xa C:\Users\admin\AppData\Local\Temp\arduino-sketch-0C8FB6A5DAE47CB1E0CC833053CE34EA\libraries\LiquidCrystal\LiquidCrystal.cpp.o
                0x00002c5e                LiquidCrystal::command(unsigned char)
 .text._ZN13LiquidCrystal5clearEv
                0x00002c68       0x12 C:\Users\admin\AppData\Local\Temp\arduino-sketch-0C8FB6A5DAE47CB1E0CC833053CE34EA\libraries\LiquidCrystal\LiquidCrystal.cpp.o
                0x00002c68                LiquidCrystal::clear()
 .text._ZN13LiquidCrystal9setCursorEhh
                0x00002c7a       0x2a C:\Users\admin\AppData\Local\Temp\arduino-sketch-0C8FB6A5DAE47CB1E0CC833053CE34EA\libraries\LiquidCrystal\LiquidCrystal.cpp.o
                0x00002c7a                LiquidCrystal::setCursor(unsigned char, unsigned char)
 .text._ZN13LiquidCrystal7displayEv
                0x00002ca4       0x14 C:\Users\admin\AppData\Local\Temp\arduino-sketch-0C8FB6A5DAE47CB1E0CC833053CE34EA\libraries\LiquidCrystal\LiquidCrystal.cpp.o
                0x00002ca4                LiquidCrystal::display()
 .text._ZN13LiquidCrystal5beginEhhh
                0x00002cb8      0x124 C:\Users\admin\AppData\Local\Temp\arduino-sketch-0C8FB6A5DAE47CB1E0CC833053CE34EA\libraries\LiquidCrystal\LiquidCrystal.cpp.o
                0x00002cb8                LiquidCrystal::begin(unsigned char, unsigned char, unsigned char)
 .text._ZN13LiquidCrystalC2Ehhhhhhh
                0x00002ddc       0x54 C:\Users\admin\AppData\Local\Temp\arduino-sketch-0C8FB6A5DAE47CB1E0CC833053CE34EA\libraries\LiquidCrystal\LiquidCrystal.cpp.o
                0x00002ddc                LiquidCrystal::LiquidCrystal(unsigned char, unsigned char, unsigned char, unsigned char, unsigned char, unsigned char, unsigned char)
                0x00002ddc                LiquidCrystal::LiquidCrystal(unsigned char, unsigned char, unsigned char, unsigned char, unsigned char, unsigned char, unsigned char)
 .text.SERCOM0_Handler
                0x00002e30       0x10 C:\Users\admin\AppData\Local\Temp\arduino-sketch-0C8FB6A5DAE47CB1E0CC833053CE34EA\core\variant.cpp.o
                0x00002e30                SERCOM0_Handler
 .text.SERCOM5_Handler
                0x00002e40       0x10 C:\Users\admin\AppData\Local\Temp\arduino-sketch-0C8FB6A5DAE47CB1E0CC833053CE34EA\core\variant.cpp.o
                0x00002e40                SERCOM5_Handler
 .text.startup._GLOBAL__sub_I_g_APinDescription
                0x00002e50       0x94 C:\Users\admin\AppData\Local\Temp\arduino-sketch-0C8FB6A5DAE47CB1E0CC833053CE34EA\core\variant.cpp.o
 .text._ZN6SERCOMC2EP6Sercom
                0x00002ee4        0x8 C:\Users\admin\AppData\Local\Temp\arduino-sketch-0C8FB6A5DAE47CB1E0CC833053CE34EA/..\arduino-core-cache\core_arduino_samd_arduino_zero_nativeg16_8955ed14b5308ce541648a9c34a5144e.a(SERCOM.cpp.o)
                0x00002ee4                SERCOM::SERCOM(Sercom*)
                0x00002ee4                SERCOM::SERCOM(Sercom*)
 .text._ZN6SERCOM9initFrameE18SercomUartCharSize15SercomDataOrder16SercomParityMode19SercomNumberStopBit
                0x00002eec       0x3a C:\Users\admin\AppData\Local\Temp\arduino-sketch-0C8FB6A5DAE47CB1E0CC833053CE34EA/..\arduino-core-cache\core_arduino_samd_arduino_zero_nativeg16_8955ed14b5308ce541648a9c34a5144e.a(SERCOM.cpp.o)
                0x00002eec                SERCOM::initFrame(SercomUartCharSize, SercomDataOrder, SercomParityMode, SercomNumberStopBit)
 .text._ZN6SERCOM8initPadsE15SercomUartTXPad11SercomRXPad
                0x00002f26       0x26 C:\Users\admin\AppData\Local\Temp\arduino-sketch-0C8FB6A5DAE47CB1E0CC833053CE34EA/..\arduino-core-cache\core_arduino_samd_arduino_zero_nativeg16_8955ed14b5308ce541648a9c34a5144e.a(SERCOM.cpp.o)
                0x00002f26                SERCOM::initPads(SercomUartTXPad, SercomRXPad)
 .text._ZN6SERCOM9resetUARTEv
                0x00002f4c       0x1a C:\Users\admin\AppData\Local\Temp\arduino-sketch-0C8FB6A5DAE47CB1E0CC833053CE34EA/..\arduino-core-cache\core_arduino_samd_arduino_zero_nativeg16_8955ed14b5308ce541648a9c34a5144e.a(SERCOM.cpp.o)
                0x00002f4c                SERCOM::resetUART()
 .text._ZN6SERCOM10enableUARTEv
                0x00002f66       0x14 C:\Users\admin\AppData\Local\Temp\arduino-sketch-0C8FB6A5DAE47CB1E0CC833053CE34EA/..\arduino-core-cache\core_arduino_samd_arduino_zero_nativeg16_8955ed14b5308ce541648a9c34a5144e.a(SERCOM.cpp.o)
                0x00002f66                SERCOM::enableUART()
 .text._ZN6SERCOM9flushUARTEv
                0x00002f7a       0x14 C:\Users\admin\AppData\Local\Temp\arduino-sketch-0C8FB6A5DAE47CB1E0CC833053CE34EA/..\arduino-core-cache\core_arduino_samd_arduino_zero_nativeg16_8955ed14b5308ce541648a9c34a5144e.a(SERCOM.cpp.o)
                0x00002f7a                SERCOM::flushUART()
 .text._ZN6SERCOM15clearStatusUARTEv
                0x00002f8e        0x8 C:\Users\admin\AppData\Local\Temp\arduino-sketch-0C8FB6A5DAE47CB1E0CC833053CE34EA/..\arduino-core-cache\core_arduino_samd_arduino_zero_nativeg16_8955ed14b5308ce541648a9c34a5144e.a(SERCOM.cpp.o)
                0x00002f8e                SERCOM::clearStatusUART()
 .text._ZN6SERCOM17availableDataUARTEv
                0x00002f96        0xa C:\Users\admin\AppData\Local\Temp\arduino-sketch-0C8FB6A5DAE47CB1E0CC833053CE34EA/..\arduino-core-cache\core_arduino_samd_arduino_zero_nativeg16_8955ed14b5308ce541648a9c34a5144e.a(SERCOM.cpp.o)
                0x00002f96                SERCOM::availableDataUART()
 .text._ZN6SERCOM11isUARTErrorEv
                0x00002fa0        0x8 C:\Users\admin\AppData\Local\Temp\arduino-sketch-0C8FB6A5DAE47CB1E0CC833053CE34EA/..\arduino-core-cache\core_arduino_samd_arduino_zero_nativeg16_8955ed14b5308ce541648a9c34a5144e.a(SERCOM.cpp.o)
                0x00002fa0                SERCOM::isUARTError()
 .text._ZN6SERCOM20acknowledgeUARTErrorEv
                0x00002fa8        0xe C:\Users\admin\AppData\Local\Temp\arduino-sketch-0C8FB6A5DAE47CB1E0CC833053CE34EA/..\arduino-core-cache\core_arduino_samd_arduino_zero_nativeg16_8955ed14b5308ce541648a9c34a5144e.a(SERCOM.cpp.o)
                0x00002fa8                SERCOM::acknowledgeUARTError()
 .text._ZN6SERCOM16isFrameErrorUARTEv
                0x00002fb6        0xa C:\Users\admin\AppData\Local\Temp\arduino-sketch-0C8FB6A5DAE47CB1E0CC833053CE34EA/..\arduino-core-cache\core_arduino_samd_arduino_zero_nativeg16_8955ed14b5308ce541648a9c34a5144e.a(SERCOM.cpp.o)
                0x00002fb6                SERCOM::isFrameErrorUART()
 .text._ZN6SERCOM19clearFrameErrorUARTEv
                0x00002fc0        0xc C:\Users\admin\AppData\Local\Temp\arduino-sketch-0C8FB6A5DAE47CB1E0CC833053CE34EA/..\arduino-core-cache\core_arduino_samd_arduino_zero_nativeg16_8955ed14b5308ce541648a9c34a5144e.a(SERCOM.cpp.o)
                0x00002fc0                SERCOM::clearFrameErrorUART()
 .text._ZN6SERCOM23isDataRegisterEmptyUARTEv
                0x00002fcc        0xa C:\Users\admin\AppData\Local\Temp\arduino-sketch-0C8FB6A5DAE47CB1E0CC833053CE34EA/..\arduino-core-cache\core_arduino_samd_arduino_zero_nativeg16_8955ed14b5308ce541648a9c34a5144e.a(SERCOM.cpp.o)
                0x00002fcc                SERCOM::isDataRegisterEmptyUART()
 .text._ZN6SERCOM12readDataUARTEv
                0x00002fd6        0x8 C:\Users\admin\AppData\Local\Temp\arduino-sketch-0C8FB6A5DAE47CB1E0CC833053CE34EA/..\arduino-core-cache\core_arduino_samd_arduino_zero_nativeg16_8955ed14b5308ce541648a9c34a5144e.a(SERCOM.cpp.o)
                0x00002fd6                SERCOM::readDataUART()
 .text._ZN6SERCOM13writeDataUARTEh
                0x00002fde       0x14 C:\Users\admin\AppData\Local\Temp\arduino-sketch-0C8FB6A5DAE47CB1E0CC833053CE34EA/..\arduino-core-cache\core_arduino_samd_arduino_zero_nativeg16_8955ed14b5308ce541648a9c34a5144e.a(SERCOM.cpp.o)
                0x00002fde                SERCOM::writeDataUART(unsigned char)
 .text._ZN6SERCOM36enableDataRegisterEmptyInterruptUARTEv
                0x00002ff2        0x8 C:\Users\admin\AppData\Local\Temp\arduino-sketch-0C8FB6A5DAE47CB1E0CC833053CE34EA/..\arduino-core-cache\core_arduino_samd_arduino_zero_nativeg16_8955ed14b5308ce541648a9c34a5144e.a(SERCOM.cpp.o)
                0x00002ff2                SERCOM::enableDataRegisterEmptyInterruptUART()
 .text._ZN6SERCOM37disableDataRegisterEmptyInterruptUARTEv
                0x00002ffa        0x8 C:\Users\admin\AppData\Local\Temp\arduino-sketch-0C8FB6A5DAE47CB1E0CC833053CE34EA/..\arduino-core-cache\core_arduino_samd_arduino_zero_nativeg16_8955ed14b5308ce541648a9c34a5144e.a(SERCOM.cpp.o)
                0x00002ffa                SERCOM::disableDataRegisterEmptyInterruptUART()
 *fill*         0x00003002        0x2 
 .text._ZN6SERCOM13initClockNVICEv
                0x00003004       0xa8 C:\Users\admin\AppData\Local\Temp\arduino-sketch-0C8FB6A5DAE47CB1E0CC833053CE34EA/..\arduino-core-cache\core_arduino_samd_arduino_zero_nativeg16_8955ed14b5308ce541648a9c34a5144e.a(SERCOM.cpp.o)
                0x00003004                SERCOM::initClockNVIC()
 .text._ZN6SERCOM8initUARTE14SercomUartMode20SercomUartSampleRatem
                0x000030ac       0x6c C:\Users\admin\AppData\Local\Temp\arduino-sketch-0C8FB6A5DAE47CB1E0CC833053CE34EA/..\arduino-core-cache\core_arduino_samd_arduino_zero_nativeg16_8955ed14b5308ce541648a9c34a5144e.a(SERCOM.cpp.o)
                0x000030ac                SERCOM::initUART(SercomUartMode, SercomUartSampleRate, unsigned long)
 .text._ZN7Serial_13getDescriptorERN7arduino8USBSetupE
                0x00003118        0x4 C:\Users\admin\AppData\Local\Temp\arduino-sketch-0C8FB6A5DAE47CB1E0CC833053CE34EA/..\arduino-core-cache\core_arduino_samd_arduino_zero_nativeg16_8955ed14b5308ce541648a9c34a5144e.a(CDC.cpp.o)
                0x00003118                Serial_::getDescriptor(arduino::USBSetup&)
 .text._ZL5utox8mPc
                0x0000311c       0x24 C:\Users\admin\AppData\Local\Temp\arduino-sketch-0C8FB6A5DAE47CB1E0CC833053CE34EA/..\arduino-core-cache\core_arduino_samd_arduino_zero_nativeg16_8955ed14b5308ce541648a9c34a5144e.a(CDC.cpp.o)
 .text._ZN7Serial_12getShortNameEPc
                0x00003140       0x44 C:\Users\admin\AppData\Local\Temp\arduino-sketch-0C8FB6A5DAE47CB1E0CC833053CE34EA/..\arduino-core-cache\core_arduino_samd_arduino_zero_nativeg16_8955ed14b5308ce541648a9c34a5144e.a(CDC.cpp.o)
                0x00003140                Serial_::getShortName(char*)
 .text._ZThn16_N7Serial_12getShortNameEPc
                0x00003184       0x10 C:\Users\admin\AppData\Local\Temp\arduino-sketch-0C8FB6A5DAE47CB1E0CC833053CE34EA/..\arduino-core-cache\core_arduino_samd_arduino_zero_nativeg16_8955ed14b5308ce541648a9c34a5144e.a(CDC.cpp.o)
                0x00003184                non-virtual thunk to Serial_::getShortName(char*)
 .text._ZN7Serial_5beginEm
                0x00003194        0x2 C:\Users\admin\AppData\Local\Temp\arduino-sketch-0C8FB6A5DAE47CB1E0CC833053CE34EA/..\arduino-core-cache\core_arduino_samd_arduino_zero_nativeg16_8955ed14b5308ce541648a9c34a5144e.a(CDC.cpp.o)
                0x00003194                Serial_::begin(unsigned long)
 .text._ZN7Serial_5beginEmt
                0x00003196        0x2 C:\Users\admin\AppData\Local\Temp\arduino-sketch-0C8FB6A5DAE47CB1E0CC833053CE34EA/..\arduino-core-cache\core_arduino_samd_arduino_zero_nativeg16_8955ed14b5308ce541648a9c34a5144e.a(CDC.cpp.o)
                0x00003196                Serial_::begin(unsigned long, unsigned short)
 .text._ZN7Serial_17availableForWriteEv
                0x00003198        0x4 C:\Users\admin\AppData\Local\Temp\arduino-sketch-0C8FB6A5DAE47CB1E0CC833053CE34EA/..\arduino-core-cache\core_arduino_samd_arduino_zero_nativeg16_8955ed14b5308ce541648a9c34a5144e.a(CDC.cpp.o)
                0x00003198                Serial_::availableForWrite()
 .text._ZN7Serial_5writeEh
                0x0000319c       0x14 C:\Users\admin\AppData\Local\Temp\arduino-sketch-0C8FB6A5DAE47CB1E0CC833053CE34EA/..\arduino-core-cache\core_arduino_samd_arduino_zero_nativeg16_8955ed14b5308ce541648a9c34a5144e.a(CDC.cpp.o)
                0x0000319c                Serial_::write(unsigned char)
 .text._ZN7Serial_12getInterfaceEPh
                0x000031b0      0x11c C:\Users\admin\AppData\Local\Temp\arduino-sketch-0C8FB6A5DAE47CB1E0CC833053CE34EA/..\arduino-core-cache\core_arduino_samd_arduino_zero_nativeg16_8955ed14b5308ce541648a9c34a5144e.a(CDC.cpp.o)
                0x000031b0                Serial_::getInterface(unsigned char*)
 .text._ZThn16_N7Serial_12getInterfaceEPh
                0x000032cc       0x10 C:\Users\admin\AppData\Local\Temp\arduino-sketch-0C8FB6A5DAE47CB1E0CC833053CE34EA/..\arduino-core-cache\core_arduino_samd_arduino_zero_nativeg16_8955ed14b5308ce541648a9c34a5144e.a(CDC.cpp.o)
                0x000032cc                non-virtual thunk to Serial_::getInterface(unsigned char*)
 .text._ZN7Serial_5setupERN7arduino8USBSetupE
                0x000032dc       0x98 C:\Users\admin\AppData\Local\Temp\arduino-sketch-0C8FB6A5DAE47CB1E0CC833053CE34EA/..\arduino-core-cache\core_arduino_samd_arduino_zero_nativeg16_8955ed14b5308ce541648a9c34a5144e.a(CDC.cpp.o)
                0x000032dc                Serial_::setup(arduino::USBSetup&)
 .text._ZThn16_N7Serial_5setupERN7arduino8USBSetupE
                0x00003374       0x10 C:\Users\admin\AppData\Local\Temp\arduino-sketch-0C8FB6A5DAE47CB1E0CC833053CE34EA/..\arduino-core-cache\core_arduino_samd_arduino_zero_nativeg16_8955ed14b5308ce541648a9c34a5144e.a(CDC.cpp.o)
                0x00003374                non-virtual thunk to Serial_::setup(arduino::USBSetup&)
 .text._ZN7Serial_3endEv
                0x00003384       0x14 C:\Users\admin\AppData\Local\Temp\arduino-sketch-0C8FB6A5DAE47CB1E0CC833053CE34EA/..\arduino-core-cache\core_arduino_samd_arduino_zero_nativeg16_8955ed14b5308ce541648a9c34a5144e.a(CDC.cpp.o)
                0x00003384                Serial_::end()
 .text._ZN7Serial_9availableEv
                0x00003398       0x20 C:\Users\admin\AppData\Local\Temp\arduino-sketch-0C8FB6A5DAE47CB1E0CC833053CE34EA/..\arduino-core-cache\core_arduino_samd_arduino_zero_nativeg16_8955ed14b5308ce541648a9c34a5144e.a(CDC.cpp.o)
                0x00003398                Serial_::available()
 .text._ZN7Serial_5flushEv
                0x000033b8        0xe C:\Users\admin\AppData\Local\Temp\arduino-sketch-0C8FB6A5DAE47CB1E0CC833053CE34EA/..\arduino-core-cache\core_arduino_samd_arduino_zero_nativeg16_8955ed14b5308ce541648a9c34a5144e.a(CDC.cpp.o)
                0x000033b8                Serial_::flush()
 .text._ZN7Serial_5clearEv
                0x000033c6        0xe C:\Users\admin\AppData\Local\Temp\arduino-sketch-0C8FB6A5DAE47CB1E0CC833053CE34EA/..\arduino-core-cache\core_arduino_samd_arduino_zero_nativeg16_8955ed14b5308ce541648a9c34a5144e.a(CDC.cpp.o)
                0x000033c6                Serial_::clear()
 .text._ZN7Serial_5writeEPKhj
                0x000033d4       0x1e C:\Users\admin\AppData\Local\Temp\arduino-sketch-0C8FB6A5DAE47CB1E0CC833053CE34EA/..\arduino-core-cache\core_arduino_samd_arduino_zero_nativeg16_8955ed14b5308ce541648a9c34a5144e.a(CDC.cpp.o)
                0x000033d4                Serial_::write(unsigned char const*, unsigned int)
 *fill*         0x000033f2        0x2 
 .text._ZN7Serial_4peekEv
                0x000033f4       0x1c C:\Users\admin\AppData\Local\Temp\arduino-sketch-0C8FB6A5DAE47CB1E0CC833053CE34EA/..\arduino-core-cache\core_arduino_samd_arduino_zero_nativeg16_8955ed14b5308ce541648a9c34a5144e.a(CDC.cpp.o)
                0x000033f4                Serial_::peek()
 .text._ZN7Serial_4readEv
                0x00003410       0x24 C:\Users\admin\AppData\Local\Temp\arduino-sketch-0C8FB6A5DAE47CB1E0CC833053CE34EA/..\arduino-core-cache\core_arduino_samd_arduino_zero_nativeg16_8955ed14b5308ce541648a9c34a5144e.a(CDC.cpp.o)
                0x00003410                Serial_::read()
 .text._ZN7Serial_cvbEv
                0x00003434       0x28 C:\Users\admin\AppData\Local\Temp\arduino-sketch-0C8FB6A5DAE47CB1E0CC833053CE34EA/..\arduino-core-cache\core_arduino_samd_arduino_zero_nativeg16_8955ed14b5308ce541648a9c34a5144e.a(CDC.cpp.o)
                0x00003434                Serial_::operator bool()
 .text._ZThn16_N7Serial_13getDescriptorERN7arduino8USBSetupE
                0x0000345c        0x4 C:\Users\admin\AppData\Local\Temp\arduino-sketch-0C8FB6A5DAE47CB1E0CC833053CE34EA/..\arduino-core-cache\core_arduino_samd_arduino_zero_nativeg16_8955ed14b5308ce541648a9c34a5144e.a(CDC.cpp.o)
                0x0000345c                non-virtual thunk to Serial_::getDescriptor(arduino::USBSetup&)
 .text.resetExternalChip
                0x00003460        0x2 C:\Users\admin\AppData\Local\Temp\arduino-sketch-0C8FB6A5DAE47CB1E0CC833053CE34EA/..\arduino-core-cache\core_arduino_samd_arduino_zero_nativeg16_8955ed14b5308ce541648a9c34a5144e.a(CDC.cpp.o)
                0x00003460                resetExternalChip
 .text._ZN7Serial_14handleEndpointEi
                0x00003462        0x2 C:\Users\admin\AppData\Local\Temp\arduino-sketch-0C8FB6A5DAE47CB1E0CC833053CE34EA/..\arduino-core-cache\core_arduino_samd_arduino_zero_nativeg16_8955ed14b5308ce541648a9c34a5144e.a(CDC.cpp.o)
                0x00003462                Serial_::handleEndpoint(int)
 .text._ZN7Serial_C2ER14USBDeviceClass
                0x00003464       0x50 C:\Users\admin\AppData\Local\Temp\arduino-sketch-0C8FB6A5DAE47CB1E0CC833053CE34EA/..\arduino-core-cache\core_arduino_samd_arduino_zero_nativeg16_8955ed14b5308ce541648a9c34a5144e.a(CDC.cpp.o)
                0x00003464                Serial_::Serial_(USBDeviceClass&)
                0x00003464                Serial_::Serial_(USBDeviceClass&)
 .text._ZN7Serial_15enableInterruptEv
                0x000034b4       0x30 C:\Users\admin\AppData\Local\Temp\arduino-sketch-0C8FB6A5DAE47CB1E0CC833053CE34EA/..\arduino-core-cache\core_arduino_samd_arduino_zero_nativeg16_8955ed14b5308ce541648a9c34a5144e.a(CDC.cpp.o)
                0x000034b4                Serial_::enableInterrupt()
 .text.startup._GLOBAL__sub_I__ZN7Serial_12getInterfaceEPh
                0x000034e4       0x14 C:\Users\admin\AppData\Local\Temp\arduino-sketch-0C8FB6A5DAE47CB1E0CC833053CE34EA/..\arduino-core-cache\core_arduino_samd_arduino_zero_nativeg16_8955ed14b5308ce541648a9c34a5144e.a(CDC.cpp.o)
 .text._ZN26DoubleBufferedEPOutHandlerD2Ev
                0x000034f8        0x2 C:\Users\admin\AppData\Local\Temp\arduino-sketch-0C8FB6A5DAE47CB1E0CC833053CE34EA/..\arduino-core-cache\core_arduino_samd_arduino_zero_nativeg16_8955ed14b5308ce541648a9c34a5144e.a(USBCore.cpp.o)
                0x000034f8                DoubleBufferedEPOutHandler::~DoubleBufferedEPOutHandler()
                0x000034f8                DoubleBufferedEPOutHandler::~DoubleBufferedEPOutHandler()
 .text._ZN26DoubleBufferedEPOutHandlerD0Ev
                0x000034fa        0xc C:\Users\admin\AppData\Local\Temp\arduino-sketch-0C8FB6A5DAE47CB1E0CC833053CE34EA/..\arduino-core-cache\core_arduino_samd_arduino_zero_nativeg16_8955ed14b5308ce541648a9c34a5144e.a(USBCore.cpp.o)
                0x000034fa                DoubleBufferedEPOutHandler::~DoubleBufferedEPOutHandler()
 *fill*         0x00003506        0x2 
 .text._ZN14USBDeviceClass6initEPEmm.part.7
                0x00003508       0xc4 C:\Users\admin\AppData\Local\Temp\arduino-sketch-0C8FB6A5DAE47CB1E0CC833053CE34EA/..\arduino-core-cache\core_arduino_samd_arduino_zero_nativeg16_8955ed14b5308ce541648a9c34a5144e.a(USBCore.cpp.o)
 .text._ZN7__GuardC2Ev
                0x000035cc        0xe C:\Users\admin\AppData\Local\Temp\arduino-sketch-0C8FB6A5DAE47CB1E0CC833053CE34EA/..\arduino-core-cache\core_arduino_samd_arduino_zero_nativeg16_8955ed14b5308ce541648a9c34a5144e.a(USBCore.cpp.o)
                0x000035cc                __Guard::__Guard()
                0x000035cc                __Guard::__Guard()
 .text._ZN7__GuardD2Ev
                0x000035da        0xe C:\Users\admin\AppData\Local\Temp\arduino-sketch-0C8FB6A5DAE47CB1E0CC833053CE34EA/..\arduino-core-cache\core_arduino_samd_arduino_zero_nativeg16_8955ed14b5308ce541648a9c34a5144e.a(USBCore.cpp.o)
                0x000035da                __Guard::~__Guard()
                0x000035da                __Guard::~__Guard()
 .text._ZNK26DoubleBufferedEPOutHandler10_availableEv
                0x000035e8       0x70 C:\Users\admin\AppData\Local\Temp\arduino-sketch-0C8FB6A5DAE47CB1E0CC833053CE34EA/..\arduino-core-cache\core_arduino_samd_arduino_zero_nativeg16_8955ed14b5308ce541648a9c34a5144e.a(USBCore.cpp.o)
                0x000035e8                DoubleBufferedEPOutHandler::_available() const
 .text._ZN26DoubleBufferedEPOutHandler7releaseEv
                0x00003658       0x38 C:\Users\admin\AppData\Local\Temp\arduino-sketch-0C8FB6A5DAE47CB1E0CC833053CE34EA/..\arduino-core-cache\core_arduino_samd_arduino_zero_nativeg16_8955ed14b5308ce541648a9c34a5144e.a(USBCore.cpp.o)
                0x00003658                DoubleBufferedEPOutHandler::release()
 .text._ZN26DoubleBufferedEPOutHandler14handleEndpointEv
                0x00003690       0xe2 C:\Users\admin\AppData\Local\Temp\arduino-sketch-0C8FB6A5DAE47CB1E0CC833053CE34EA/..\arduino-core-cache\core_arduino_samd_arduino_zero_nativeg16_8955ed14b5308ce541648a9c34a5144e.a(USBCore.cpp.o)
                0x00003690                DoubleBufferedEPOutHandler::handleEndpoint()
 .text._ZN14USBDeviceClass14SendInterfacesEPm
                0x00003772       0x20 C:\Users\admin\AppData\Local\Temp\arduino-sketch-0C8FB6A5DAE47CB1E0CC833053CE34EA/..\arduino-core-cache\core_arduino_samd_arduino_zero_nativeg16_8955ed14b5308ce541648a9c34a5144e.a(USBCore.cpp.o)
                0x00003772                USBDeviceClass::SendInterfaces(unsigned long*)
 *fill*         0x00003792        0x2 
 .text._ZN14USBDeviceClass6attachEv
                0x00003794       0x34 C:\Users\admin\AppData\Local\Temp\arduino-sketch-0C8FB6A5DAE47CB1E0CC833053CE34EA/..\arduino-core-cache\core_arduino_samd_arduino_zero_nativeg16_8955ed14b5308ce541648a9c34a5144e.a(USBCore.cpp.o)
                0x00003794                USBDeviceClass::attach()
 .text._ZN14USBDeviceClass10setAddressEm
                0x000037c8       0x48 C:\Users\admin\AppData\Local\Temp\arduino-sketch-0C8FB6A5DAE47CB1E0CC833053CE34EA/..\arduino-core-cache\core_arduino_samd_arduino_zero_nativeg16_8955ed14b5308ce541648a9c34a5144e.a(USBCore.cpp.o)
                0x000037c8                USBDeviceClass::setAddress(unsigned long)
 .text._ZN14USBDeviceClass25handleClassInterfaceSetupERN7arduino8USBSetupE
                0x00003810       0x24 C:\Users\admin\AppData\Local\Temp\arduino-sketch-0C8FB6A5DAE47CB1E0CC833053CE34EA/..\arduino-core-cache\core_arduino_samd_arduino_zero_nativeg16_8955ed14b5308ce541648a9c34a5144e.a(USBCore.cpp.o)
                0x00003810                USBDeviceClass::handleClassInterfaceSetup(arduino::USBSetup&)
 .text._ZN14USBDeviceClass6initEPEmm
                0x00003834      0x10c C:\Users\admin\AppData\Local\Temp\arduino-sketch-0C8FB6A5DAE47CB1E0CC833053CE34EA/..\arduino-core-cache\core_arduino_samd_arduino_zero_nativeg16_8955ed14b5308ce541648a9c34a5144e.a(USBCore.cpp.o)
                0x00003834                USBDeviceClass::initEP(unsigned long, unsigned long)
 .text._ZN14USBDeviceClass13initEndpointsEv
                0x00003940       0x24 C:\Users\admin\AppData\Local\Temp\arduino-sketch-0C8FB6A5DAE47CB1E0CC833053CE34EA/..\arduino-core-cache\core_arduino_samd_arduino_zero_nativeg16_8955ed14b5308ce541648a9c34a5144e.a(USBCore.cpp.o)
                0x00003940                USBDeviceClass::initEndpoints()
 .text._ZN14USBDeviceClass5clearEm
                0x00003964       0x38 C:\Users\admin\AppData\Local\Temp\arduino-sketch-0C8FB6A5DAE47CB1E0CC833053CE34EA/..\arduino-core-cache\core_arduino_samd_arduino_zero_nativeg16_8955ed14b5308ce541648a9c34a5144e.a(USBCore.cpp.o)
                0x00003964                USBDeviceClass::clear(unsigned long)
 .text._ZN14USBDeviceClass9availableEm
                0x0000399c       0x2c C:\Users\admin\AppData\Local\Temp\arduino-sketch-0C8FB6A5DAE47CB1E0CC833053CE34EA/..\arduino-core-cache\core_arduino_samd_arduino_zero_nativeg16_8955ed14b5308ce541648a9c34a5144e.a(USBCore.cpp.o)
                0x0000399c                USBDeviceClass::available(unsigned long)
 .text._ZN14USBDeviceClass5flushEm
                0x000039c8       0x2c C:\Users\admin\AppData\Local\Temp\arduino-sketch-0C8FB6A5DAE47CB1E0CC833053CE34EA/..\arduino-core-cache\core_arduino_samd_arduino_zero_nativeg16_8955ed14b5308ce541648a9c34a5144e.a(USBCore.cpp.o)
                0x000039c8                USBDeviceClass::flush(unsigned long)
 .text._ZN14USBDeviceClass4recvEmPvm
                0x000039f4       0xdc C:\Users\admin\AppData\Local\Temp\arduino-sketch-0C8FB6A5DAE47CB1E0CC833053CE34EA/..\arduino-core-cache\core_arduino_samd_arduino_zero_nativeg16_8955ed14b5308ce541648a9c34a5144e.a(USBCore.cpp.o)
                0x000039f4                USBDeviceClass::recv(unsigned long, void*, unsigned long)
 .text._ZN14USBDeviceClass4recvEm
                0x00003ad0       0x1c C:\Users\admin\AppData\Local\Temp\arduino-sketch-0C8FB6A5DAE47CB1E0CC833053CE34EA/..\arduino-core-cache\core_arduino_samd_arduino_zero_nativeg16_8955ed14b5308ce541648a9c34a5144e.a(USBCore.cpp.o)
                0x00003ad0                USBDeviceClass::recv(unsigned long)
 .text._ZN14USBDeviceClass14armRecvCtrlOUTEm
                0x00003aec       0x5c C:\Users\admin\AppData\Local\Temp\arduino-sketch-0C8FB6A5DAE47CB1E0CC833053CE34EA/..\arduino-core-cache\core_arduino_samd_arduino_zero_nativeg16_8955ed14b5308ce541648a9c34a5144e.a(USBCore.cpp.o)
                0x00003aec                USBDeviceClass::armRecvCtrlOUT(unsigned long)
 .text._ZN14USBDeviceClass11recvControlEPvm
                0x00003b48       0x28 C:\Users\admin\AppData\Local\Temp\arduino-sketch-0C8FB6A5DAE47CB1E0CC833053CE34EA/..\arduino-core-cache\core_arduino_samd_arduino_zero_nativeg16_8955ed14b5308ce541648a9c34a5144e.a(USBCore.cpp.o)
                0x00003b48                USBDeviceClass::recvControl(void*, unsigned long)
 .text._ZN14USBDeviceClass4sendEmPKvm
                0x00003b70      0x124 C:\Users\admin\AppData\Local\Temp\arduino-sketch-0C8FB6A5DAE47CB1E0CC833053CE34EA/..\arduino-core-cache\core_arduino_samd_arduino_zero_nativeg16_8955ed14b5308ce541648a9c34a5144e.a(USBCore.cpp.o)
                0x00003b70                USBDeviceClass::send(unsigned long, void const*, unsigned long)
 .text._ZN14USBDeviceClass7armSendEmPKvm
                0x00003c94       0x48 C:\Users\admin\AppData\Local\Temp\arduino-sketch-0C8FB6A5DAE47CB1E0CC833053CE34EA/..\arduino-core-cache\core_arduino_samd_arduino_zero_nativeg16_8955ed14b5308ce541648a9c34a5144e.a(USBCore.cpp.o)
                0x00003c94                USBDeviceClass::armSend(unsigned long, void const*, unsigned long)
 .text._ZN14USBDeviceClass11sendControlEPKvm
                0x00003cdc       0x54 C:\Users\admin\AppData\Local\Temp\arduino-sketch-0C8FB6A5DAE47CB1E0CC833053CE34EA/..\arduino-core-cache\core_arduino_samd_arduino_zero_nativeg16_8955ed14b5308ce541648a9c34a5144e.a(USBCore.cpp.o)
                0x00003cdc                USBDeviceClass::sendControl(void const*, unsigned long)
 .text._ZN14USBDeviceClass20sendStringDescriptorEPKhm
                0x00003d30       0x64 C:\Users\admin\AppData\Local\Temp\arduino-sketch-0C8FB6A5DAE47CB1E0CC833053CE34EA/..\arduino-core-cache\core_arduino_samd_arduino_zero_nativeg16_8955ed14b5308ce541648a9c34a5144e.a(USBCore.cpp.o)
                0x00003d30                USBDeviceClass::sendStringDescriptor(unsigned char const*, unsigned long)
 .text._ZN14USBDeviceClass17sendConfigurationEm
                0x00003d94       0x80 C:\Users\admin\AppData\Local\Temp\arduino-sketch-0C8FB6A5DAE47CB1E0CC833053CE34EA/..\arduino-core-cache\core_arduino_samd_arduino_zero_nativeg16_8955ed14b5308ce541648a9c34a5144e.a(USBCore.cpp.o)
                0x00003d94                USBDeviceClass::sendConfiguration(unsigned long)
 .text._ZN14USBDeviceClass14sendDescriptorERN7arduino8USBSetupE
                0x00003e14       0xd8 C:\Users\admin\AppData\Local\Temp\arduino-sketch-0C8FB6A5DAE47CB1E0CC833053CE34EA/..\arduino-core-cache\core_arduino_samd_arduino_zero_nativeg16_8955ed14b5308ce541648a9c34a5144e.a(USBCore.cpp.o)
                0x00003e14                USBDeviceClass::sendDescriptor(arduino::USBSetup&)
 .text._ZN14USBDeviceClass7sendZlpEm
                0x00003eec       0x18 C:\Users\admin\AppData\Local\Temp\arduino-sketch-0C8FB6A5DAE47CB1E0CC833053CE34EA/..\arduino-core-cache\core_arduino_samd_arduino_zero_nativeg16_8955ed14b5308ce541648a9c34a5144e.a(USBCore.cpp.o)
                0x00003eec                USBDeviceClass::sendZlp(unsigned long)
 .text._ZN14USBDeviceClass19handleStandardSetupERN7arduino8USBSetupE
                0x00003f04       0xf0 C:\Users\admin\AppData\Local\Temp\arduino-sketch-0C8FB6A5DAE47CB1E0CC833053CE34EA/..\arduino-core-cache\core_arduino_samd_arduino_zero_nativeg16_8955ed14b5308ce541648a9c34a5144e.a(USBCore.cpp.o)
                0x00003f04                USBDeviceClass::handleStandardSetup(arduino::USBSetup&)
 .text._ZN14USBDeviceClass10ISRHandlerEv
                0x00003ff4      0x150 C:\Users\admin\AppData\Local\Temp\arduino-sketch-0C8FB6A5DAE47CB1E0CC833053CE34EA/..\arduino-core-cache\core_arduino_samd_arduino_zero_nativeg16_8955ed14b5308ce541648a9c34a5144e.a(USBCore.cpp.o)
                0x00003ff4                USBDeviceClass::ISRHandler()
 .text.UDD_Handler
                0x00004144       0x10 C:\Users\admin\AppData\Local\Temp\arduino-sketch-0C8FB6A5DAE47CB1E0CC833053CE34EA/..\arduino-core-cache\core_arduino_samd_arduino_zero_nativeg16_8955ed14b5308ce541648a9c34a5144e.a(USBCore.cpp.o)
                0x00004144                UDD_Handler
 .text._ZN7arduino13PluggableUSB_C2Ev
                0x00004154       0x10 C:\Users\admin\AppData\Local\Temp\arduino-sketch-0C8FB6A5DAE47CB1E0CC833053CE34EA/..\arduino-core-cache\core_arduino_samd_arduino_zero_nativeg16_8955ed14b5308ce541648a9c34a5144e.a(USBCore.cpp.o)
                0x00004154                arduino::PluggableUSB_::PluggableUSB_()
                0x00004154                arduino::PluggableUSB_::PluggableUSB_()
 .text._Z8epBufferj
                0x00004164        0xc C:\Users\admin\AppData\Local\Temp\arduino-sketch-0C8FB6A5DAE47CB1E0CC833053CE34EA/..\arduino-core-cache\core_arduino_samd_arduino_zero_nativeg16_8955ed14b5308ce541648a9c34a5144e.a(USBCore.cpp.o)
                0x00004164                epBuffer(unsigned int)
 .text._ZN7arduino11RingBufferNILi64EE10store_charEh
                0x00004170       0x1c C:\Users\admin\AppData\Local\Temp\arduino-sketch-0C8FB6A5DAE47CB1E0CC833053CE34EA/..\arduino-core-cache\core_arduino_samd_arduino_zero_nativeg16_8955ed14b5308ce541648a9c34a5144e.a(USBCore.cpp.o)
                0x00004170                arduino::RingBufferN<64>::store_char(unsigned char)
 .text._ZN26DoubleBufferedEPOutHandler5_recvEv
                0x0000418c      0x15e C:\Users\admin\AppData\Local\Temp\arduino-sketch-0C8FB6A5DAE47CB1E0CC833053CE34EA/..\arduino-core-cache\core_arduino_samd_arduino_zero_nativeg16_8955ed14b5308ce541648a9c34a5144e.a(USBCore.cpp.o)
                0x0000418c                DoubleBufferedEPOutHandler::_recv()
 .text._ZN26DoubleBufferedEPOutHandler9availableEv
                0x000042ea        0xc C:\Users\admin\AppData\Local\Temp\arduino-sketch-0C8FB6A5DAE47CB1E0CC833053CE34EA/..\arduino-core-cache\core_arduino_samd_arduino_zero_nativeg16_8955ed14b5308ce541648a9c34a5144e.a(USBCore.cpp.o)
                0x000042ea                DoubleBufferedEPOutHandler::available()
 .text._ZN26DoubleBufferedEPOutHandler4peekEv
                0x000042f6       0x1c C:\Users\admin\AppData\Local\Temp\arduino-sketch-0C8FB6A5DAE47CB1E0CC833053CE34EA/..\arduino-core-cache\core_arduino_samd_arduino_zero_nativeg16_8955ed14b5308ce541648a9c34a5144e.a(USBCore.cpp.o)
                0x000042f6                DoubleBufferedEPOutHandler::peek()
 .text._ZN26DoubleBufferedEPOutHandler4recvEPvm
                0x00004312       0x60 C:\Users\admin\AppData\Local\Temp\arduino-sketch-0C8FB6A5DAE47CB1E0CC833053CE34EA/..\arduino-core-cache\core_arduino_samd_arduino_zero_nativeg16_8955ed14b5308ce541648a9c34a5144e.a(USBCore.cpp.o)
                0x00004312                DoubleBufferedEPOutHandler::recv(void*, unsigned long)
 *fill*         0x00004372        0x2 
 .text.startup._GLOBAL__sub_I_usbd
                0x00004374       0x10 C:\Users\admin\AppData\Local\Temp\arduino-sketch-0C8FB6A5DAE47CB1E0CC833053CE34EA/..\arduino-core-cache\core_arduino_samd_arduino_zero_nativeg16_8955ed14b5308ce541648a9c34a5144e.a(USBCore.cpp.o)
 .text._ZN14USBDeviceClass4initEv
                0x00004384      0x18c C:\Users\admin\AppData\Local\Temp\arduino-sketch-0C8FB6A5DAE47CB1E0CC833053CE34EA/..\arduino-core-cache\core_arduino_samd_arduino_zero_nativeg16_8955ed14b5308ce541648a9c34a5144e.a(USBCore.cpp.o)
                0x00004384                USBDeviceClass::init()
 .text._ZN4UartcvbEv
                0x00004510        0x4 C:\Users\admin\AppData\Local\Temp\arduino-sketch-0C8FB6A5DAE47CB1E0CC833053CE34EA/..\arduino-core-cache\core_arduino_samd_arduino_zero_nativeg16_8955ed14b5308ce541648a9c34a5144e.a(Uart.cpp.o)
                0x00004510                Uart::operator bool()
 .text._ZN4Uart5beginEm
                0x00004514       0x10 C:\Users\admin\AppData\Local\Temp\arduino-sketch-0C8FB6A5DAE47CB1E0CC833053CE34EA/..\arduino-core-cache\core_arduino_samd_arduino_zero_nativeg16_8955ed14b5308ce541648a9c34a5144e.a(Uart.cpp.o)
                0x00004514                Uart::begin(unsigned long)
 .text._ZN4Uart9availableEv
                0x00004524        0x6 C:\Users\admin\AppData\Local\Temp\arduino-sketch-0C8FB6A5DAE47CB1E0CC833053CE34EA/..\arduino-core-cache\core_arduino_samd_arduino_zero_nativeg16_8955ed14b5308ce541648a9c34a5144e.a(Uart.cpp.o)
                0x00004524                Uart::available()
 .text._ZN4Uart17availableForWriteEv
                0x0000452a       0x10 C:\Users\admin\AppData\Local\Temp\arduino-sketch-0C8FB6A5DAE47CB1E0CC833053CE34EA/..\arduino-core-cache\core_arduino_samd_arduino_zero_nativeg16_8955ed14b5308ce541648a9c34a5144e.a(Uart.cpp.o)
                0x0000452a                Uart::availableForWrite()
 .text._ZN4Uart4peekEv
                0x0000453a       0x18 C:\Users\admin\AppData\Local\Temp\arduino-sketch-0C8FB6A5DAE47CB1E0CC833053CE34EA/..\arduino-core-cache\core_arduino_samd_arduino_zero_nativeg16_8955ed14b5308ce541648a9c34a5144e.a(Uart.cpp.o)
                0x0000453a                Uart::peek()
 .text._ZN4Uart3endEv
                0x00004552       0x24 C:\Users\admin\AppData\Local\Temp\arduino-sketch-0C8FB6A5DAE47CB1E0CC833053CE34EA/..\arduino-core-cache\core_arduino_samd_arduino_zero_nativeg16_8955ed14b5308ce541648a9c34a5144e.a(Uart.cpp.o)
                0x00004552                Uart::end()
 .text._ZN4Uart5flushEv
                0x00004576       0x16 C:\Users\admin\AppData\Local\Temp\arduino-sketch-0C8FB6A5DAE47CB1E0CC833053CE34EA/..\arduino-core-cache\core_arduino_samd_arduino_zero_nativeg16_8955ed14b5308ce541648a9c34a5144e.a(Uart.cpp.o)
                0x00004576                Uart::flush()
 .text._ZN4Uart16extractNbStopBitEt
                0x0000458c        0xc C:\Users\admin\AppData\Local\Temp\arduino-sketch-0C8FB6A5DAE47CB1E0CC833053CE34EA/..\arduino-core-cache\core_arduino_samd_arduino_zero_nativeg16_8955ed14b5308ce541648a9c34a5144e.a(Uart.cpp.o)
                0x0000458c                Uart::extractNbStopBit(unsigned short)
 .text._ZN4Uart15extractCharSizeEt
                0x00004598       0x28 C:\Users\admin\AppData\Local\Temp\arduino-sketch-0C8FB6A5DAE47CB1E0CC833053CE34EA/..\arduino-core-cache\core_arduino_samd_arduino_zero_nativeg16_8955ed14b5308ce541648a9c34a5144e.a(Uart.cpp.o)
                0x00004598                Uart::extractCharSize(unsigned short)
 .text._ZN4Uart13extractParityEt
                0x000045c0       0x14 C:\Users\admin\AppData\Local\Temp\arduino-sketch-0C8FB6A5DAE47CB1E0CC833053CE34EA/..\arduino-core-cache\core_arduino_samd_arduino_zero_nativeg16_8955ed14b5308ce541648a9c34a5144e.a(Uart.cpp.o)
                0x000045c0                Uart::extractParity(unsigned short)
 .text._ZN4Uart5beginEmt
                0x000045d4       0xf8 C:\Users\admin\AppData\Local\Temp\arduino-sketch-0C8FB6A5DAE47CB1E0CC833053CE34EA/..\arduino-core-cache\core_arduino_samd_arduino_zero_nativeg16_8955ed14b5308ce541648a9c34a5144e.a(Uart.cpp.o)
                0x000045d4                Uart::begin(unsigned long, unsigned short)
 .text._ZN7arduino11RingBufferNILi256EEC2Ev
                0x000046cc       0x1e C:\Users\admin\AppData\Local\Temp\arduino-sketch-0C8FB6A5DAE47CB1E0CC833053CE34EA/..\arduino-core-cache\core_arduino_samd_arduino_zero_nativeg16_8955ed14b5308ce541648a9c34a5144e.a(Uart.cpp.o)
                0x000046cc                arduino::RingBufferN<256>::RingBufferN()
                0x000046cc                arduino::RingBufferN<256>::RingBufferN()
 *fill*         0x000046ea        0x2 
 .text._ZN4UartC2EP6SERCOMhh11SercomRXPad15SercomUartTXPad
                0x000046ec       0x74 C:\Users\admin\AppData\Local\Temp\arduino-sketch-0C8FB6A5DAE47CB1E0CC833053CE34EA/..\arduino-core-cache\core_arduino_samd_arduino_zero_nativeg16_8955ed14b5308ce541648a9c34a5144e.a(Uart.cpp.o)
                0x000046ec                Uart::Uart(SERCOM*, unsigned char, unsigned char, SercomRXPad, SercomUartTXPad)
                0x000046ec                Uart::Uart(SERCOM*, unsigned char, unsigned char, SercomRXPad, SercomUartTXPad)
 .text._ZN7arduino15SafeRingBufferNILi256EE10store_charEh
                0x00004760       0x4a C:\Users\admin\AppData\Local\Temp\arduino-sketch-0C8FB6A5DAE47CB1E0CC833053CE34EA/..\arduino-core-cache\core_arduino_samd_arduino_zero_nativeg16_8955ed14b5308ce541648a9c34a5144e.a(Uart.cpp.o)
                0x00004760                arduino::SafeRingBufferN<256>::store_char(unsigned char)
 .text._ZN7arduino15SafeRingBufferNILi256EE9read_charEv
                0x000047aa       0x50 C:\Users\admin\AppData\Local\Temp\arduino-sketch-0C8FB6A5DAE47CB1E0CC833053CE34EA/..\arduino-core-cache\core_arduino_samd_arduino_zero_nativeg16_8955ed14b5308ce541648a9c34a5144e.a(Uart.cpp.o)
                0x000047aa                arduino::SafeRingBufferN<256>::read_char()
 .text._ZN4Uart10IrqHandlerEv
                0x000047fa       0xa4 C:\Users\admin\AppData\Local\Temp\arduino-sketch-0C8FB6A5DAE47CB1E0CC833053CE34EA/..\arduino-core-cache\core_arduino_samd_arduino_zero_nativeg16_8955ed14b5308ce541648a9c34a5144e.a(Uart.cpp.o)
                0x000047fa                Uart::IrqHandler()
 *fill*         0x0000489e        0x2 
 .text._ZN4Uart5writeEh
                0x000048a0       0x9c C:\Users\admin\AppData\Local\Temp\arduino-sketch-0C8FB6A5DAE47CB1E0CC833053CE34EA/..\arduino-core-cache\core_arduino_samd_arduino_zero_nativeg16_8955ed14b5308ce541648a9c34a5144e.a(Uart.cpp.o)
                0x000048a0                Uart::write(unsigned char)
 .text._ZN4Uart4readEv
                0x0000493c       0x34 C:\Users\admin\AppData\Local\Temp\arduino-sketch-0C8FB6A5DAE47CB1E0CC833053CE34EA/..\arduino-core-cache\core_arduino_samd_arduino_zero_nativeg16_8955ed14b5308ce541648a9c34a5144e.a(Uart.cpp.o)
                0x0000493c                Uart::read()
 .text.attachInterrupt
                0x00004970      0x130 C:\Users\admin\AppData\Local\Temp\arduino-sketch-0C8FB6A5DAE47CB1E0CC833053CE34EA/..\arduino-core-cache\core_arduino_samd_arduino_zero_nativeg16_8955ed14b5308ce541648a9c34a5144e.a(WInterrupts.c.o)
                0x00004970                attachInterrupt
 .text.EIC_Handler
                0x00004aa0       0x3c C:\Users\admin\AppData\Local\Temp\arduino-sketch-0C8FB6A5DAE47CB1E0CC833053CE34EA/..\arduino-core-cache\core_arduino_samd_arduino_zero_nativeg16_8955ed14b5308ce541648a9c34a5144e.a(WInterrupts.c.o)
                0x00004aa0                EIC_Handler
 .text._ZN7arduino13PluggableUSB_12getInterfaceEPh
                0x00004adc       0x28 C:\Users\admin\AppData\Local\Temp\arduino-sketch-0C8FB6A5DAE47CB1E0CC833053CE34EA/..\arduino-core-cache\core_arduino_samd_arduino_zero_nativeg16_8955ed14b5308ce541648a9c34a5144e.a(PluggableUSB.cpp.o)
                0x00004adc                arduino::PluggableUSB_::getInterface(unsigned char*)
 .text._ZN7arduino13PluggableUSB_13getDescriptorERNS_8USBSetupE
                0x00004b04       0x20 C:\Users\admin\AppData\Local\Temp\arduino-sketch-0C8FB6A5DAE47CB1E0CC833053CE34EA/..\arduino-core-cache\core_arduino_samd_arduino_zero_nativeg16_8955ed14b5308ce541648a9c34a5144e.a(PluggableUSB.cpp.o)
                0x00004b04                arduino::PluggableUSB_::getDescriptor(arduino::USBSetup&)
 .text._ZN7arduino13PluggableUSB_12getShortNameEPc
                0x00004b24       0x1e C:\Users\admin\AppData\Local\Temp\arduino-sketch-0C8FB6A5DAE47CB1E0CC833053CE34EA/..\arduino-core-cache\core_arduino_samd_arduino_zero_nativeg16_8955ed14b5308ce541648a9c34a5144e.a(PluggableUSB.cpp.o)
                0x00004b24                arduino::PluggableUSB_::getShortName(char*)
 .text._ZN7arduino13PluggableUSB_5setupERNS_8USBSetupE
                0x00004b42       0x20 C:\Users\admin\AppData\Local\Temp\arduino-sketch-0C8FB6A5DAE47CB1E0CC833053CE34EA/..\arduino-core-cache\core_arduino_samd_arduino_zero_nativeg16_8955ed14b5308ce541648a9c34a5144e.a(PluggableUSB.cpp.o)
                0x00004b42                arduino::PluggableUSB_::setup(arduino::USBSetup&)
 .text._ZN7arduino13PluggableUSB_4plugEPNS_18PluggableUSBModuleE
                0x00004b62       0x5c C:\Users\admin\AppData\Local\Temp\arduino-sketch-0C8FB6A5DAE47CB1E0CC833053CE34EA/..\arduino-core-cache\core_arduino_samd_arduino_zero_nativeg16_8955ed14b5308ce541648a9c34a5144e.a(PluggableUSB.cpp.o)
                0x00004b62                arduino::PluggableUSB_::plug(arduino::PluggableUSBModule*)
 *fill*         0x00004bbe        0x2 
 .text._Z12PluggableUSBv
                0x00004bc0       0x24 C:\Users\admin\AppData\Local\Temp\arduino-sketch-0C8FB6A5DAE47CB1E0CC833053CE34EA/..\arduino-core-cache\core_arduino_samd_arduino_zero_nativeg16_8955ed14b5308ce541648a9c34a5144e.a(PluggableUSB.cpp.o)
                0x00004bc0                PluggableUSB()
 .text._ZN7arduino5Print5writeEPKhj
                0x00004be4       0x28 C:\Users\admin\AppData\Local\Temp\arduino-sketch-0C8FB6A5DAE47CB1E0CC833053CE34EA/..\arduino-core-cache\core_arduino_samd_arduino_zero_nativeg16_8955ed14b5308ce541648a9c34a5144e.a(Print.cpp.o)
                0x00004be4                arduino::Print::write(unsigned char const*, unsigned int)
 .text._ZN7arduino5Print5writeEPKc.part.2
                0x00004c0c       0x1a C:\Users\admin\AppData\Local\Temp\arduino-sketch-0C8FB6A5DAE47CB1E0CC833053CE34EA/..\arduino-core-cache\core_arduino_samd_arduino_zero_nativeg16_8955ed14b5308ce541648a9c34a5144e.a(Print.cpp.o)
 .text._ZN7arduino5Print5writeEPKc
                0x00004c26       0x10 C:\Users\admin\AppData\Local\Temp\arduino-sketch-0C8FB6A5DAE47CB1E0CC833053CE34EA/..\arduino-core-cache\core_arduino_samd_arduino_zero_nativeg16_8955ed14b5308ce541648a9c34a5144e.a(Print.cpp.o)
                0x00004c26                arduino::Print::write(char const*)
 .text._ZN7arduino5Print5printEPKc
                0x00004c36        0x8 C:\Users\admin\AppData\Local\Temp\arduino-sketch-0C8FB6A5DAE47CB1E0CC833053CE34EA/..\arduino-core-cache\core_arduino_samd_arduino_zero_nativeg16_8955ed14b5308ce541648a9c34a5144e.a(Print.cpp.o)
                0x00004c36                arduino::Print::print(char const*)
 .text._ZN7arduino5Print5printEc
                0x00004c3e        0xa C:\Users\admin\AppData\Local\Temp\arduino-sketch-0C8FB6A5DAE47CB1E0CC833053CE34EA/..\arduino-core-cache\core_arduino_samd_arduino_zero_nativeg16_8955ed14b5308ce541648a9c34a5144e.a(Print.cpp.o)
                0x00004c3e                arduino::Print::print(char)
 .text._ZN7arduino5Print7printlnEv
                0x00004c48       0x10 C:\Users\admin\AppData\Local\Temp\arduino-sketch-0C8FB6A5DAE47CB1E0CC833053CE34EA/..\arduino-core-cache\core_arduino_samd_arduino_zero_nativeg16_8955ed14b5308ce541648a9c34a5144e.a(Print.cpp.o)
                0x00004c48                arduino::Print::println()
 .text._ZN7arduino5Print7printlnEPKc
                0x00004c58       0x14 C:\Users\admin\AppData\Local\Temp\arduino-sketch-0C8FB6A5DAE47CB1E0CC833053CE34EA/..\arduino-core-cache\core_arduino_samd_arduino_zero_nativeg16_8955ed14b5308ce541648a9c34a5144e.a(Print.cpp.o)
                0x00004c58                arduino::Print::println(char const*)
 .text._ZN7arduino5Print11printNumberEmh
                0x00004c6c       0x48 C:\Users\admin\AppData\Local\Temp\arduino-sketch-0C8FB6A5DAE47CB1E0CC833053CE34EA/..\arduino-core-cache\core_arduino_samd_arduino_zero_nativeg16_8955ed14b5308ce541648a9c34a5144e.a(Print.cpp.o)
                0x00004c6c                arduino::Print::printNumber(unsigned long, unsigned char)
 .text._ZN7arduino5Print5printEli
                0x00004cb4       0x3e C:\Users\admin\AppData\Local\Temp\arduino-sketch-0C8FB6A5DAE47CB1E0CC833053CE34EA/..\arduino-core-cache\core_arduino_samd_arduino_zero_nativeg16_8955ed14b5308ce541648a9c34a5144e.a(Print.cpp.o)
                0x00004cb4                arduino::Print::print(long, int)
 .text._ZN7arduino5Print5printEii
                0x00004cf2        0x8 C:\Users\admin\AppData\Local\Temp\arduino-sketch-0C8FB6A5DAE47CB1E0CC833053CE34EA/..\arduino-core-cache\core_arduino_samd_arduino_zero_nativeg16_8955ed14b5308ce541648a9c34a5144e.a(Print.cpp.o)
                0x00004cf2                arduino::Print::print(int, int)
 .text._ZN7arduino5Print5printEmi
                0x00004cfa       0x18 C:\Users\admin\AppData\Local\Temp\arduino-sketch-0C8FB6A5DAE47CB1E0CC833053CE34EA/..\arduino-core-cache\core_arduino_samd_arduino_zero_nativeg16_8955ed14b5308ce541648a9c34a5144e.a(Print.cpp.o)
                0x00004cfa                arduino::Print::print(unsigned long, int)
 .text._ZN7arduino5Print7printlnEhi
                0x00004d12       0x14 C:\Users\admin\AppData\Local\Temp\arduino-sketch-0C8FB6A5DAE47CB1E0CC833053CE34EA/..\arduino-core-cache\core_arduino_samd_arduino_zero_nativeg16_8955ed14b5308ce541648a9c34a5144e.a(Print.cpp.o)
                0x00004d12                arduino::Print::println(unsigned char, int)
 *fill*         0x00004d26        0x2 
 .text._ZN7arduino5Print10printFloatEdi
                0x00004d28      0x170 C:\Users\admin\AppData\Local\Temp\arduino-sketch-0C8FB6A5DAE47CB1E0CC833053CE34EA/..\arduino-core-cache\core_arduino_samd_arduino_zero_nativeg16_8955ed14b5308ce541648a9c34a5144e.a(Print.cpp.o)
                0x00004d28                arduino::Print::printFloat(double, int)
 .text._ZN7arduino5Print5printEdi
                0x00004e98        0xc C:\Users\admin\AppData\Local\Temp\arduino-sketch-0C8FB6A5DAE47CB1E0CC833053CE34EA/..\arduino-core-cache\core_arduino_samd_arduino_zero_nativeg16_8955ed14b5308ce541648a9c34a5144e.a(Print.cpp.o)
                0x00004e98                arduino::Print::print(double, int)
 .text.Dummy_Handler
                0x00004ea4        0x2 C:\Users\admin\AppData\Local\Temp\arduino-sketch-0C8FB6A5DAE47CB1E0CC833053CE34EA/..\arduino-core-cache\core_arduino_samd_arduino_zero_nativeg16_8955ed14b5308ce541648a9c34a5144e.a(cortex_handlers.c.o)
                0x00004ea4                DMAC_Handler
                0x00004ea4                HardFault_Handler
                0x00004ea4                AC_Handler
                0x00004ea4                PendSV_Handler
                0x00004ea4                NMI_Handler
                0x00004ea4                TC7_Handler
                0x00004ea4                SERCOM1_Handler
                0x00004ea4                ADC_Handler
                0x00004ea4                TCC1_Handler
                0x00004ea4                SERCOM2_Handler
                0x00004ea4                TCC0_Handler
                0x00004ea4                RTC_Handler
                0x00004ea4                TC6_Handler
                0x00004ea4                WDT_Handler
                0x00004ea4                TC4_Handler
                0x00004ea4                TC3_Handler
                0x00004ea4                Dummy_Handler
                0x00004ea4                PM_Handler
                0x00004ea4                SVC_Handler
                0x00004ea4                TCC2_Handler
                0x00004ea4                EVSYS_Handler
                0x00004ea4                SERCOM3_Handler
                0x00004ea4                SERCOM4_Handler
                0x00004ea4                I2S_Handler
                0x00004ea4                NVMCTRL_Handler
                0x00004ea4                DAC_Handler
                0x00004ea4                PTC_Handler
                0x00004ea4                SYSCTRL_Handler
 *fill*         0x00004ea6        0x2 
 .text.USB_Handler
                0x00004ea8       0x14 C:\Users\admin\AppData\Local\Temp\arduino-sketch-0C8FB6A5DAE47CB1E0CC833053CE34EA/..\arduino-core-cache\core_arduino_samd_arduino_zero_nativeg16_8955ed14b5308ce541648a9c34a5144e.a(cortex_handlers.c.o)
                0x00004ea8                USB_Handler
 .text.Reset_Handler
                0x00004ebc       0x54 C:\Users\admin\AppData\Local\Temp\arduino-sketch-0C8FB6A5DAE47CB1E0CC833053CE34EA/..\arduino-core-cache\core_arduino_samd_arduino_zero_nativeg16_8955ed14b5308ce541648a9c34a5144e.a(cortex_handlers.c.o)
                0x00004ebc                Reset_Handler
 .text.SysTick_Handler
                0x00004f10       0x10 C:\Users\admin\AppData\Local\Temp\arduino-sketch-0C8FB6A5DAE47CB1E0CC833053CE34EA/..\arduino-core-cache\core_arduino_samd_arduino_zero_nativeg16_8955ed14b5308ce541648a9c34a5144e.a(cortex_handlers.c.o)
                0x00004f10                SysTick_Handler
 .text.USB_SetHandler
                0x00004f20        0xc C:\Users\admin\AppData\Local\Temp\arduino-sketch-0C8FB6A5DAE47CB1E0CC833053CE34EA/..\arduino-core-cache\core_arduino_samd_arduino_zero_nativeg16_8955ed14b5308ce541648a9c34a5144e.a(cortex_handlers.c.o)
                0x00004f20                USB_SetHandler
 .text.millis   0x00004f2c        0xc C:\Users\admin\AppData\Local\Temp\arduino-sketch-0C8FB6A5DAE47CB1E0CC833053CE34EA/..\arduino-core-cache\core_arduino_samd_arduino_zero_nativeg16_8955ed14b5308ce541648a9c34a5144e.a(delay.c.o)
                0x00004f2c                millis
 .text.micros   0x00004f38       0x60 C:\Users\admin\AppData\Local\Temp\arduino-sketch-0C8FB6A5DAE47CB1E0CC833053CE34EA/..\arduino-core-cache\core_arduino_samd_arduino_zero_nativeg16_8955ed14b5308ce541648a9c34a5144e.a(delay.c.o)
                0x00004f38                micros
 .text.delay    0x00004f98       0x30 C:\Users\admin\AppData\Local\Temp\arduino-sketch-0C8FB6A5DAE47CB1E0CC833053CE34EA/..\arduino-core-cache\core_arduino_samd_arduino_zero_nativeg16_8955ed14b5308ce541648a9c34a5144e.a(delay.c.o)
                0x00004f98                delay
 .text.SysTick_DefaultHandler
                0x00004fc8       0x14 C:\Users\admin\AppData\Local\Temp\arduino-sketch-0C8FB6A5DAE47CB1E0CC833053CE34EA/..\arduino-core-cache\core_arduino_samd_arduino_zero_nativeg16_8955ed14b5308ce541648a9c34a5144e.a(delay.c.o)
                0x00004fc8                SysTick_DefaultHandler
 .text.delayMicroseconds
                0x00004fdc       0x16 C:\Users\admin\AppData\Local\Temp\arduino-sketch-0C8FB6A5DAE47CB1E0CC833053CE34EA/..\arduino-core-cache\core_arduino_samd_arduino_zero_nativeg16_8955ed14b5308ce541648a9c34a5144e.a(delay.c.o)
                0x00004fdc                delayMicroseconds
 .text.__empty  0x00004ff2        0x2 C:\Users\admin\AppData\Local\Temp\arduino-sketch-0C8FB6A5DAE47CB1E0CC833053CE34EA/..\arduino-core-cache\core_arduino_samd_arduino_zero_nativeg16_8955ed14b5308ce541648a9c34a5144e.a(hooks.c.o)
                0x00004ff2                yield
 .text.__false  0x00004ff4        0x4 C:\Users\admin\AppData\Local\Temp\arduino-sketch-0C8FB6A5DAE47CB1E0CC833053CE34EA/..\arduino-core-cache\core_arduino_samd_arduino_zero_nativeg16_8955ed14b5308ce541648a9c34a5144e.a(hooks.c.o)
                0x00004ff4                sysTickHook
 .text.initVariant
                0x00004ff8        0x2 C:\Users\admin\AppData\Local\Temp\arduino-sketch-0C8FB6A5DAE47CB1E0CC833053CE34EA/..\arduino-core-cache\core_arduino_samd_arduino_zero_nativeg16_8955ed14b5308ce541648a9c34a5144e.a(main.cpp.o)
                0x00004ff8                initVariant
 *fill*         0x00004ffa        0x2 
 .text.startup.main
                0x00004ffc       0x40 C:\Users\admin\AppData\Local\Temp\arduino-sketch-0C8FB6A5DAE47CB1E0CC833053CE34EA/..\arduino-core-cache\core_arduino_samd_arduino_zero_nativeg16_8955ed14b5308ce541648a9c34a5144e.a(main.cpp.o)
                0x00004ffc                main
 .text._Znwj    0x0000503c        0x8 C:\Users\admin\AppData\Local\Temp\arduino-sketch-0C8FB6A5DAE47CB1E0CC833053CE34EA/..\arduino-core-cache\core_arduino_samd_arduino_zero_nativeg16_8955ed14b5308ce541648a9c34a5144e.a(new.cpp.o)
                0x0000503c                operator new(unsigned int)
 .text._ZdlPv   0x00005044        0x8 C:\Users\admin\AppData\Local\Temp\arduino-sketch-0C8FB6A5DAE47CB1E0CC833053CE34EA/..\arduino-core-cache\core_arduino_samd_arduino_zero_nativeg16_8955ed14b5308ce541648a9c34a5144e.a(new.cpp.o)
                0x00005044                operator delete(void*)
 .text.SystemInit
                0x0000504c      0x160 C:\Users\admin\AppData\Local\Temp\arduino-sketch-0C8FB6A5DAE47CB1E0CC833053CE34EA/..\arduino-core-cache\core_arduino_samd_arduino_zero_nativeg16_8955ed14b5308ce541648a9c34a5144e.a(startup.c.o)
                0x0000504c                SystemInit
 .text.init     0x000051ac       0xf0 C:\Users\admin\AppData\Local\Temp\arduino-sketch-0C8FB6A5DAE47CB1E0CC833053CE34EA/..\arduino-core-cache\core_arduino_samd_arduino_zero_nativeg16_8955ed14b5308ce541648a9c34a5144e.a(wiring.c.o)
                0x000051ac                init
 .text.analogReference
                0x0000529c       0x64 C:\Users\admin\AppData\Local\Temp\arduino-sketch-0C8FB6A5DAE47CB1E0CC833053CE34EA/..\arduino-core-cache\core_arduino_samd_arduino_zero_nativeg16_8955ed14b5308ce541648a9c34a5144e.a(wiring_analog.c.o)
                0x0000529c                analogReference
 .text.pinMode  0x00005300       0x98 C:\Users\admin\AppData\Local\Temp\arduino-sketch-0C8FB6A5DAE47CB1E0CC833053CE34EA/..\arduino-core-cache\core_arduino_samd_arduino_zero_nativeg16_8955ed14b5308ce541648a9c34a5144e.a(wiring_digital.c.o)
                0x00005300                pinMode
 .text.digitalWrite
                0x00005398       0x58 C:\Users\admin\AppData\Local\Temp\arduino-sketch-0C8FB6A5DAE47CB1E0CC833053CE34EA/..\arduino-core-cache\core_arduino_samd_arduino_zero_nativeg16_8955ed14b5308ce541648a9c34a5144e.a(wiring_digital.c.o)
                0x00005398                digitalWrite
 .text.digitalRead
                0x000053f0       0x30 C:\Users\admin\AppData\Local\Temp\arduino-sketch-0C8FB6A5DAE47CB1E0CC833053CE34EA/..\arduino-core-cache\core_arduino_samd_arduino_zero_nativeg16_8955ed14b5308ce541648a9c34a5144e.a(wiring_digital.c.o)
                0x000053f0                digitalRead
 .text.pinPeripheral
                0x00005420       0xc0 C:\Users\admin\AppData\Local\Temp\arduino-sketch-0C8FB6A5DAE47CB1E0CC833053CE34EA/..\arduino-core-cache\core_arduino_samd_arduino_zero_nativeg16_8955ed14b5308ce541648a9c34a5144e.a(wiring_private.c.o)
                0x00005420                pinPeripheral
 .text.initiateReset
                0x000054e0       0x14 C:\Users\admin\AppData\Local\Temp\arduino-sketch-0C8FB6A5DAE47CB1E0CC833053CE34EA/..\arduino-core-cache\core_arduino_samd_arduino_zero_nativeg16_8955ed14b5308ce541648a9c34a5144e.a(Reset.cpp.o)
                0x000054e0                initiateReset
 .text.cancelReset
                0x000054f4       0x10 C:\Users\admin\AppData\Local\Temp\arduino-sketch-0C8FB6A5DAE47CB1E0CC833053CE34EA/..\arduino-core-cache\core_arduino_samd_arduino_zero_nativeg16_8955ed14b5308ce541648a9c34a5144e.a(Reset.cpp.o)
                0x000054f4                cancelReset
 .text.tickReset
                0x00005504       0x78 C:\Users\admin\AppData\Local\Temp\arduino-sketch-0C8FB6A5DAE47CB1E0CC833053CE34EA/..\arduino-core-cache\core_arduino_samd_arduino_zero_nativeg16_8955ed14b5308ce541648a9c34a5144e.a(Reset.cpp.o)
                0x00005504                tickReset
 .text          0x0000557c       0x14 c:/users/admin/appdata/local/arduino15/packages/arduino/tools/arm-none-eabi-gcc/7-2017q4/bin/../lib/gcc/arm-none-eabi/7.2.1/thumb/v6-m\libgcc.a(_thumb1_case_sqi.o)
                0x0000557c                __gnu_thumb1_case_sqi
 .text          0x00005590       0x14 c:/users/admin/appdata/local/arduino15/packages/arduino/tools/arm-none-eabi-gcc/7-2017q4/bin/../lib/gcc/arm-none-eabi/7.2.1/thumb/v6-m\libgcc.a(_thumb1_case_uqi.o)
                0x00005590                __gnu_thumb1_case_uqi
 .text          0x000055a4      0x114 c:/users/admin/appdata/local/arduino15/packages/arduino/tools/arm-none-eabi-gcc/7-2017q4/bin/../lib/gcc/arm-none-eabi/7.2.1/thumb/v6-m\libgcc.a(_udivsi3.o)
                0x000055a4                __aeabi_uidiv
                0x000055a4                __udivsi3
                0x000056b0                __aeabi_uidivmod
 .text          0x000056b8        0x4 c:/users/admin/appdata/local/arduino15/packages/arduino/tools/arm-none-eabi-gcc/7-2017q4/bin/../lib/gcc/arm-none-eabi/7.2.1/thumb/v6-m\libgcc.a(_dvmd_tls.o)
                0x000056b8                __aeabi_idiv0
                0x000056b8                __aeabi_ldiv0
 .text          0x000056bc       0x7c c:/users/admin/appdata/local/arduino15/packages/arduino/tools/arm-none-eabi-gcc/7-2017q4/bin/../lib/gcc/arm-none-eabi/7.2.1/thumb/v6-m\libgcc.a(_arm_cmpdf2.o)
                0x000056bc                __aeabi_cdrcmple
                0x000056cc                __aeabi_cdcmple
                0x000056cc                __aeabi_cdcmpeq
                0x000056dc                __aeabi_dcmpeq
                0x000056e8                __aeabi_dcmplt
                0x000056fc                __aeabi_dcmple
                0x00005710                __aeabi_dcmpgt
                0x00005724                __aeabi_dcmpge
 .text          0x00005738       0x3c c:/users/admin/appdata/local/arduino15/packages/arduino/tools/arm-none-eabi-gcc/7-2017q4/bin/../lib/gcc/arm-none-eabi/7.2.1/thumb/v6-m\libgcc.a(_fixunsdfsi.o)
                0x00005738                __aeabi_d2uiz
                0x00005738                __fixunsdfsi
 .text          0x00005774      0x334 c:/users/admin/appdata/local/arduino15/packages/arduino/tools/arm-none-eabi-gcc/7-2017q4/bin/../lib/gcc/arm-none-eabi/7.2.1/thumb/v6-m\libgcc.a(addsf3.o)
                0x00005774                __aeabi_fadd
 .text          0x00005aa8      0x224 c:/users/admin/appdata/local/arduino15/packages/arduino/tools/arm-none-eabi-gcc/7-2017q4/bin/../lib/gcc/arm-none-eabi/7.2.1/thumb/v6-m\libgcc.a(divsf3.o)
                0x00005aa8                __aeabi_fdiv
 .text          0x00005ccc      0x264 c:/users/admin/appdata/local/arduino15/packages/arduino/tools/arm-none-eabi-gcc/7-2017q4/bin/../lib/gcc/arm-none-eabi/7.2.1/thumb/v6-m\libgcc.a(mulsf3.o)
                0x00005ccc                __aeabi_fmul
 .text          0x00005f30      0x388 c:/users/admin/appdata/local/arduino15/packages/arduino/tools/arm-none-eabi-gcc/7-2017q4/bin/../lib/gcc/arm-none-eabi/7.2.1/thumb/v6-m\libgcc.a(subsf3.o)
                0x00005f30                __aeabi_fsub
 .text          0x000062b8       0x94 c:/users/admin/appdata/local/arduino15/packages/arduino/tools/arm-none-eabi-gcc/7-2017q4/bin/../lib/gcc/arm-none-eabi/7.2.1/thumb/v6-m\libgcc.a(floatsisf.o)
                0x000062b8                __aeabi_i2f
 .text          0x0000634c       0x80 c:/users/admin/appdata/local/arduino15/packages/arduino/tools/arm-none-eabi-gcc/7-2017q4/bin/../lib/gcc/arm-none-eabi/7.2.1/thumb/v6-m\libgcc.a(floatunsisf.o)
                0x0000634c                __aeabi_ui2f
 .text          0x000063cc      0x638 c:/users/admin/appdata/local/arduino15/packages/arduino/tools/arm-none-eabi-gcc/7-2017q4/bin/../lib/gcc/arm-none-eabi/7.2.1/thumb/v6-m\libgcc.a(adddf3.o)
                0x000063cc                __aeabi_dadd
 .text          0x00006a04      0x604 c:/users/admin/appdata/local/arduino15/packages/arduino/tools/arm-none-eabi-gcc/7-2017q4/bin/../lib/gcc/arm-none-eabi/7.2.1/thumb/v6-m\libgcc.a(divdf3.o)
                0x00006a04                __aeabi_ddiv
 .text          0x00007008       0x78 c:/users/admin/appdata/local/arduino15/packages/arduino/tools/arm-none-eabi-gcc/7-2017q4/bin/../lib/gcc/arm-none-eabi/7.2.1/thumb/v6-m\libgcc.a(eqdf2.o)
                0x00007008                __nedf2
                0x00007008                __eqdf2
 .text          0x00007080       0xc8 c:/users/admin/appdata/local/arduino15/packages/arduino/tools/arm-none-eabi-gcc/7-2017q4/bin/../lib/gcc/arm-none-eabi/7.2.1/thumb/v6-m\libgcc.a(gedf2.o)
                0x00007080                __gedf2
                0x00007080                __gtdf2
 .text          0x00007148       0xd0 c:/users/admin/appdata/local/arduino15/packages/arduino/tools/arm-none-eabi-gcc/7-2017q4/bin/../lib/gcc/arm-none-eabi/7.2.1/thumb/v6-m\libgcc.a(ledf2.o)
                0x00007148                __ledf2
                0x00007148                __ltdf2
 .text          0x00007218      0x4e4 c:/users/admin/appdata/local/arduino15/packages/arduino/tools/arm-none-eabi-gcc/7-2017q4/bin/../lib/gcc/arm-none-eabi/7.2.1/thumb/v6-m\libgcc.a(muldf3.o)
                0x00007218                __aeabi_dmul
 .text          0x000076fc      0x690 c:/users/admin/appdata/local/arduino15/packages/arduino/tools/arm-none-eabi-gcc/7-2017q4/bin/../lib/gcc/arm-none-eabi/7.2.1/thumb/v6-m\libgcc.a(subdf3.o)
                0x000076fc                __aeabi_dsub
 .text          0x00007d8c       0x38 c:/users/admin/appdata/local/arduino15/packages/arduino/tools/arm-none-eabi-gcc/7-2017q4/bin/../lib/gcc/arm-none-eabi/7.2.1/thumb/v6-m\libgcc.a(unorddf2.o)
                0x00007d8c                __aeabi_dcmpun
 .text          0x00007dc4       0x6c c:/users/admin/appdata/local/arduino15/packages/arduino/tools/arm-none-eabi-gcc/7-2017q4/bin/../lib/gcc/arm-none-eabi/7.2.1/thumb/v6-m\libgcc.a(fixdfsi.o)
                0x00007dc4                __aeabi_d2iz
 .text          0x00007e30       0x74 c:/users/admin/appdata/local/arduino15/packages/arduino/tools/arm-none-eabi-gcc/7-2017q4/bin/../lib/gcc/arm-none-eabi/7.2.1/thumb/v6-m\libgcc.a(floatsidf.o)
                0x00007e30                __aeabi_i2d
 .text          0x00007ea4       0x64 c:/users/admin/appdata/local/arduino15/packages/arduino/tools/arm-none-eabi-gcc/7-2017q4/bin/../lib/gcc/arm-none-eabi/7.2.1/thumb/v6-m\libgcc.a(floatunsidf.o)
                0x00007ea4                __aeabi_ui2d
 .text          0x00007f08       0xa4 c:/users/admin/appdata/local/arduino15/packages/arduino/tools/arm-none-eabi-gcc/7-2017q4/bin/../lib/gcc/arm-none-eabi/7.2.1/thumb/v6-m\libgcc.a(extendsfdf2.o)
                0x00007f08                __aeabi_f2d
 .text          0x00007fac      0x108 c:/users/admin/appdata/local/arduino15/packages/arduino/tools/arm-none-eabi-gcc/7-2017q4/bin/../lib/gcc/arm-none-eabi/7.2.1/thumb/v6-m\libgcc.a(truncdfsf2.o)
                0x00007fac                __aeabi_d2f
 .text          0x000080b4       0x3c c:/users/admin/appdata/local/arduino15/packages/arduino/tools/arm-none-eabi-gcc/7-2017q4/bin/../lib/gcc/arm-none-eabi/7.2.1/thumb/v6-m\libgcc.a(_clzsi2.o)
                0x000080b4                __clzsi2
 .text.__assert_func
                0x000080f0       0x3c c:/users/admin/appdata/local/arduino15/packages/arduino/tools/arm-none-eabi-gcc/7-2017q4/bin/../lib/gcc/arm-none-eabi/7.2.1/../../../../arm-none-eabi/lib/thumb/v6-m\libc_nano.a(lib_a-assert.o)
                0x000080f0                __assert_func
 .text.fprintf  0x0000812c       0x20 c:/users/admin/appdata/local/arduino15/packages/arduino/tools/arm-none-eabi-gcc/7-2017q4/bin/../lib/gcc/arm-none-eabi/7.2.1/../../../../arm-none-eabi/lib/thumb/v6-m\libc_nano.a(lib_a-fprintf.o)
                0x0000812c                fiprintf
                0x0000812c                fprintf
 .text.__libc_init_array
                0x0000814c       0x48 c:/users/admin/appdata/local/arduino15/packages/arduino/tools/arm-none-eabi-gcc/7-2017q4/bin/../lib/gcc/arm-none-eabi/7.2.1/../../../../arm-none-eabi/lib/thumb/v6-m\libc_nano.a(lib_a-init.o)
                0x0000814c                __libc_init_array
 .text.malloc   0x00008194       0x14 c:/users/admin/appdata/local/arduino15/packages/arduino/tools/arm-none-eabi-gcc/7-2017q4/bin/../lib/gcc/arm-none-eabi/7.2.1/../../../../arm-none-eabi/lib/thumb/v6-m\libc_nano.a(lib_a-malloc.o)
                0x00008194                malloc
 .text.free     0x000081a8       0x14 c:/users/admin/appdata/local/arduino15/packages/arduino/tools/arm-none-eabi-gcc/7-2017q4/bin/../lib/gcc/arm-none-eabi/7.2.1/../../../../arm-none-eabi/lib/thumb/v6-m\libc_nano.a(lib_a-malloc.o)
                0x000081a8                free
 .text.memcpy   0x000081bc       0x12 c:/users/admin/appdata/local/arduino15/packages/arduino/tools/arm-none-eabi-gcc/7-2017q4/bin/../lib/gcc/arm-none-eabi/7.2.1/../../../../arm-none-eabi/lib/thumb/v6-m\libc_nano.a(lib_a-memcpy-stub.o)
                0x000081bc                memcpy
 .text.memset   0x000081ce       0x10 c:/users/admin/appdata/local/arduino15/packages/arduino/tools/arm-none-eabi-gcc/7-2017q4/bin/../lib/gcc/arm-none-eabi/7.2.1/../../../../arm-none-eabi/lib/thumb/v6-m\libc_nano.a(lib_a-memset.o)
                0x000081ce                memset
 *fill*         0x000081de        0x2 
 .text._free_r  0x000081e0       0x94 c:/users/admin/appdata/local/arduino15/packages/arduino/tools/arm-none-eabi-gcc/7-2017q4/bin/../lib/gcc/arm-none-eabi/7.2.1/../../../../arm-none-eabi/lib/thumb/v6-m\libc_nano.a(lib_a-nano-freer.o)
                0x000081e0                _free_r
 .text._malloc_r
                0x00008274       0xbc c:/users/admin/appdata/local/arduino15/packages/arduino/tools/arm-none-eabi-gcc/7-2017q4/bin/../lib/gcc/arm-none-eabi/7.2.1/../../../../arm-none-eabi/lib/thumb/v6-m\libc_nano.a(lib_a-nano-mallocr.o)
                0x00008274                _malloc_r
 .text.__sfputc_r
                0x00008330       0x2a c:/users/admin/appdata/local/arduino15/packages/arduino/tools/arm-none-eabi-gcc/7-2017q4/bin/../lib/gcc/arm-none-eabi/7.2.1/../../../../arm-none-eabi/lib/thumb/v6-m\libc_nano.a(lib_a-nano-vfprintf.o)
 .text.__sfputs_r
                0x0000835a       0x24 c:/users/admin/appdata/local/arduino15/packages/arduino/tools/arm-none-eabi-gcc/7-2017q4/bin/../lib/gcc/arm-none-eabi/7.2.1/../../../../arm-none-eabi/lib/thumb/v6-m\libc_nano.a(lib_a-nano-vfprintf.o)
                0x0000835a                __sfputs_r
 *fill*         0x0000837e        0x2 
 .text._vfprintf_r
                0x00008380      0x22c c:/users/admin/appdata/local/arduino15/packages/arduino/tools/arm-none-eabi-gcc/7-2017q4/bin/../lib/gcc/arm-none-eabi/7.2.1/../../../../arm-none-eabi/lib/thumb/v6-m\libc_nano.a(lib_a-nano-vfprintf.o)
                0x00008380                _vfprintf_r
                0x00008380                _vfiprintf_r
 .text._printf_common
                0x000085ac       0xda c:/users/admin/appdata/local/arduino15/packages/arduino/tools/arm-none-eabi-gcc/7-2017q4/bin/../lib/gcc/arm-none-eabi/7.2.1/../../../../arm-none-eabi/lib/thumb/v6-m\libc_nano.a(lib_a-nano-vfprintf_i.o)
                0x000085ac                _printf_common
 *fill*         0x00008686        0x2 
 .text._printf_i
                0x00008688      0x210 c:/users/admin/appdata/local/arduino15/packages/arduino/tools/arm-none-eabi-gcc/7-2017q4/bin/../lib/gcc/arm-none-eabi/7.2.1/../../../../arm-none-eabi/lib/thumb/v6-m\libc_nano.a(lib_a-nano-vfprintf_i.o)
                0x00008688                _printf_i
 .text._sbrk_r  0x00008898       0x24 c:/users/admin/appdata/local/arduino15/packages/arduino/tools/arm-none-eabi-gcc/7-2017q4/bin/../lib/gcc/arm-none-eabi/7.2.1/../../../../arm-none-eabi/lib/thumb/v6-m\libc_nano.a(lib_a-sbrkr.o)
                0x00008898                _sbrk_r
 .text          0x000088bc        0xe c:/users/admin/appdata/local/arduino15/packages/arduino/tools/arm-none-eabi-gcc/7-2017q4/bin/../lib/gcc/arm-none-eabi/7.2.1/../../../../arm-none-eabi/lib/thumb/v6-m\libc_nano.a(lib_a-strlen.o)
                0x000088bc                strlen
 *fill*         0x000088ca        0x2 
 .text.__swbuf_r
                0x000088cc       0xac c:/users/admin/appdata/local/arduino15/packages/arduino/tools/arm-none-eabi-gcc/7-2017q4/bin/../lib/gcc/arm-none-eabi/7.2.1/../../../../arm-none-eabi/lib/thumb/v6-m\libc_nano.a(lib_a-wbuf.o)
                0x000088cc                __swbuf_r
 .text.__swsetup_r
                0x00008978       0xec c:/users/admin/appdata/local/arduino15/packages/arduino/tools/arm-none-eabi-gcc/7-2017q4/bin/../lib/gcc/arm-none-eabi/7.2.1/../../../../arm-none-eabi/lib/thumb/v6-m\libc_nano.a(lib_a-wsetup.o)
                0x00008978                __swsetup_r
 .text.abort    0x00008a64        0xe c:/users/admin/appdata/local/arduino15/packages/arduino/tools/arm-none-eabi-gcc/7-2017q4/bin/../lib/gcc/arm-none-eabi/7.2.1/../../../../arm-none-eabi/lib/thumb/v6-m\libc_nano.a(lib_a-abort.o)
                0x00008a64                abort
 *fill*         0x00008a72        0x2 
 .text.__sflush_r
                0x00008a74      0x114 c:/users/admin/appdata/local/arduino15/packages/arduino/tools/arm-none-eabi-gcc/7-2017q4/bin/../lib/gcc/arm-none-eabi/7.2.1/../../../../arm-none-eabi/lib/thumb/v6-m\libc_nano.a(lib_a-fflush.o)
                0x00008a74                __sflush_r
 .text._fflush_r
                0x00008b88       0x58 c:/users/admin/appdata/local/arduino15/packages/arduino/tools/arm-none-eabi-gcc/7-2017q4/bin/../lib/gcc/arm-none-eabi/7.2.1/../../../../arm-none-eabi/lib/thumb/v6-m\libc_nano.a(lib_a-fflush.o)
                0x00008b88                _fflush_r
 .text.std      0x00008be0       0x48 c:/users/admin/appdata/local/arduino15/packages/arduino/tools/arm-none-eabi-gcc/7-2017q4/bin/../lib/gcc/arm-none-eabi/7.2.1/../../../../arm-none-eabi/lib/thumb/v6-m\libc_nano.a(lib_a-findfp.o)
 .text._cleanup_r
                0x00008c28       0x10 c:/users/admin/appdata/local/arduino15/packages/arduino/tools/arm-none-eabi-gcc/7-2017q4/bin/../lib/gcc/arm-none-eabi/7.2.1/../../../../arm-none-eabi/lib/thumb/v6-m\libc_nano.a(lib_a-findfp.o)
                0x00008c28                _cleanup_r
 .text.__sfmoreglue
                0x00008c38       0x2c c:/users/admin/appdata/local/arduino15/packages/arduino/tools/arm-none-eabi-gcc/7-2017q4/bin/../lib/gcc/arm-none-eabi/7.2.1/../../../../arm-none-eabi/lib/thumb/v6-m\libc_nano.a(lib_a-findfp.o)
                0x00008c38                __sfmoreglue
 .text.__sinit  0x00008c64       0x68 c:/users/admin/appdata/local/arduino15/packages/arduino/tools/arm-none-eabi-gcc/7-2017q4/bin/../lib/gcc/arm-none-eabi/7.2.1/../../../../arm-none-eabi/lib/thumb/v6-m\libc_nano.a(lib_a-findfp.o)
                0x00008c64                __sinit
 .text.__sfp    0x00008ccc       0x7c c:/users/admin/appdata/local/arduino15/packages/arduino/tools/arm-none-eabi-gcc/7-2017q4/bin/../lib/gcc/arm-none-eabi/7.2.1/../../../../arm-none-eabi/lib/thumb/v6-m\libc_nano.a(lib_a-findfp.o)
                0x00008ccc                __sfp
 .text._fwalk_reent
                0x00008d48       0x42 c:/users/admin/appdata/local/arduino15/packages/arduino/tools/arm-none-eabi-gcc/7-2017q4/bin/../lib/gcc/arm-none-eabi/7.2.1/../../../../arm-none-eabi/lib/thumb/v6-m\libc_nano.a(lib_a-fwalk.o)
                0x00008d48                _fwalk_reent
 *fill*         0x00008d8a        0x2 
 .text.__swhatbuf_r
                0x00008d8c       0x50 c:/users/admin/appdata/local/arduino15/packages/arduino/tools/arm-none-eabi-gcc/7-2017q4/bin/../lib/gcc/arm-none-eabi/7.2.1/../../../../arm-none-eabi/lib/thumb/v6-m\libc_nano.a(lib_a-makebuf.o)
                0x00008d8c                __swhatbuf_r
 .text.__smakebuf_r
                0x00008ddc       0x88 c:/users/admin/appdata/local/arduino15/packages/arduino/tools/arm-none-eabi-gcc/7-2017q4/bin/../lib/gcc/arm-none-eabi/7.2.1/../../../../arm-none-eabi/lib/thumb/v6-m\libc_nano.a(lib_a-makebuf.o)
                0x00008ddc                __smakebuf_r
 .text.memchr   0x00008e64       0x16 c:/users/admin/appdata/local/arduino15/packages/arduino/tools/arm-none-eabi-gcc/7-2017q4/bin/../lib/gcc/arm-none-eabi/7.2.1/../../../../arm-none-eabi/lib/thumb/v6-m\libc_nano.a(lib_a-memchr-stub.o)
                0x00008e64                memchr
 .text.__malloc_lock
                0x00008e7a        0x2 c:/users/admin/appdata/local/arduino15/packages/arduino/tools/arm-none-eabi-gcc/7-2017q4/bin/../lib/gcc/arm-none-eabi/7.2.1/../../../../arm-none-eabi/lib/thumb/v6-m\libc_nano.a(lib_a-mlock.o)
                0x00008e7a                __malloc_lock
 .text.__malloc_unlock
                0x00008e7c        0x2 c:/users/admin/appdata/local/arduino15/packages/arduino/tools/arm-none-eabi-gcc/7-2017q4/bin/../lib/gcc/arm-none-eabi/7.2.1/../../../../arm-none-eabi/lib/thumb/v6-m\libc_nano.a(lib_a-mlock.o)
                0x00008e7c                __malloc_unlock
 .text._raise_r
                0x00008e7e       0x54 c:/users/admin/appdata/local/arduino15/packages/arduino/tools/arm-none-eabi-gcc/7-2017q4/bin/../lib/gcc/arm-none-eabi/7.2.1/../../../../arm-none-eabi/lib/thumb/v6-m\libc_nano.a(lib_a-signal.o)
                0x00008e7e                _raise_r
 *fill*         0x00008ed2        0x2 
 .text.raise    0x00008ed4       0x14 c:/users/admin/appdata/local/arduino15/packages/arduino/tools/arm-none-eabi-gcc/7-2017q4/bin/../lib/gcc/arm-none-eabi/7.2.1/../../../../arm-none-eabi/lib/thumb/v6-m\libc_nano.a(lib_a-signal.o)
                0x00008ed4                raise
 .text._kill_r  0x00008ee8       0x24 c:/users/admin/appdata/local/arduino15/packages/arduino/tools/arm-none-eabi-gcc/7-2017q4/bin/../lib/gcc/arm-none-eabi/7.2.1/../../../../arm-none-eabi/lib/thumb/v6-m\libc_nano.a(lib_a-signalr.o)
                0x00008ee8                _kill_r
 .text._getpid_r
                0x00008f0c        0x8 c:/users/admin/appdata/local/arduino15/packages/arduino/tools/arm-none-eabi-gcc/7-2017q4/bin/../lib/gcc/arm-none-eabi/7.2.1/../../../../arm-none-eabi/lib/thumb/v6-m\libc_nano.a(lib_a-signalr.o)
                0x00008f0c                _getpid_r
 .text.__sread  0x00008f14       0x28 c:/users/admin/appdata/local/arduino15/packages/arduino/tools/arm-none-eabi-gcc/7-2017q4/bin/../lib/gcc/arm-none-eabi/7.2.1/../../../../arm-none-eabi/lib/thumb/v6-m\libc_nano.a(lib_a-stdio.o)
                0x00008f14                __sread
 .text.__swrite
                0x00008f3c       0x38 c:/users/admin/appdata/local/arduino15/packages/arduino/tools/arm-none-eabi-gcc/7-2017q4/bin/../lib/gcc/arm-none-eabi/7.2.1/../../../../arm-none-eabi/lib/thumb/v6-m\libc_nano.a(lib_a-stdio.o)
                0x00008f3c                __swrite
 .text.__sseek  0x00008f74       0x2c c:/users/admin/appdata/local/arduino15/packages/arduino/tools/arm-none-eabi-gcc/7-2017q4/bin/../lib/gcc/arm-none-eabi/7.2.1/../../../../arm-none-eabi/lib/thumb/v6-m\libc_nano.a(lib_a-stdio.o)
                0x00008f74                __sseek
 .text.__sclose
                0x00008fa0        0xc c:/users/admin/appdata/local/arduino15/packages/arduino/tools/arm-none-eabi-gcc/7-2017q4/bin/../lib/gcc/arm-none-eabi/7.2.1/../../../../arm-none-eabi/lib/thumb/v6-m\libc_nano.a(lib_a-stdio.o)
                0x00008fa0                __sclose
 .text._write_r
                0x00008fac       0x28 c:/users/admin/appdata/local/arduino15/packages/arduino/tools/arm-none-eabi-gcc/7-2017q4/bin/../lib/gcc/arm-none-eabi/7.2.1/../../../../arm-none-eabi/lib/thumb/v6-m\libc_nano.a(lib_a-writer.o)
                0x00008fac                _write_r
 .text._close_r
                0x00008fd4       0x24 c:/users/admin/appdata/local/arduino15/packages/arduino/tools/arm-none-eabi-gcc/7-2017q4/bin/../lib/gcc/arm-none-eabi/7.2.1/../../../../arm-none-eabi/lib/thumb/v6-m\libc_nano.a(lib_a-closer.o)
                0x00008fd4                _close_r
 .text._fstat_r
                0x00008ff8       0x24 c:/users/admin/appdata/local/arduino15/packages/arduino/tools/arm-none-eabi-gcc/7-2017q4/bin/../lib/gcc/arm-none-eabi/7.2.1/../../../../arm-none-eabi/lib/thumb/v6-m\libc_nano.a(lib_a-fstatr.o)
                0x00008ff8                _fstat_r
 .text._isatty_r
                0x0000901c       0x24 c:/users/admin/appdata/local/arduino15/packages/arduino/tools/arm-none-eabi-gcc/7-2017q4/bin/../lib/gcc/arm-none-eabi/7.2.1/../../../../arm-none-eabi/lib/thumb/v6-m\libc_nano.a(lib_a-isattyr.o)
                0x0000901c                _isatty_r
 .text._lseek_r
                0x00009040       0x28 c:/users/admin/appdata/local/arduino15/packages/arduino/tools/arm-none-eabi-gcc/7-2017q4/bin/../lib/gcc/arm-none-eabi/7.2.1/../../../../arm-none-eabi/lib/thumb/v6-m\libc_nano.a(lib_a-lseekr.o)
                0x00009040                _lseek_r
 .text._read_r  0x00009068       0x28 c:/users/admin/appdata/local/arduino15/packages/arduino/tools/arm-none-eabi-gcc/7-2017q4/bin/../lib/gcc/arm-none-eabi/7.2.1/../../../../arm-none-eabi/lib/thumb/v6-m\libc_nano.a(lib_a-readr.o)
                0x00009068                _read_r
 .text._close   0x00009090       0x10 c:/users/admin/appdata/local/arduino15/packages/arduino/tools/arm-none-eabi-gcc/7-2017q4/bin/../lib/gcc/arm-none-eabi/7.2.1/../../../../arm-none-eabi/lib/thumb/v6-m\libnosys.a(close.o)
                0x00009090                _close
 .text._fstat   0x000090a0       0x10 c:/users/admin/appdata/local/arduino15/packages/arduino/tools/arm-none-eabi-gcc/7-2017q4/bin/../lib/gcc/arm-none-eabi/7.2.1/../../../../arm-none-eabi/lib/thumb/v6-m\libnosys.a(fstat.o)
                0x000090a0                _fstat
 .text._getpid  0x000090b0       0x10 c:/users/admin/appdata/local/arduino15/packages/arduino/tools/arm-none-eabi-gcc/7-2017q4/bin/../lib/gcc/arm-none-eabi/7.2.1/../../../../arm-none-eabi/lib/thumb/v6-m\libnosys.a(getpid.o)
                0x000090b0                _getpid
 .text._isatty  0x000090c0       0x10 c:/users/admin/appdata/local/arduino15/packages/arduino/tools/arm-none-eabi-gcc/7-2017q4/bin/../lib/gcc/arm-none-eabi/7.2.1/../../../../arm-none-eabi/lib/thumb/v6-m\libnosys.a(isatty.o)
                0x000090c0                _isatty
 .text._kill    0x000090d0       0x10 c:/users/admin/appdata/local/arduino15/packages/arduino/tools/arm-none-eabi-gcc/7-2017q4/bin/../lib/gcc/arm-none-eabi/7.2.1/../../../../arm-none-eabi/lib/thumb/v6-m\libnosys.a(kill.o)
                0x000090d0                _kill
 .text._lseek   0x000090e0       0x10 c:/users/admin/appdata/local/arduino15/packages/arduino/tools/arm-none-eabi-gcc/7-2017q4/bin/../lib/gcc/arm-none-eabi/7.2.1/../../../../arm-none-eabi/lib/thumb/v6-m\libnosys.a(lseek.o)
                0x000090e0                _lseek
 .text._read    0x000090f0       0x10 c:/users/admin/appdata/local/arduino15/packages/arduino/tools/arm-none-eabi-gcc/7-2017q4/bin/../lib/gcc/arm-none-eabi/7.2.1/../../../../arm-none-eabi/lib/thumb/v6-m\libnosys.a(read.o)
                0x000090f0                _read
 .text._sbrk    0x00009100       0x1c c:/users/admin/appdata/local/arduino15/packages/arduino/tools/arm-none-eabi-gcc/7-2017q4/bin/../lib/gcc/arm-none-eabi/7.2.1/../../../../arm-none-eabi/lib/thumb/v6-m\libnosys.a(sbrk.o)
                0x00009100                _sbrk
 .text._write   0x0000911c       0x10 c:/users/admin/appdata/local/arduino15/packages/arduino/tools/arm-none-eabi-gcc/7-2017q4/bin/../lib/gcc/arm-none-eabi/7.2.1/../../../../arm-none-eabi/lib/thumb/v6-m\libnosys.a(write.o)
                0x0000911c                _write
 .text._exit    0x0000912c        0x4 c:/users/admin/appdata/local/arduino15/packages/arduino/tools/arm-none-eabi-gcc/7-2017q4/bin/../lib/gcc/arm-none-eabi/7.2.1/../../../../arm-none-eabi/lib/thumb/v6-m\libnosys.a(_exit.o)
                0x0000912c                _exit
 *(.init)
 .init          0x00009130        0x4 c:/users/admin/appdata/local/arduino15/packages/arduino/tools/arm-none-eabi-gcc/7-2017q4/bin/../lib/gcc/arm-none-eabi/7.2.1/thumb/v6-m/crti.o
                0x00009130                _init
 .init          0x00009134        0x8 c:/users/admin/appdata/local/arduino15/packages/arduino/tools/arm-none-eabi-gcc/7-2017q4/bin/../lib/gcc/arm-none-eabi/7.2.1/thumb/v6-m/crtn.o
 *(.fini)
 .fini          0x0000913c        0x4 c:/users/admin/appdata/local/arduino15/packages/arduino/tools/arm-none-eabi-gcc/7-2017q4/bin/../lib/gcc/arm-none-eabi/7.2.1/thumb/v6-m/crti.o
                0x0000913c                _fini
 .fini          0x00009140        0x8 c:/users/admin/appdata/local/arduino15/packages/arduino/tools/arm-none-eabi-gcc/7-2017q4/bin/../lib/gcc/arm-none-eabi/7.2.1/thumb/v6-m/crtn.o
 *crtbegin.o(.ctors)
 *crtbegin?.o(.ctors)
 *(EXCLUDE_FILE(*crtend.o *crtend?.o) .ctors)
 *(SORT_BY_NAME(.ctors.*))
 *(.ctors)
 *crtbegin.o(.dtors)
 *crtbegin?.o(.dtors)
 *(EXCLUDE_FILE(*crtend.o *crtend?.o) .dtors)
 *(SORT_BY_NAME(.dtors.*))
 *(.dtors)
 *(.rodata*)
 .rodata        0x00009148       0x18 C:\Users\admin\AppData\Local\Temp\arduino-sketch-0C8FB6A5DAE47CB1E0CC833053CE34EA\sketch\ADC.cpp.o
 .rodata._ZN3adc4initEht.str1.1
                0x00009160       0x6e C:\Users\admin\AppData\Local\Temp\arduino-sketch-0C8FB6A5DAE47CB1E0CC833053CE34EA\sketch\ADC.cpp.o
 .rodata._ZN3adc6sampleENS_7ChannelEbb.str1.1
                0x000091ce       0x18 C:\Users\admin\AppData\Local\Temp\arduino-sketch-0C8FB6A5DAE47CB1E0CC833053CE34EA\sketch\ADC.cpp.o
 .rodata._ZN3adc7setGainENS_4GainE.str1.1
                0x000091e6       0x51 C:\Users\admin\AppData\Local\Temp\arduino-sketch-0C8FB6A5DAE47CB1E0CC833053CE34EA\sketch\ADC.cpp.o
 .rodata._ZZN3adc4initEhtE19__PRETTY_FUNCTION__
                0x00009237       0x25 C:\Users\admin\AppData\Local\Temp\arduino-sketch-0C8FB6A5DAE47CB1E0CC833053CE34EA\sketch\ADC.cpp.o
 .rodata._ZZN3adc6sampleENS_7ChannelEbbE19__PRETTY_FUNCTION__
                0x0000925c       0x2f C:\Users\admin\AppData\Local\Temp\arduino-sketch-0C8FB6A5DAE47CB1E0CC833053CE34EA\sketch\ADC.cpp.o
 .rodata._ZZN3adc7setGainENS_4GainEE19__PRETTY_FUNCTION__
                0x0000928b       0x1d C:\Users\admin\AppData\Local\Temp\arduino-sketch-0C8FB6A5DAE47CB1E0CC833053CE34EA\sketch\ADC.cpp.o
 .rodata.loop.str1.1
                0x000092a8       0x3e C:\Users\admin\AppData\Local\Temp\arduino-sketch-0C8FB6A5DAE47CB1E0CC833053CE34EA\sketch\ESR_+cap_meter.ino.cpp.o
                                 0x3f (size before relaxing)
 .rodata.setup.str1.1
                0x000092e6       0xe2 C:\Users\admin\AppData\Local\Temp\arduino-sketch-0C8FB6A5DAE47CB1E0CC833053CE34EA\sketch\ESR_+cap_meter.ino.cpp.o
 .rodata._ZTV13LiquidCrystal
                0x000093c8       0x18 C:\Users\admin\AppData\Local\Temp\arduino-sketch-0C8FB6A5DAE47CB1E0CC833053CE34EA\libraries\LiquidCrystal\LiquidCrystal.cpp.o
                0x000093c8                vtable for LiquidCrystal
 .rodata.g_APinDescription
                0x000093e0      0x450 C:\Users\admin\AppData\Local\Temp\arduino-sketch-0C8FB6A5DAE47CB1E0CC833053CE34EA\core\variant.cpp.o
                0x000093e0                g_APinDescription
 .rodata._ZTV7Serial_
                0x00009830       0x60 C:\Users\admin\AppData\Local\Temp\arduino-sketch-0C8FB6A5DAE47CB1E0CC833053CE34EA/..\arduino-core-cache\core_arduino_samd_arduino_zero_nativeg16_8955ed14b5308ce541648a9c34a5144e.a(CDC.cpp.o)
                0x00009830                vtable for Serial_
 .rodata._ZTV26DoubleBufferedEPOutHandler
                0x00009890       0x24 C:\Users\admin\AppData\Local\Temp\arduino-sketch-0C8FB6A5DAE47CB1E0CC833053CE34EA/..\arduino-core-cache\core_arduino_samd_arduino_zero_nativeg16_8955ed14b5308ce541648a9c34a5144e.a(USBCore.cpp.o)
                0x00009890                vtable for DoubleBufferedEPOutHandler
 .rodata._ZL14STRING_PRODUCT