Archive member included to satisfy reference by file (symbol)

C:\Users\admin\AppData\Local\Temp\arduino-sketch-25D6F10C0299B9995262E51D93C1DB1E/..\arduino-core-cache\core_arduino_samd_arduino_zero_nativeg16_8955ed14b5308ce541648a9c34a5144e.a(SERCOM.cpp.o)
                              C:\Users\admin\AppData\Local\Temp\arduino-sketch-25D6F10C0299B9995262E51D93C1DB1E\core\variant.cpp.o (SERCOM::SERCOM(Sercom*))
C:\Users\admin\AppData\Local\Temp\arduino-sketch-25D6F10C0299B9995262E51D93C1DB1E/..\arduino-core-cache\core_arduino_samd_arduino_zero_nativeg16_8955ed14b5308ce541648a9c34a5144e.a(CDC.cpp.o)
                              C:\Users\admin\AppData\Local\Temp\arduino-sketch-25D6F10C0299B9995262E51D93C1DB1E\sketch\ESR_cap_meter.ino.cpp.o (Serial_::begin(unsigned long))
C:\Users\admin\AppData\Local\Temp\arduino-sketch-25D6F10C0299B9995262E51D93C1DB1E/..\arduino-core-cache\core_arduino_samd_arduino_zero_nativeg16_8955ed14b5308ce541648a9c34a5144e.a(USBCore.cpp.o)
                              C:\Users\admin\AppData\Local\Temp\arduino-sketch-25D6F10C0299B9995262E51D93C1DB1E/..\arduino-core-cache\core_arduino_samd_arduino_zero_nativeg16_8955ed14b5308ce541648a9c34a5144e.a(CDC.cpp.o) (usbd)
C:\Users\admin\AppData\Local\Temp\arduino-sketch-25D6F10C0299B9995262E51D93C1DB1E/..\arduino-core-cache\core_arduino_samd_arduino_zero_nativeg16_8955ed14b5308ce541648a9c34a5144e.a(Uart.cpp.o)
                              C:\Users\admin\AppData\Local\Temp\arduino-sketch-25D6F10C0299B9995262E51D93C1DB1E\core\variant.cpp.o (Uart::Uart(SERCOM*, unsigned char, unsigned char, SercomRXPad, SercomUartTXPad))
C:\Users\admin\AppData\Local\Temp\arduino-sketch-25D6F10C0299B9995262E51D93C1DB1E/..\arduino-core-cache\core_arduino_samd_arduino_zero_nativeg16_8955ed14b5308ce541648a9c34a5144e.a(WInterrupts.c.o)
                              C:\Users\admin\AppData\Local\Temp\arduino-sketch-25D6F10C0299B9995262E51D93C1DB1E\sketch\ESR_cap_meter.ino.cpp.o (attachInterrupt)
C:\Users\admin\AppData\Local\Temp\arduino-sketch-25D6F10C0299B9995262E51D93C1DB1E/..\arduino-core-cache\core_arduino_samd_arduino_zero_nativeg16_8955ed14b5308ce541648a9c34a5144e.a(PluggableUSB.cpp.o)
                              C:\Users\admin\AppData\Local\Temp\arduino-sketch-25D6F10C0299B9995262E51D93C1DB1E/..\arduino-core-cache\core_arduino_samd_arduino_zero_nativeg16_8955ed14b5308ce541648a9c34a5144e.a(USBCore.cpp.o) (arduino::PluggableUSB_::getInterface(unsigned char*))
C:\Users\admin\AppData\Local\Temp\arduino-sketch-25D6F10C0299B9995262E51D93C1DB1E/..\arduino-core-cache\core_arduino_samd_arduino_zero_nativeg16_8955ed14b5308ce541648a9c34a5144e.a(Print.cpp.o)
                              C:\Users\admin\AppData\Local\Temp\arduino-sketch-25D6F10C0299B9995262E51D93C1DB1E\libraries\LiquidCrystal\LiquidCrystal.cpp.o (arduino::Print::write(unsigned char const*, unsigned int))
C:\Users\admin\AppData\Local\Temp\arduino-sketch-25D6F10C0299B9995262E51D93C1DB1E/..\arduino-core-cache\core_arduino_samd_arduino_zero_nativeg16_8955ed14b5308ce541648a9c34a5144e.a(cortex_handlers.c.o)
                              (Reset_Handler)
C:\Users\admin\AppData\Local\Temp\arduino-sketch-25D6F10C0299B9995262E51D93C1DB1E/..\arduino-core-cache\core_arduino_samd_arduino_zero_nativeg16_8955ed14b5308ce541648a9c34a5144e.a(delay.c.o)
                              C:\Users\admin\AppData\Local\Temp\arduino-sketch-25D6F10C0299B9995262E51D93C1DB1E\sketch\ESR_cap_meter.ino.cpp.o (millis)
C:\Users\admin\AppData\Local\Temp\arduino-sketch-25D6F10C0299B9995262E51D93C1DB1E/..\arduino-core-cache\core_arduino_samd_arduino_zero_nativeg16_8955ed14b5308ce541648a9c34a5144e.a(hooks.c.o)
                              C:\Users\admin\AppData\Local\Temp\arduino-sketch-25D6F10C0299B9995262E51D93C1DB1E/..\arduino-core-cache\core_arduino_samd_arduino_zero_nativeg16_8955ed14b5308ce541648a9c34a5144e.a(delay.c.o) (yield)
C:\Users\admin\AppData\Local\Temp\arduino-sketch-25D6F10C0299B9995262E51D93C1DB1E/..\arduino-core-cache\core_arduino_samd_arduino_zero_nativeg16_8955ed14b5308ce541648a9c34a5144e.a(itoa.c.o)
                              C:\Users\admin\AppData\Local\Temp\arduino-sketch-25D6F10C0299B9995262E51D93C1DB1E\sketch\fpmath.cpp.o (itoa)
C:\Users\admin\AppData\Local\Temp\arduino-sketch-25D6F10C0299B9995262E51D93C1DB1E/..\arduino-core-cache\core_arduino_samd_arduino_zero_nativeg16_8955ed14b5308ce541648a9c34a5144e.a(main.cpp.o)
                              c:/users/admin/appdata/local/arduino15/packages/arduino/tools/arm-none-eabi-gcc/7-2017q4/bin/../lib/gcc/arm-none-eabi/7.2.1/../../../../arm-none-eabi/lib/thumb/v6-m/crt0.o (main)
C:\Users\admin\AppData\Local\Temp\arduino-sketch-25D6F10C0299B9995262E51D93C1DB1E/..\arduino-core-cache\core_arduino_samd_arduino_zero_nativeg16_8955ed14b5308ce541648a9c34a5144e.a(new.cpp.o)
[...]
Memory Configuration

Name             Origin             Length             Attributes
FLASH            0x00002000         0x0000e000         xr
RAM              0x20000000         0x00002000         xrw
*default*        0x00000000         0xffffffff

Linker script and memory map

LOAD c:/users/admin/appdata/local/arduino15/packages/arduino/tools/arm-none-eabi-gcc/7-2017q4/bin/../lib/gcc/arm-none-eabi/7.2.1/thumb/v6-m/crti.o
LOAD c:/users/admin/appdata/local/arduino15/packages/arduino/tools/arm-none-eabi-gcc/7-2017q4/bin/../lib/gcc/arm-none-eabi/7.2.1/thumb/v6-m/crtbegin.o
LOAD c:/users/admin/appdata/local/arduino15/packages/arduino/tools/arm-none-eabi-gcc/7-2017q4/bin/../lib/gcc/arm-none-eabi/7.2.1/../../../../arm-none-eabi/lib/thumb/v6-m/crt0.o
LOAD C:\Users\admin\AppData\Local\Temp\arduino-sketch-25D6F10C0299B9995262E51D93C1DB1E\sketch\ADC.cpp.o
LOAD C:\Users\admin\AppData\Local\Temp\arduino-sketch-25D6F10C0299B9995262E51D93C1DB1E\sketch\ESR_cap_meter.ino.cpp.o
LOAD C:\Users\admin\AppData\Local\Temp\arduino-sketch-25D6F10C0299B9995262E51D93C1DB1E\sketch\clocks.cpp.o
LOAD C:\Users\admin\AppData\Local\Temp\arduino-sketch-25D6F10C0299B9995262E51D93C1DB1E\sketch\display.cpp.o
LOAD C:\Users\admin\AppData\Local\Temp\arduino-sketch-25D6F10C0299B9995262E51D93C1DB1E\sketch\esrCap.cpp.o
LOAD C:\Users\admin\AppData\Local\Temp\arduino-sketch-25D6F10C0299B9995262E51D93C1DB1E\sketch\fpmath.cpp.o
LOAD C:\Users\admin\AppData\Local\Temp\arduino-sketch-25D6F10C0299B9995262E51D93C1DB1E\sketch\pwm.cpp.o
LOAD C:\Users\admin\AppData\Local\Temp\arduino-sketch-25D6F10C0299B9995262E51D93C1DB1E\sketch\usbheartbeat.cpp.o
LOAD C:\Users\admin\AppData\Local\Temp\arduino-sketch-25D6F10C0299B9995262E51D93C1DB1E\libraries\LiquidCrystal\LiquidCrystal.cpp.o
LOAD C:\Users\admin\AppData\Local\Temp\arduino-sketch-25D6F10C0299B9995262E51D93C1DB1E\core\variant.cpp.o
START GROUP
LOAD C:\Users\admin\AppData\Local\Arduino15\packages\arduino\tools\CMSIS\4.5.0/CMSIS/Lib/GCC/\libarm_cortexM0l_math.a
LOAD C:\Users\admin\AppData\Local\Temp\arduino-sketch-25D6F10C0299B9995262E51D93C1DB1E/..\arduino-core-cache\core_arduino_samd_arduino_zero_nativeg16_8955ed14b5308ce541648a9c34a5144e.a
END GROUP
LOAD c:/users/admin/appdata/local/arduino15/packages/arduino/tools/arm-none-eabi-gcc/7-2017q4/bin/../lib/gcc/arm-none-eabi/7.2.1/../../../../arm-none-eabi/lib/thumb/v6-m\libstdc++_nano.a
LOAD c:/users/admin/appdata/local/arduino15/packages/arduino/tools/arm-none-eabi-gcc/7-2017q4/bin/../lib/gcc/arm-none-eabi/7.2.1/../../../../arm-none-eabi/lib/thumb/v6-m\libm.a
START GROUP
LOAD c:/users/admin/appdata/local/arduino15/packages/arduino/tools/arm-none-eabi-gcc/7-2017q4/bin/../lib/gcc/arm-none-eabi/7.2.1/thumb/v6-m\libgcc.a
LOAD c:/users/admin/appdata/local/arduino15/packages/arduino/tools/arm-none-eabi-gcc/7-2017q4/bin/../lib/gcc/arm-none-eabi/7.2.1/../../../../arm-none-eabi/lib/thumb/v6-m\libc_nano.a
END GROUP
START GROUP
LOAD c:/users/admin/appdata/local/arduino15/packages/arduino/tools/arm-none-eabi-gcc/7-2017q4/bin/../lib/gcc/arm-none-eabi/7.2.1/thumb/v6-m\libgcc.a
LOAD c:/users/admin/appdata/local/arduino15/packages/arduino/tools/arm-none-eabi-gcc/7-2017q4/bin/../lib/gcc/arm-none-eabi/7.2.1/../../../../arm-none-eabi/lib/thumb/v6-m\libc_nano.a
LOAD c:/users/admin/appdata/local/arduino15/packages/arduino/tools/arm-none-eabi-gcc/7-2017q4/bin/../lib/gcc/arm-none-eabi/7.2.1/../../../../arm-none-eabi/lib/thumb/v6-m\libnosys.a
END GROUP
START GROUP
LOAD c:/users/admin/appdata/local/arduino15/packages/arduino/tools/arm-none-eabi-gcc/7-2017q4/bin/../lib/gcc/arm-none-eabi/7.2.1/thumb/v6-m\libgcc.a
LOAD c:/users/admin/appdata/local/arduino15/packages/arduino/tools/arm-none-eabi-gcc/7-2017q4/bin/../lib/gcc/arm-none-eabi/7.2.1/../../../../arm-none-eabi/lib/thumb/v6-m\libc_nano.a
LOAD c:/users/admin/appdata/local/arduino15/packages/arduino/tools/arm-none-eabi-gcc/7-2017q4/bin/../lib/gcc/arm-none-eabi/7.2.1/../../../../arm-none-eabi/lib/thumb/v6-m\libnosys.a
END GROUP
LOAD c:/users/admin/appdata/local/arduino15/packages/arduino/tools/arm-none-eabi-gcc/7-2017q4/bin/../lib/gcc/arm-none-eabi/7.2.1/thumb/v6-m/crtend.o
LOAD c:/users/admin/appdata/local/arduino15/packages/arduino/tools/arm-none-eabi-gcc/7-2017q4/bin/../lib/gcc/arm-none-eabi/7.2.1/thumb/v6-m/crtn.o

.text           0x00002000     0x9628
                0x00002000                __text_start__ = .
 *(.sketch_boot)
                0x00002000                . = ALIGN (0x2000)
 *(.isr_vector)
 .isr_vector    0x00002000       0xb4 C:\Users\admin\AppData\Local\Temp\arduino-sketch-25D6F10C0299B9995262E51D93C1DB1E/..\arduino-core-cache\core_arduino_samd_arduino_zero_nativeg16_8955ed14b5308ce541648a9c34a5144e.a(cortex_handlers.c.o)
                0x00002000                exception_table
 *(.text*)
 .text          0x000020b4       0x48 c:/users/admin/appdata/local/arduino15/packages/arduino/tools/arm-none-eabi-gcc/7-2017q4/bin/../lib/gcc/arm-none-eabi/7.2.1/thumb/v6-m/crtbegin.o
 .text._ZL7syncadcv
                0x000020fc       0x10 C:\Users\admin\AppData\Local\Temp\arduino-sketch-25D6F10C0299B9995262E51D93C1DB1E\sketch\ADC.cpp.o
 .text._ZL8s_samplev
                0x0000210c       0x2c C:\Users\admin\AppData\Local\Temp\arduino-sketch-25D6F10C0299B9995262E51D93C1DB1E\sketch\ADC.cpp.o
 .text._ZN3adc6LogRowC2Ev
                0x00002138      0x138 C:\Users\admin\AppData\Local\Temp\arduino-sketch-25D6F10C0299B9995262E51D93C1DB1E\sketch\ADC.cpp.o
                0x00002138                adc::LogRow::LogRow()
                0x00002138                adc::LogRow::LogRow()
 .text._ZN3adc8startAdcEv
                0x00002270       0x38 C:\Users\admin\AppData\Local\Temp\arduino-sketch-25D6F10C0299B9995262E51D93C1DB1E\sketch\ADC.cpp.o
                0x00002270                adc::startAdc()
 .text._ZN3adc7setGainENS_4GainE
                0x000022a8       0x54 C:\Users\admin\AppData\Local\Temp\arduino-sketch-25D6F10C0299B9995262E51D93C1DB1E\sketch\ADC.cpp.o
                0x000022a8                adc::setGain(adc::Gain)
 .text._ZN3adc6sampleENS_7ChannelEbb
                0x000022fc      0x12c C:\Users\admin\AppData\Local\Temp\arduino-sketch-25D6F10C0299B9995262E51D93C1DB1E\sketch\ADC.cpp.o
                0x000022fc                adc::sample(adc::Channel, bool, bool)
 .text._ZN3adc12getVolts_fpdEt
                0x00002428       0x68 C:\Users\admin\AppData\Local\Temp\arduino-sketch-25D6F10C0299B9995262E51D93C1DB1E\sketch\ADC.cpp.o
                0x00002428                adc::getVolts_fpd(unsigned short)
 .text._ZN3adc8getVoltsEt
                0x00002490       0x1c C:\Users\admin\AppData\Local\Temp\arduino-sketch-25D6F10C0299B9995262E51D93C1DB1E\sketch\ADC.cpp.o
                0x00002490                adc::getVolts(unsigned short)
 .text._ZN3adc7getTempEt
                0x000024ac       0x48 C:\Users\admin\AppData\Local\Temp\arduino-sketch-25D6F10C0299B9995262E51D93C1DB1E\sketch\ADC.cpp.o
                0x000024ac                adc::getTemp(unsigned short)
 .text._ZN3adc9calibrateEtb
                0x000024f4      0x100 C:\Users\admin\AppData\Local\Temp\arduino-sketch-25D6F10C0299B9995262E51D93C1DB1E\sketch\ADC.cpp.o
                0x000024f4                adc::calibrate(unsigned short, bool)
 .text._ZN3adc9getSupplyEb
                0x000025f4       0x34 C:\Users\admin\AppData\Local\Temp\arduino-sketch-25D6F10C0299B9995262E51D93C1DB1E\sketch\ADC.cpp.o
                0x000025f4                adc::getSupply(bool)
 .text._ZN3adc4initEht
                0x00002628      0x1e4 C:\Users\admin\AppData\Local\Temp\arduino-sketch-25D6F10C0299B9995262E51D93C1DB1E\sketch\ADC.cpp.o
                0x00002628                adc::init(unsigned char, unsigned short)
 .text.startup._GLOBAL__sub_I__ZN3adc7calDataE
                0x0000280c       0x44 C:\Users\admin\AppData\Local\Temp\arduino-sketch-25D6F10C0299B9995262E51D93C1DB1E\sketch\ADC.cpp.o
 .text._Z6btnISRv
                0x00002850       0x50 C:\Users\admin\AppData\Local\Temp\arduino-sketch-25D6F10C0299B9995262E51D93C1DB1E\sketch\ESR_cap_meter.ino.cpp.o
                0x00002850                btnISR()
 .text._Z21getSampleInterfaceCapbRm
                0x000028a0       0x16 C:\Users\admin\AppData\Local\Temp\arduino-sketch-25D6F10C0299B9995262E51D93C1DB1E\sketch\ESR_cap_meter.ino.cpp.o
                0x000028a0                getSampleInterfaceCap(bool, unsigned long&)
 *fill*         0x000028b6        0x2 
 .text._Z21getSampleInterfaceEsrbRm
                0x000028b8       0xbc C:\Users\admin\AppData\Local\Temp\arduino-sketch-25D6F10C0299B9995262E51D93C1DB1E\sketch\ESR_cap_meter.ino.cpp.o
                0x000028b8                getSampleInterfaceEsr(bool, unsigned long&)
 .text._Z16setGainInterfaceh
                0x00002974        0x8 C:\Users\admin\AppData\Local\Temp\arduino-sketch-25D6F10C0299B9995262E51D93C1DB1E\sketch\ESR_cap_meter.ino.cpp.o
                0x00002974                setGainInterface(unsigned char)
 .text._Z6setrgbhhh
                0x0000297c       0x20 C:\Users\admin\AppData\Local\Temp\arduino-sketch-25D6F10C0299B9995262E51D93C1DB1E\sketch\ESR_cap_meter.ino.cpp.o
                0x0000297c                setrgb(unsigned char, unsigned char, unsigned char)
 .text._Z9printInfo4Infohbf
                0x0000299c       0xd4 C:\Users\admin\AppData\Local\Temp\arduino-sketch-25D6F10C0299B9995262E51D93C1DB1E\sketch\ESR_cap_meter.ino.cpp.o
                0x0000299c                printInfo(Info, unsigned char, bool, float)
 .text.setup    0x00002a70      0x220 C:\Users\admin\AppData\Local\Temp\arduino-sketch-25D6F10C0299B9995262E51D93C1DB1E\sketch\ESR_cap_meter.ino.cpp.o
                0x00002a70                setup
 .text._Z7comReadPcRh
                0x00002c90       0x5c C:\Users\admin\AppData\Local\Temp\arduino-sketch-25D6F10C0299B9995262E51D93C1DB1E\sketch\ESR_cap_meter.ino.cpp.o
                0x00002c90                comRead(char*, unsigned char&)
 .text._Z17communicationLoopv
                0x00002cec       0xc4 C:\Users\admin\AppData\Local\Temp\arduino-sketch-25D6F10C0299B9995262E51D93C1DB1E\sketch\ESR_cap_meter.ino.cpp.o
                0x00002cec                communicationLoop()
 .text.loop     0x00002db0      0x3cc C:\Users\admin\AppData\Local\Temp\arduino-sketch-25D6F10C0299B9995262E51D93C1DB1E\sketch\ESR_cap_meter.ino.cpp.o
                0x00002db0                loop
 .text._ZN3clk5pll96Ehm
                0x0000317c       0x9c C:\Users\admin\AppData\Local\Temp\arduino-sketch-25D6F10C0299B9995262E51D93C1DB1E\sketch\clocks.cpp.o
                0x0000317c                clk::pll96(unsigned char, unsigned long)
 .text._ZN3clk6isInitENS_3tmrE
                0x00003218       0x4c C:\Users\admin\AppData\Local\Temp\arduino-sketch-25D6F10C0299B9995262E51D93C1DB1E\sketch\clocks.cpp.o
                0x00003218                clk::isInit(clk::tmr)
 .text._ZN3clk8tmrSpeedENS_3tmrE
                0x00003264       0x4c C:\Users\admin\AppData\Local\Temp\arduino-sketch-25D6F10C0299B9995262E51D93C1DB1E\sketch\clocks.cpp.o
                0x00003264                clk::tmrSpeed(clk::tmr)
 .text._ZN3clk8initGCLKEhhmb
                0x000032b0       0x78 C:\Users\admin\AppData\Local\Temp\arduino-sketch-25D6F10C0299B9995262E51D93C1DB1E\sketch\clocks.cpp.o
                0x000032b0                clk::initGCLK(unsigned char, unsigned char, unsigned long, bool)
 .text._ZN3clk7initTmrENS_3tmrEhm
                0x00003328       0xe4 C:\Users\admin\AppData\Local\Temp\arduino-sketch-25D6F10C0299B9995262E51D93C1DB1E\sketch\clocks.cpp.o
                0x00003328                clk::initTmr(clk::tmr, unsigned char, unsigned long)
 .text._ZN4disp4initEv
                0x0000340c       0x14 C:\Users\admin\AppData\Local\Temp\arduino-sketch-25D6F10C0299B9995262E51D93C1DB1E\sketch\display.cpp.o
                0x0000340c                disp::init()
 .text.startup._GLOBAL__sub_I__ZN4disp3lcdE
                0x00003420       0x28 C:\Users\admin\AppData\Local\Temp\arduino-sketch-25D6F10C0299B9995262E51D93C1DB1E\sketch\display.cpp.o
 .text._ZN6esrcap18autoScaleGetSampleEPFmbRmEPFvhERhb
                0x00003448       0x90 C:\Users\admin\AppData\Local\Temp\arduino-sketch-25D6F10C0299B9995262E51D93C1DB1E\sketch\esrCap.cpp.o
                0x00003448                esrcap::autoScaleGetSample(unsigned long (*)(bool, unsigned long&), void (*)(unsigned char), unsigned char&, bool)
 .text._ZN3esr12outputEnableEb
                0x000034d8       0x44 C:\Users\admin\AppData\Local\Temp\arduino-sketch-25D6F10C0299B9995262E51D93C1DB1E\sketch\esrCap.cpp.o
                0x000034d8                esr::outputEnable(bool)
 .text._ZN3esr12setFrequencyEmb
                0x0000351c       0x4c C:\Users\admin\AppData\Local\Temp\arduino-sketch-25D6F10C0299B9995262E51D93C1DB1E\sketch\esrCap.cpp.o
                0x0000351c                esr::setFrequency(unsigned long, bool)
 .text._ZN3esr4initEPFmbRmEPFvhE
                0x00003568       0xdc C:\Users\admin\AppData\Local\Temp\arduino-sketch-25D6F10C0299B9995262E51D93C1DB1E\sketch\esrCap.cpp.o
                0x00003568                esr::init(unsigned long (*)(bool, unsigned long&), void (*)(unsigned char))
 .text._ZN3esr25calcDetectorAmplitude_fpdEl
                0x00003644       0x5c C:\Users\admin\AppData\Local\Temp\arduino-sketch-25D6F10C0299B9995262E51D93C1DB1E\sketch\esrCap.cpp.o
                0x00003644                esr::calcDetectorAmplitude_fpd(long)
 .text._ZN3esr18calcESRDivider_fpdEl
                0x000036a0       0x2c C:\Users\admin\AppData\Local\Temp\arduino-sketch-25D6F10C0299B9995262E51D93C1DB1E\sketch\esrCap.cpp.o
                0x000036a0                esr::calcESRDivider_fpd(long)
 .text._ZN3esr11calcESR_fpdEl
                0x000036cc       0x3c C:\Users\admin\AppData\Local\Temp\arduino-sketch-25D6F10C0299B9995262E51D93C1DB1E\sketch\esrCap.cpp.o
                0x000036cc                esr::calcESR_fpd(long)
 .text._ZN3esr14measureESR_fpdERb
                0x00003708       0x88 C:\Users\admin\AppData\Local\Temp\arduino-sketch-25D6F10C0299B9995262E51D93C1DB1E\sketch\esrCap.cpp.o
                0x00003708                esr::measureESR_fpd(bool&)
 .text._ZN3esr10measureESRERb
                0x00003790       0x1c C:\Users\admin\AppData\Local\Temp\arduino-sketch-25D6F10C0299B9995262E51D93C1DB1E\sketch\esrCap.cpp.o
                0x00003790                esr::measureESR(bool&)
 .text._ZN3cap4initEPFmbRmEPFvhE
                0x000037ac       0x88 C:\Users\admin\AppData\Local\Temp\arduino-sketch-25D6F10C0299B9995262E51D93C1DB1E\sketch\esrCap.cpp.o
                0x000037ac                cap::init(unsigned long (*)(bool, unsigned long&), void (*)(unsigned char))
 .text._ZN3cap22startMeasureMent_asyncEv
                0x00003834       0x60 C:\Users\admin\AppData\Local\Temp\arduino-sketch-25D6F10C0299B9995262E51D93C1DB1E\sketch\esrCap.cpp.o
                0x00003834                cap::startMeasureMent_async()
 .text._ZN3cap15stopMeasurementEv
                0x00003894       0x28 C:\Users\admin\AppData\Local\Temp\arduino-sketch-25D6F10C0299B9995262E51D93C1DB1E\sketch\esrCap.cpp.o
                0x00003894                cap::stopMeasurement()
 .text._ZL17capMeasurementISRv
                0x000038bc       0x1c C:\Users\admin\AppData\Local\Temp\arduino-sketch-25D6F10C0299B9995262E51D93C1DB1E\sketch\esrCap.cpp.o
 .text._ZN3cap12isDischargedEv
                0x000038d8       0x24 C:\Users\admin\AppData\Local\Temp\arduino-sketch-25D6F10C0299B9995262E51D93C1DB1E\sketch\esrCap.cpp.o
                0x000038d8                cap::isDischarged()
 .text._ZN3cap9dischargeEv
                0x000038fc       0x18 C:\Users\admin\AppData\Local\Temp\arduino-sketch-25D6F10C0299B9995262E51D93C1DB1E\sketch\esrCap.cpp.o
                0x000038fc                cap::discharge()
 .text._ZN3cap18measureTicks_asyncERmb
                0x00003914       0x24 C:\Users\admin\AppData\Local\Temp\arduino-sketch-25D6F10C0299B9995262E51D93C1DB1E\sketch\esrCap.cpp.o
                0x00003914                cap::measureTicks_async(unsigned long&, bool)
 .text._ZN3cap4stopEv
                0x00003938       0x14 C:\Users\admin\AppData\Local\Temp\arduino-sketch-25D6F10C0299B9995262E51D93C1DB1E\sketch\esrCap.cpp.o
                0x00003938                cap::stop()
 .text._ZN3cap19calcCapacitance_fpdEl
                0x0000394c       0x60 C:\Users\admin\AppData\Local\Temp\arduino-sketch-25D6F10C0299B9995262E51D93C1DB1E\sketch\esrCap.cpp.o
                0x0000394c                cap::calcCapacitance_fpd(long)
 .text._ZN3cap11zeroReadingEv
                0x000039ac        0xc C:\Users\admin\AppData\Local\Temp\arduino-sketch-25D6F10C0299B9995262E51D93C1DB1E\sketch\esrCap.cpp.o
                0x000039ac                cap::zeroReading()
 .text._ZN3pwm4initEm
                0x000039b8       0x48 C:\Users\admin\AppData\Local\Temp\arduino-sketch-25D6F10C0299B9995262E51D93C1DB1E\sketch\pwm.cpp.o
                0x000039b8                pwm::init(unsigned long)
 .text._ZN3pwm4dutyEhh
                0x00003a00       0x24 C:\Users\admin\AppData\Local\Temp\arduino-sketch-25D6F10C0299B9995262E51D93C1DB1E\sketch\pwm.cpp.o
                0x00003a00                pwm::duty(unsigned char, unsigned char)
 .text._ZN3pwm3addEhhh
                0x00003a24       0x98 C:\Users\admin\AppData\Local\Temp\arduino-sketch-25D6F10C0299B9995262E51D93C1DB1E\sketch\pwm.cpp.o
                0x00003a24                pwm::add(unsigned char, unsigned char, unsigned char)
 .text.TC3_Handler
                0x00003abc       0x3c C:\Users\admin\AppData\Local\Temp\arduino-sketch-25D6F10C0299B9995262E51D93C1DB1E\sketch\usbheartbeat.cpp.o
                0x00003abc                TC3_Handler
 .text._ZN9heartbeat4initEv
                0x00003af8       0xe4 C:\Users\admin\AppData\Local\Temp\arduino-sketch-25D6F10C0299B9995262E51D93C1DB1E\sketch\usbheartbeat.cpp.o
                0x00003af8                heartbeat::init()
 .text._ZN9heartbeat11isConnectedEv
                0x00003bdc        0xc C:\Users\admin\AppData\Local\Temp\arduino-sketch-25D6F10C0299B9995262E51D93C1DB1E\sketch\usbheartbeat.cpp.o
                0x00003bdc                heartbeat::isConnected()
 .text._ZN7arduino5Print17availableForWriteEv
                0x00003be8        0x4 C:\Users\admin\AppData\Local\Temp\arduino-sketch-25D6F10C0299B9995262E51D93C1DB1E\libraries\LiquidCrystal\LiquidCrystal.cpp.o
                0x00003be8                arduino::Print::availableForWrite()
 .text._ZN7arduino5Print5flushEv
                0x00003bec        0x2 C:\Users\admin\AppData\Local\Temp\arduino-sketch-25D6F10C0299B9995262E51D93C1DB1E\libraries\LiquidCrystal\LiquidCrystal.cpp.o
                0x00003bec                arduino::Print::flush()
 .text._ZN13LiquidCrystal11pulseEnableEv
                0x00003bee       0x30 C:\Users\admin\AppData\Local\Temp\arduino-sketch-25D6F10C0299B9995262E51D93C1DB1E\libraries\LiquidCrystal\LiquidCrystal.cpp.o
                0x00003bee                LiquidCrystal::pulseEnable()
 .text._ZN13LiquidCrystal10write4bitsEh
                0x00003c1e       0x26 C:\Users\admin\AppData\Local\Temp\arduino-sketch-25D6F10C0299B9995262E51D93C1DB1E\libraries\LiquidCrystal\LiquidCrystal.cpp.o
                0x00003c1e                LiquidCrystal::write4bits(unsigned char)
 .text._ZN13LiquidCrystal10write8bitsEh
                0x00003c44       0x26 C:\Users\admin\AppData\Local\Temp\arduino-sketch-25D6F10C0299B9995262E51D93C1DB1E\libraries\LiquidCrystal\LiquidCrystal.cpp.o
                0x00003c44                LiquidCrystal::write8bits(unsigned char)
 .text._ZN13LiquidCrystal4sendEhh
                0x00003c6a       0x3c C:\Users\admin\AppData\Local\Temp\arduino-sketch-25D6F10C0299B9995262E51D93C1DB1E\libraries\LiquidCrystal\LiquidCrystal.cpp.o
                0x00003c6a                LiquidCrystal::send(unsigned char, unsigned char)
 .text._ZN13LiquidCrystal5writeEh
                0x00003ca6        0xc C:\Users\admin\AppData\Local\Temp\arduino-sketch-25D6F10C0299B9995262E51D93C1DB1E\libraries\LiquidCrystal\LiquidCrystal.cpp.o
                0x00003ca6                LiquidCrystal::write(unsigned char)
 .text._ZN13LiquidCrystal7commandEh
                0x00003cb2        0xa C:\Users\admin\AppData\Local\Temp\arduino-sketch-25D6F10C0299B9995262E51D93C1DB1E\libraries\LiquidCrystal\LiquidCrystal.cpp.o
                0x00003cb2                LiquidCrystal::command(unsigned char)
 .text._ZN13LiquidCrystal5clearEv
                0x00003cbc       0x12 C:\Users\admin\AppData\Local\Temp\arduino-sketch-25D6F10C0299B9995262E51D93C1DB1E\libraries\LiquidCrystal\LiquidCrystal.cpp.o
                0x00003cbc                LiquidCrystal::clear()
 .text._ZN13LiquidCrystal9setCursorEhh
                0x00003cce       0x2a C:\Users\admin\AppData\Local\Temp\arduino-sketch-25D6F10C0299B9995262E51D93C1DB1E\libraries\LiquidCrystal\LiquidCrystal.cpp.o
                0x00003cce                LiquidCrystal::setCursor(unsigned char, unsigned char)
 .text._ZN13LiquidCrystal7displayEv
                0x00003cf8       0x14 C:\Users\admin\AppData\Local\Temp\arduino-sketch-25D6F10C0299B9995262E51D93C1DB1E\libraries\LiquidCrystal\LiquidCrystal.cpp.o
                0x00003cf8                LiquidCrystal::display()
 .text._ZN13LiquidCrystal5beginEhhh
                0x00003d0c      0x124 C:\Users\admin\AppData\Local\Temp\arduino-sketch-25D6F10C0299B9995262E51D93C1DB1E\libraries\LiquidCrystal\LiquidCrystal.cpp.o
                0x00003d0c                LiquidCrystal::begin(unsigned char, unsigned char, unsigned char)
 .text._ZN13LiquidCrystalC2Ehhhhhhh
                0x00003e30       0x54 C:\Users\admin\AppData\Local\Temp\arduino-sketch-25D6F10C0299B9995262E51D93C1DB1E\libraries\LiquidCrystal\LiquidCrystal.cpp.o
                0x00003e30                LiquidCrystal::LiquidCrystal(unsigned char, unsigned char, unsigned char, unsigned char, unsigned char, unsigned char, unsigned char)
                0x00003e30                LiquidCrystal::LiquidCrystal(unsigned char, unsigned char, unsigned char, unsigned char, unsigned char, unsigned char, unsigned char)
 .text.SERCOM0_Handler
                0x00003e84       0x10 C:\Users\admin\AppData\Local\Temp\arduino-sketch-25D6F10C0299B9995262E51D93C1DB1E\core\variant.cpp.o
                0x00003e84                SERCOM0_Handler
 .text.SERCOM5_Handler
                0x00003e94       0x10 C:\Users\admin\AppData\Local\Temp\arduino-sketch-25D6F10C0299B9995262E51D93C1DB1E\core\variant.cpp.o
                0x00003e94                SERCOM5_Handler
 .text.startup._GLOBAL__sub_I_g_APinDescription
                0x00003ea4       0x94 C:\Users\admin\AppData\Local\Temp\arduino-sketch-25D6F10C0299B9995262E51D93C1DB1E\core\variant.cpp.o
 .text._ZN6SERCOMC2EP6Sercom
                0x00003f38        0x8 C:\Users\admin\AppData\Local\Temp\arduino-sketch-25D6F10C0299B9995262E51D93C1DB1E/..\arduino-core-cache\core_arduino_samd_arduino_zero_nativeg16_8955ed14b5308ce541648a9c34a5144e.a(SERCOM.cpp.o)
                0x00003f38                SERCOM::SERCOM(Sercom*)
                0x00003f38                SERCOM::SERCOM(Sercom*)
 .text._ZN6SERCOM9initFrameE18SercomUartCharSize15SercomDataOrder16SercomParityMode19SercomNumberStopBit
                0x00003f40       0x3a C:\Users\admin\AppData\Local\Temp\arduino-sketch-25D6F10C0299B9995262E51D93C1DB1E/..\arduino-core-cache\core_arduino_samd_arduino_zero_nativeg16_8955ed14b5308ce541648a9c34a5144e.a(SERCOM.cpp.o)
                0x00003f40                SERCOM::initFrame(SercomUartCharSize, SercomDataOrder, SercomParityMode, SercomNumberStopBit)
 .text._ZN6SERCOM8initPadsE15SercomUartTXPad11SercomRXPad
                0x00003f7a       0x26 C:\Users\admin\AppData\Local\Temp\arduino-sketch-25D6F10C0299B9995262E51D93C1DB1E/..\arduino-core-cache\core_arduino_samd_arduino_zero_nativeg16_8955ed14b5308ce541648a9c34a5144e.a(SERCOM.cpp.o)
                0x00003f7a                SERCOM::initPads(SercomUartTXPad, SercomRXPad)
 .text._ZN6SERCOM9resetUARTEv
                0x00003fa0       0x1a C:\Users\admin\AppData\Local\Temp\arduino-sketch-25D6F10C0299B9995262E51D93C1DB1E/..\arduino-core-cache\core_arduino_samd_arduino_zero_nativeg16_8955ed14b5308ce541648a9c34a5144e.a(SERCOM.cpp.o)
                0x00003fa0                SERCOM::resetUART()
 .text._ZN6SERCOM10enableUARTEv
                0x00003fba       0x14 C:\Users\admin\AppData\Local\Temp\arduino-sketch-25D6F10C0299B9995262E51D93C1DB1E/..\arduino-core-cache\core_arduino_samd_arduino_zero_nativeg16_8955ed14b5308ce541648a9c34a5144e.a(SERCOM.cpp.o)
                0x00003fba                SERCOM::enableUART()
 .text._ZN6SERCOM9flushUARTEv
                0x00003fce       0x14 C:\Users\admin\AppData\Local\Temp\arduino-sketch-25D6F10C0299B9995262E51D93C1DB1E/..\arduino-core-cache\core_arduino_samd_arduino_zero_nativeg16_8955ed14b5308ce541648a9c34a5144e.a(SERCOM.cpp.o)
                0x00003fce                SERCOM::flushUART()
 .text._ZN6SERCOM15clearStatusUARTEv
                0x00003fe2        0x8 C:\Users\admin\AppData\Local\Temp\arduino-sketch-25D6F10C0299B9995262E51D93C1DB1E/..\arduino-core-cache\core_arduino_samd_arduino_zero_nativeg16_8955ed14b5308ce541648a9c34a5144e.a(SERCOM.cpp.o)
                0x00003fe2                SERCOM::clearStatusUART()
 .text._ZN6SERCOM17availableDataUARTEv
                0x00003fea        0xa C:\Users\admin\AppData\Local\Temp\arduino-sketch-25D6F10C0299B9995262E51D93C1DB1E/..\arduino-core-cache\core_arduino_samd_arduino_zero_nativeg16_8955ed14b5308ce541648a9c34a5144e.a(SERCOM.cpp.o)
                0x00003fea                SERCOM::availableDataUART()
 .text._ZN6SERCOM11isUARTErrorEv
                0x00003ff4        0x8 C:\Users\admin\AppData\Local\Temp\arduino-sketch-25D6F10C0299B9995262E51D93C1DB1E/..\arduino-core-cache\core_arduino_samd_arduino_zero_nativeg16_8955ed14b5308ce541648a9c34a5144e.a(SERCOM.cpp.o)
                0x00003ff4                SERCOM::isUARTError()
 .text._ZN6SERCOM20acknowledgeUARTErrorEv
                0x00003ffc        0xe C:\Users\admin\AppData\Local\Temp\arduino-sketch-25D6F10C0299B9995262E51D93C1DB1E/..\arduino-core-cache\core_arduino_samd_arduino_zero_nativeg16_8955ed14b5308ce541648a9c34a5144e.a(SERCOM.cpp.o)
                0x00003ffc                SERCOM::acknowledgeUARTError()
 .text._ZN6SERCOM16isFrameErrorUARTEv
                0x0000400a        0xa C:\Users\admin\AppData\Local\Temp\arduino-sketch-25D6F10C0299B9995262E51D93C1DB1E/..\arduino-core-cache\core_arduino_samd_arduino_zero_nativeg16_8955ed14b5308ce541648a9c34a5144e.a(SERCOM.cpp.o)
                0x0000400a                SERCOM::isFrameErrorUART()
 .text._ZN6SERCOM19clearFrameErrorUARTEv
                0x00004014        0xc C:\Users\admin\AppData\Local\Temp\arduino-sketch-25D6F10C0299B9995262E51D93C1DB1E/..\arduino-core-cache\core_arduino_samd_arduino_zero_nativeg16_8955ed14b5308ce541648a9c34a5144e.a(SERCOM.cpp.o)
                0x00004014                SERCOM::clearFrameErrorUART()
 .text._ZN6SERCOM23isDataRegisterEmptyUARTEv
                0x00004020        0xa C:\Users\admin\AppData\Local\Temp\arduino-sketch-25D6F10C0299B9995262E51D93C1DB1E/..\arduino-core-cache\core_arduino_samd_arduino_zero_nativeg16_8955ed14b5308ce541648a9c34a5144e.a(SERCOM.cpp.o)
                0x00004020                SERCOM::isDataRegisterEmptyUART()
 .text._ZN6SERCOM12readDataUARTEv
                0x0000402a        0x8 C:\Users\admin\AppData\Local\Temp\arduino-sketch-25D6F10C0299B9995262E51D93C1DB1E/..\arduino-core-cache\core_arduino_samd_arduino_zero_nativeg16_8955ed14b5308ce541648a9c34a5144e.a(SERCOM.cpp.o)
                0x0000402a                SERCOM::readDataUART()
 .text._ZN6SERCOM13writeDataUARTEh
                0x00004032       0x14 C:\Users\admin\AppData\Local\Temp\arduino-sketch-25D6F10C0299B9995262E51D93C1DB1E/..\arduino-core-cache\core_arduino_samd_arduino_zero_nativeg16_8955ed14b5308ce541648a9c34a5144e.a(SERCOM.cpp.o)
                0x00004032                SERCOM::writeDataUART(unsigned char)
 .text._ZN6SERCOM36enableDataRegisterEmptyInterruptUARTEv
                0x00004046        0x8 C:\Users\admin\AppData\Local\Temp\arduino-sketch-25D6F10C0299B9995262E51D93C1DB1E/..\arduino-core-cache\core_arduino_samd_arduino_zero_nativeg16_8955ed14b5308ce541648a9c34a5144e.a(SERCOM.cpp.o)
                0x00004046                SERCOM::enableDataRegisterEmptyInterruptUART()
 .text._ZN6SERCOM37disableDataRegisterEmptyInterruptUARTEv
                0x0000404e        0x8 C:\Users\admin\AppData\Local\Temp\arduino-sketch-25D6F10C0299B9995262E51D93C1DB1E/..\arduino-core-cache\core_arduino_samd_arduino_zero_nativeg16_8955ed14b5308ce541648a9c34a5144e.a(SERCOM.cpp.o)
                0x0000404e                SERCOM::disableDataRegisterEmptyInterruptUART()
 *fill*         0x00004056        0x2 
 .text._ZN6SERCOM13initClockNVICEv
                0x00004058       0xa8 C:\Users\admin\AppData\Local\Temp\arduino-sketch-25D6F10C0299B9995262E51D93C1DB1E/..\arduino-core-cache\core_arduino_samd_arduino_zero_nativeg16_8955ed14b5308ce541648a9c34a5144e.a(SERCOM.cpp.o)
                0x00004058                SERCOM::initClockNVIC()
 .text._ZN6SERCOM8initUARTE14SercomUartMode20SercomUartSampleRatem
                0x00004100       0x6c C:\Users\admin\AppData\Local\Temp\arduino-sketch-25D6F10C0299B9995262E51D93C1DB1E/..\arduino-core-cache\core_arduino_samd_arduino_zero_nativeg16_8955ed14b5308ce541648a9c34a5144e.a(SERCOM.cpp.o)
                0x00004100                SERCOM::initUART(SercomUartMode, SercomUartSampleRate, unsigned long)
 .text._ZN7Serial_13getDescriptorERN7arduino8USBSetupE
                0x0000416c        0x4 C:\Users\admin\AppData\Local\Temp\arduino-sketch-25D6F10C0299B9995262E51D93C1DB1E/..\arduino-core-cache\core_arduino_samd_arduino_zero_nativeg16_8955ed14b5308ce541648a9c34a5144e.a(CDC.cpp.o)
                0x0000416c                Serial_::getDescriptor(arduino::USBSetup&)
 .text._ZL5utox8mPc
                0x00004170       0x24 C:\Users\admin\AppData\Local\Temp\arduino-sketch-25D6F10C0299B9995262E51D93C1DB1E/..\arduino-core-cache\core_arduino_samd_arduino_zero_nativeg16_8955ed14b5308ce541648a9c34a5144e.a(CDC.cpp.o)
 .text._ZN7Serial_12getShortNameEPc
                0x00004194       0x44 C:\Users\admin\AppData\Local\Temp\arduino-sketch-25D6F10C0299B9995262E51D93C1DB1E/..\arduino-core-cache\core_arduino_samd_arduino_zero_nativeg16_8955ed14b5308ce541648a9c34a5144e.a(CDC.cpp.o)
                0x00004194                Serial_::getShortName(char*)
 .text._ZThn16_N7Serial_12getShortNameEPc
                0x000041d8       0x10 C:\Users\admin\AppData\Local\Temp\arduino-sketch-25D6F10C0299B9995262E51D93C1DB1E/..\arduino-core-cache\core_arduino_samd_arduino_zero_nativeg16_8955ed14b5308ce541648a9c34a5144e.a(CDC.cpp.o)
                0x000041d8                non-virtual thunk to Serial_::getShortName(char*)
 .text._ZN7Serial_5beginEm
                0x000041e8        0x2 C:\Users\admin\AppData\Local\Temp\arduino-sketch-25D6F10C0299B9995262E51D93C1DB1E/..\arduino-core-cache\core_arduino_samd_arduino_zero_nativeg16_8955ed14b5308ce541648a9c34a5144e.a(CDC.cpp.o)
                0x000041e8                Serial_::begin(unsigned long)
 .text._ZN7Serial_5beginEmt
                0x000041ea        0x2 C:\Users\admin\AppData\Local\Temp\arduino-sketch-25D6F10C0299B9995262E51D93C1DB1E/..\arduino-core-cache\core_arduino_samd_arduino_zero_nativeg16_8955ed14b5308ce541648a9c34a5144e.a(CDC.cpp.o)
                0x000041ea                Serial_::begin(unsigned long, unsigned short)
 .text._ZN7Serial_17availableForWriteEv
                0x000041ec        0x4 C:\Users\admin\AppData\Local\Temp\arduino-sketch-25D6F10C0299B9995262E51D93C1DB1E/..\arduino-core-cache\core_arduino_samd_arduino_zero_nativeg16_8955ed14b5308ce541648a9c34a5144e.a(CDC.cpp.o)
                0x000041ec                Serial_::availableForWrite()
 .text._ZN7Serial_5writeEh
                0x000041f0       0x14 C:\Users\admin\AppData\Local\Temp\arduino-sketch-25D6F10C0299B9995262E51D93C1DB1E/..\arduino-core-cache\core_arduino_samd_arduino_zero_nativeg16_8955ed14b5308ce541648a9c34a5144e.a(CDC.cpp.o)
                0x000041f0                Serial_::write(unsigned char)
 .text._ZN7Serial_12getInterfaceEPh
                0x00004204      0x11c C:\Users\admin\AppData\Local\Temp\arduino-sketch-25D6F10C0299B9995262E51D93C1DB1E/..\arduino-core-cache\core_arduino_samd_arduino_zero_nativeg16_8955ed14b5308ce541648a9c34a5144e.a(CDC.cpp.o)
                0x00004204                Serial_::getInterface(unsigned char*)
 .text._ZThn16_N7Serial_12getInterfaceEPh
                0x00004320       0x10 C:\Users\admin\AppData\Local\Temp\arduino-sketch-25D6F10C0299B9995262E51D93C1DB1E/..\arduino-core-cache\core_arduino_samd_arduino_zero_nativeg16_8955ed14b5308ce541648a9c34a5144e.a(CDC.cpp.o)
                0x00004320                non-virtual thunk to Serial_::getInterface(unsigned char*)
 .text._ZN7Serial_5setupERN7arduino8USBSetupE
                0x00004330       0x98 C:\Users\admin\AppData\Local\Temp\arduino-sketch-25D6F10C0299B9995262E51D93C1DB1E/..\arduino-core-cache\core_arduino_samd_arduino_zero_nativeg16_8955ed14b5308ce541648a9c34a5144e.a(CDC.cpp.o)
                0x00004330                Serial_::setup(arduino::USBSetup&)
 .text._ZThn16_N7Serial_5setupERN7arduino8USBSetupE
                0x000043c8       0x10 C:\Users\admin\AppData\Local\Temp\arduino-sketch-25D6F10C0299B9995262E51D93C1DB1E/..\arduino-core-cache\core_arduino_samd_arduino_zero_nativeg16_8955ed14b5308ce541648a9c34a5144e.a(CDC.cpp.o)
                0x000043c8                non-virtual thunk to Serial_::setup(arduino::USBSetup&)
 .text._ZN7Serial_3endEv
                0x000043d8       0x14 C:\Users\admin\AppData\Local\Temp\arduino-sketch-25D6F10C0299B9995262E51D93C1DB1E/..\arduino-core-cache\core_arduino_samd_arduino_zero_nativeg16_8955ed14b5308ce541648a9c34a5144e.a(CDC.cpp.o)
                0x000043d8                Serial_::end()
 .text._ZN7Serial_9availableEv
                0x000043ec       0x20 C:\Users\admin\AppData\Local\Temp\arduino-sketch-25D6F10C0299B9995262E51D93C1DB1E/..\arduino-core-cache\core_arduino_samd_arduino_zero_nativeg16_8955ed14b5308ce541648a9c34a5144e.a(CDC.cpp.o)
                0x000043ec                Serial_::available()
 .text._ZN7Serial_5flushEv
                0x0000440c        0xe C:\Users\admin\AppData\Local\Temp\arduino-sketch-25D6F10C0299B9995262E51D93C1DB1E/..\arduino-core-cache\core_arduino_samd_arduino_zero_nativeg16_8955ed14b5308ce541648a9c34a5144e.a(CDC.cpp.o)
                0x0000440c                Serial_::flush()
 .text._ZN7Serial_5clearEv
                0x0000441a        0xe C:\Users\admin\AppData\Local\Temp\arduino-sketch-25D6F10C0299B9995262E51D93C1DB1E/..\arduino-core-cache\core_arduino_samd_arduino_zero_nativeg16_8955ed14b5308ce541648a9c34a5144e.a(CDC.cpp.o)
                0x0000441a                Serial_::clear()
 .text._ZN7Serial_5writeEPKhj
                0x00004428       0x1e C:\Users\admin\AppData\Local\Temp\arduino-sketch-25D6F10C0299B9995262E51D93C1DB1E/..\arduino-core-cache\core_arduino_samd_arduino_zero_nativeg16_8955ed14b5308ce541648a9c34a5144e.a(CDC.cpp.o)
                0x00004428                Serial_::write(unsigned char const*, unsigned int)
 *fill*         0x00004446        0x2 
 .text._ZN7Serial_4peekEv
                0x00004448       0x1c C:\Users\admin\AppData\Local\Temp\arduino-sketch-25D6F10C0299B9995262E51D93C1DB1E/..\arduino-core-cache\core_arduino_samd_arduino_zero_nativeg16_8955ed14b5308ce541648a9c34a5144e.a(CDC.cpp.o)
                0x00004448                Serial_::peek()
 .text._ZN7Serial_4readEv
                0x00004464       0x24 C:\Users\admin\AppData\Local\Temp\arduino-sketch-25D6F10C0299B9995262E51D93C1DB1E/..\arduino-core-cache\core_arduino_samd_arduino_zero_nativeg16_8955ed14b5308ce541648a9c34a5144e.a(CDC.cpp.o)
                0x00004464                Serial_::read()
 .text._ZN7Serial_cvbEv
                0x00004488       0x28 C:\Users\admin\AppData\Local\Temp\arduino-sketch-25D6F10C0299B9995262E51D93C1DB1E/..\arduino-core-cache\core_arduino_samd_arduino_zero_nativeg16_8955ed14b5308ce541648a9c34a5144e.a(CDC.cpp.o)
                0x00004488                Serial_::operator bool()
 .text._ZThn16_N7Serial_13getDescriptorERN7arduino8USBSetupE
                0x000044b0        0x4 C:\Users\admin\AppData\Local\Temp\arduino-sketch-25D6F10C0299B9995262E51D93C1DB1E/..\arduino-core-cache\core_arduino_samd_arduino_zero_nativeg16_8955ed14b5308ce541648a9c34a5144e.a(CDC.cpp.o)
                0x000044b0                non-virtual thunk to Serial_::getDescriptor(arduino::USBSetup&)
 .text.resetExternalChip
                0x000044b4        0x2 C:\Users\admin\AppData\Local\Temp\arduino-sketch-25D6F10C0299B9995262E51D93C1DB1E/..\arduino-core-cache\core_arduino_samd_arduino_zero_nativeg16_8955ed14b5308ce541648a9c34a5144e.a(CDC.cpp.o)
                0x000044b4                resetExternalChip
 .text._ZN7Serial_14handleEndpointEi
                0x000044b6        0x2 C:\Users\admin\AppData\Local\Temp\arduino-sketch-25D6F10C0299B9995262E51D93C1DB1E/..\arduino-core-cache\core_arduino_samd_arduino_zero_nativeg16_8955ed14b5308ce541648a9c34a5144e.a(CDC.cpp.o)
                0x000044b6                Serial_::handleEndpoint(int)
 .text._ZN7Serial_C2ER14USBDeviceClass
                0x000044b8       0x50 C:\Users\admin\AppData\Local\Temp\arduino-sketch-25D6F10C0299B9995262E51D93C1DB1E/..\arduino-core-cache\core_arduino_samd_arduino_zero_nativeg16_8955ed14b5308ce541648a9c34a5144e.a(CDC.cpp.o)
                0x000044b8                Serial_::Serial_(USBDeviceClass&)
                0x000044b8                Serial_::Serial_(USBDeviceClass&)
 .text._ZN7Serial_15enableInterruptEv
                0x00004508       0x30 C:\Users\admin\AppData\Local\Temp\arduino-sketch-25D6F10C0299B9995262E51D93C1DB1E/..\arduino-core-cache\core_arduino_samd_arduino_zero_nativeg16_8955ed14b5308ce541648a9c34a5144e.a(CDC.cpp.o)
                0x00004508                Serial_::enableInterrupt()
 .text.startup._GLOBAL__sub_I__ZN7Serial_12getInterfaceEPh
                0x00004538       0x14 C:\Users\admin\AppData\Local\Temp\arduino-sketch-25D6F10C0299B9995262E51D93C1DB1E/..\arduino-core-cache\core_arduino_samd_arduino_zero_nativeg16_8955ed14b5308ce541648a9c34a5144e.a(CDC.cpp.o)
 .text._ZN26DoubleBufferedEPOutHandlerD2Ev
                0x0000454c        0x2 C:\Users\admin\AppData\Local\Temp\arduino-sketch-25D6F10C0299B9995262E51D93C1DB1E/..\arduino-core-cache\core_arduino_samd_arduino_zero_nativeg16_8955ed14b5308ce541648a9c34a5144e.a(USBCore.cpp.o)
                0x0000454c                DoubleBufferedEPOutHandler::~DoubleBufferedEPOutHandler()
                0x0000454c                DoubleBufferedEPOutHandler::~DoubleBufferedEPOutHandler()
 .text._ZN26DoubleBufferedEPOutHandlerD0Ev
                0x0000454e        0xc C:\Users\admin\AppData\Local\Temp\arduino-sketch-25D6F10C0299B9995262E51D93C1DB1E/..\arduino-core-cache\core_arduino_samd_arduino_zero_nativeg16_8955ed14b5308ce541648a9c34a5144e.a(USBCore.cpp.o)
                0x0000454e                DoubleBufferedEPOutHandler::~DoubleBufferedEPOutHandler()
 *fill*         0x0000455a        0x2 
 .text._ZN14USBDeviceClass6initEPEmm.part.7
                0x0000455c       0xc4 C:\Users\admin\AppData\Local\Temp\arduino-sketch-25D6F10C0299B9995262E51D93C1DB1E/..\arduino-core-cache\core_arduino_samd_arduino_zero_nativeg16_8955ed14b5308ce541648a9c34a5144e.a(USBCore.cpp.o)
 .text._ZN7__GuardC2Ev
                0x00004620        0xe C:\Users\admin\AppData\Local\Temp\arduino-sketch-25D6F10C0299B9995262E51D93C1DB1E/..\arduino-core-cache\core_arduino_samd_arduino_zero_nativeg16_8955ed14b5308ce541648a9c34a5144e.a(USBCore.cpp.o)
                0x00004620                __Guard::__Guard()
                0x00004620                __Guard::__Guard()
 .text._ZN7__GuardD2Ev
                0x0000462e        0xe C:\Users\admin\AppData\Local\Temp\arduino-sketch-25D6F10C0299B9995262E51D93C1DB1E/..\arduino-core-cache\core_arduino_samd_arduino_zero_nativeg16_8955ed14b5308ce541648a9c34a5144e.a(USBCore.cpp.o)
                0x0000462e                __Guard::~__Guard()
                0x0000462e                __Guard::~__Guard()
 .text._ZNK26DoubleBufferedEPOutHandler10_availableEv
                0x0000463c       0x70 C:\Users\admin\AppData\Local\Temp\arduino-sketch-25D6F10C0299B9995262E51D93C1DB1E/..\arduino-core-cache\core_arduino_samd_arduino_zero_nativeg16_8955ed14b5308ce541648a9c34a5144e.a(USBCore.cpp.o)
                0x0000463c                DoubleBufferedEPOutHandler::_available() const
 .text._ZN26DoubleBufferedEPOutHandler7releaseEv
                0x000046ac       0x38 C:\Users\admin\AppData\Local\Temp\arduino-sketch-25D6F10C0299B9995262E51D93C1DB1E/..\arduino-core-cache\core_arduino_samd_arduino_zero_nativeg16_8955ed14b5308ce541648a9c34a5144e.a(USBCore.cpp.o)
                0x000046ac                DoubleBufferedEPOutHandler::release()
 .text._ZN26DoubleBufferedEPOutHandler14handleEndpointEv
                0x000046e4       0xe2 C:\Users\admin\AppData\Local\Temp\arduino-sketch-25D6F10C0299B9995262E51D93C1DB1E/..\arduino-core-cache\core_arduino_samd_arduino_zero_nativeg16_8955ed14b5308ce541648a9c34a5144e.a(USBCore.cpp.o)
                0x000046e4                DoubleBufferedEPOutHandler::handleEndpoint()
 .text._ZN14USBDeviceClass14SendInterfacesEPm
                0x000047c6       0x20 C:\Users\admin\AppData\Local\Temp\arduino-sketch-25D6F10C0299B9995262E51D93C1DB1E/..\arduino-core-cache\core_arduino_samd_arduino_zero_nativeg16_8955ed14b5308ce541648a9c34a5144e.a(USBCore.cpp.o)
                0x000047c6                USBDeviceClass::SendInterfaces(unsigned long*)
 *fill*         0x000047e6        0x2 
 .text._ZN14USBDeviceClass6attachEv
                0x000047e8       0x34 C:\Users\admin\AppData\Local\Temp\arduino-sketch-25D6F10C0299B9995262E51D93C1DB1E/..\arduino-core-cache\core_arduino_samd_arduino_zero_nativeg16_8955ed14b5308ce541648a9c34a5144e.a(USBCore.cpp.o)
                0x000047e8                USBDeviceClass::attach()
 .text._ZN14USBDeviceClass10setAddressEm
                0x0000481c       0x48 C:\Users\admin\AppData\Local\Temp\arduino-sketch-25D6F10C0299B9995262E51D93C1DB1E/..\arduino-core-cache\core_arduino_samd_arduino_zero_nativeg16_8955ed14b5308ce541648a9c34a5144e.a(USBCore.cpp.o)
                0x0000481c                USBDeviceClass::setAddress(unsigned long)
 .text._ZN14USBDeviceClass25handleClassInterfaceSetupERN7arduino8USBSetupE
                0x00004864       0x24 C:\Users\admin\AppData\Local\Temp\arduino-sketch-25D6F10C0299B9995262E51D93C1DB1E/..\arduino-core-cache\core_arduino_samd_arduino_zero_nativeg16_8955ed14b5308ce541648a9c34a5144e.a(USBCore.cpp.o)
                0x00004864                USBDeviceClass::handleClassInterfaceSetup(arduino::USBSetup&)
 .text._ZN14USBDeviceClass6initEPEmm
                0x00004888      0x10c C:\Users\admin\AppData\Local\Temp\arduino-sketch-25D6F10C0299B9995262E51D93C1DB1E/..\arduino-core-cache\core_arduino_samd_arduino_zero_nativeg16_8955ed14b5308ce541648a9c34a5144e.a(USBCore.cpp.o)
                0x00004888                USBDeviceClass::initEP(unsigned long, unsigned long)
 .text._ZN14USBDeviceClass13initEndpointsEv
                0x00004994       0x24 C:\Users\admin\AppData\Local\Temp\arduino-sketch-25D6F10C0299B9995262E51D93C1DB1E/..\arduino-core-cache\core_arduino_samd_arduino_zero_nativeg16_8955ed14b5308ce541648a9c34a5144e.a(USBCore.cpp.o)
                0x00004994                USBDeviceClass::initEndpoints()
 .text._ZN14USBDeviceClass5clearEm
                0x000049b8       0x38 C:\Users\admin\AppData\Local\Temp\arduino-sketch-25D6F10C0299B9995262E51D93C1DB1E/..\arduino-core-cache\core_arduino_samd_arduino_zero_nativeg16_8955ed14b5308ce541648a9c34a5144e.a(USBCore.cpp.o)
                0x000049b8                USBDeviceClass::clear(unsigned long)
 .text._ZN14USBDeviceClass9availableEm
                0x000049f0       0x2c C:\Users\admin\AppData\Local\Temp\arduino-sketch-25D6F10C0299B9995262E51D93C1DB1E/..\arduino-core-cache\core_arduino_samd_arduino_zero_nativeg16_8955ed14b5308ce541648a9c34a5144e.a(USBCore.cpp.o)
                0x000049f0                USBDeviceClass::available(unsigned long)
 .text._ZN14USBDeviceClass5flushEm
                0x00004a1c       0x2c C:\Users\admin\AppData\Local\Temp\arduino-sketch-25D6F10C0299B9995262E51D93C1DB1E/..\arduino-core-cache\core_arduino_samd_arduino_zero_nativeg16_8955ed14b5308ce541648a9c34a5144e.a(USBCore.cpp.o)
                0x00004a1c                USBDeviceClass::flush(unsigned long)
 .text._ZN14USBDeviceClass4recvEmPvm
                0x00004a48       0xdc C:\Users\admin\AppData\Local\Temp\arduino-sketch-25D6F10C0299B9995262E51D93C1DB1E/..\arduino-core-cache\core_arduino_samd_arduino_zero_nativeg16_8955ed14b5308ce541648a9c34a5144e.a(USBCore.cpp.o)
                0x00004a48                USBDeviceClass::recv(unsigned long, void*, unsigned long)
 .text._ZN14USBDeviceClass4recvEm
                0x00004b24       0x1c C:\Users\admin\AppData\Local\Temp\arduino-sketch-25D6F10C0299B9995262E51D93C1DB1E/..\arduino-core-cache\core_arduino_samd_arduino_zero_nativeg16_8955ed14b5308ce541648a9c34a5144e.a(USBCore.cpp.o)
                0x00004b24                USBDeviceClass::recv(unsigned long)
 .text._ZN14USBDeviceClass14armRecvCtrlOUTEm
                0x00004b40       0x5c C:\Users\admin\AppData\Local\Temp\arduino-sketch-25D6F10C0299B9995262E51D93C1DB1E/..\arduino-core-cache\core_arduino_samd_arduino_zero_nativeg16_8955ed14b5308ce541648a9c34a5144e.a(USBCore.cpp.o)
                0x00004b40                USBDeviceClass::armRecvCtrlOUT(unsigned long)
 .text._ZN14USBDeviceClass11recvControlEPvm
                0x00004b9c       0x28 C:\Users\admin\AppData\Local\Temp\arduino-sketch-25D6F10C0299B9995262E51D93C1DB1E/..\arduino-core-cache\core_arduino_samd_arduino_zero_nativeg16_8955ed14b5308ce541648a9c34a5144e.a(USBCore.cpp.o)
                0x00004b9c                USBDeviceClass::recvControl(void*, unsigned long)
 .text._ZN14USBDeviceClass4sendEmPKvm
                0x00004bc4      0x124 C:\Users\admin\AppData\Local\Temp\arduino-sketch-25D6F10C0299B9995262E51D93C1DB1E/..\arduino-core-cache\core_arduino_samd_arduino_zero_nativeg16_8955ed14b5308ce541648a9c34a5144e.a(USBCore.cpp.o)
                0x00004bc4                USBDeviceClass::send(unsigned long, void const*, unsigned long)
 .text._ZN14USBDeviceClass7armSendEmPKvm
                0x00004ce8       0x48 C:\Users\admin\AppData\Local\Temp\arduino-sketch-25D6F10C0299B9995262E51D93C1DB1E/..\arduino-core-cache\core_arduino_samd_arduino_zero_nativeg16_8955ed14b5308ce541648a9c34a5144e.a(USBCore.cpp.o)
                0x00004ce8                USBDeviceClass::armSend(unsigned long, void const*, unsigned long)
 .text._ZN14USBDeviceClass11sendControlEPKvm
                0x00004d30       0x54 C:\Users\admin\AppData\Local\Temp\arduino-sketch-25D6F10C0299B9995262E51D93C1DB1E/..\arduino-core-cache\core_arduino_samd_arduino_zero_nativeg16_8955ed14b5308ce541648a9c34a5144e.a(USBCore.cpp.o)
                0x00004d30                USBDeviceClass::sendControl(void const*, unsigned long)
 .text._ZN14USBDeviceClass20sendStringDescriptorEPKhm
                0x00004d84       0x64 C:\Users\admin\AppData\Local\Temp\arduino-sketch-25D6F10C0299B9995262E51D93C1DB1E/..\arduino-core-cache\core_arduino_samd_arduino_zero_nativeg16_8955ed14b5308ce541648a9c34a5144e.a(USBCore.cpp.o)
                0x00004d84                USBDeviceClass::sendStringDescriptor(unsigned char const*, unsigned long)
 .text._ZN14USBDeviceClass17sendConfigurationEm
                0x00004de8       0x80 C:\Users\admin\AppData\Local\Temp\arduino-sketch-25D6F10C0299B9995262E51D93C1DB1E/..\arduino-core-cache\core_arduino_samd_arduino_zero_nativeg16_8955ed14b5308ce541648a9c34a5144e.a(USBCore.cpp.o)
                0x00004de8                USBDeviceClass::sendConfiguration(unsigned long)
 .text._ZN14USBDeviceClass14sendDescriptorERN7arduino8USBSetupE
                0x00004e68       0xd8 C:\Users\admin\AppData\Local\Temp\arduino-sketch-25D6F10C0299B9995262E51D93C1DB1E/..\arduino-core-cache\core_arduino_samd_arduino_zero_nativeg16_8955ed14b5308ce541648a9c34a5144e.a(USBCore.cpp.o)
                0x00004e68                USBDeviceClass::sendDescriptor(arduino::USBSetup&)
 .text._ZN14USBDeviceClass7sendZlpEm
                0x00004f40       0x18 C:\Users\admin\AppData\Local\Temp\arduino-sketch-25D6F10C0299B9995262E51D93C1DB1E/..\arduino-core-cache\core_arduino_samd_arduino_zero_nativeg16_8955ed14b5308ce541648a9c34a5144e.a(USBCore.cpp.o)
                0x00004f40                USBDeviceClass::sendZlp(unsigned long)
 .text._ZN14USBDeviceClass19handleStandardSetupERN7arduino8USBSetupE
                0x00004f58       0xf0 C:\Users\admin\AppData\Local\Temp\arduino-sketch-25D6F10C0299B9995262E51D93C1DB1E/..\arduino-core-cache\core_arduino_samd_arduino_zero_nativeg16_8955ed14b5308ce541648a9c34a5144e.a(USBCore.cpp.o)
                0x00004f58                USBDeviceClass::handleStandardSetup(arduino::USBSetup&)
 .text._ZN14USBDeviceClass10ISRHandlerEv
                0x00005048      0x150 C:\Users\admin\AppData\Local\Temp\arduino-sketch-25D6F10C0299B9995262E51D93C1DB1E/..\arduino-core-cache\core_arduino_samd_arduino_zero_nativeg16_8955ed14b5308ce541648a9c34a5144e.a(USBCore.cpp.o)
                0x00005048                USBDeviceClass::ISRHandler()
 .text.UDD_Handler
                0x00005198       0x10 C:\Users\admin\AppData\Local\Temp\arduino-sketch-25D6F10C0299B9995262E51D93C1DB1E/..\arduino-core-cache\core_arduino_samd_arduino_zero_nativeg16_8955ed14b5308ce541648a9c34a5144e.a(USBCore.cpp.o)
                0x00005198                UDD_Handler
 .text._ZN7arduino13PluggableUSB_C2Ev
                0x000051a8       0x10 C:\Users\admin\AppData\Local\Temp\arduino-sketch-25D6F10C0299B9995262E51D93C1DB1E/..\arduino-core-cache\core_arduino_samd_arduino_zero_nativeg16_8955ed14b5308ce541648a9c34a5144e.a(USBCore.cpp.o)
                0x000051a8                arduino::PluggableUSB_::PluggableUSB_()
                0x000051a8                arduino::PluggableUSB_::PluggableUSB_()
 .text._Z8epBufferj
                0x000051b8        0xc C:\Users\admin\AppData\Local\Temp\arduino-sketch-25D6F10C0299B9995262E51D93C1DB1E/..\arduino-core-cache\core_arduino_samd_arduino_zero_nativeg16_8955ed14b5308ce541648a9c34a5144e.a(USBCore.cpp.o)
                0x000051b8                epBuffer(unsigned int)
 .text._ZN7arduino11RingBufferNILi64EE10store_charEh
                0x000051c4       0x1c C:\Users\admin\AppData\Local\Temp\arduino-sketch-25D6F10C0299B9995262E51D93C1DB1E/..\arduino-core-cache\core_arduino_samd_arduino_zero_nativeg16_8955ed14b5308ce541648a9c34a5144e.a(USBCore.cpp.o)
                0x000051c4                arduino::RingBufferN<64>::store_char(unsigned char)
 .text._ZN26DoubleBufferedEPOutHandler5_recvEv
                0x000051e0      0x15e C:\Users\admin\AppData\Local\Temp\arduino-sketch-25D6F10C0299B9995262E51D93C1DB1E/..\arduino-core-cache\core_arduino_samd_arduino_zero_nativeg16_8955ed14b5308ce541648a9c34a5144e.a(USBCore.cpp.o)
                0x000051e0                DoubleBufferedEPOutHandler::_recv()
 .text._ZN26DoubleBufferedEPOutHandler9availableEv
                0x0000533e        0xc C:\Users\admin\AppData\Local\Temp\arduino-sketch-25D6F10C0299B9995262E51D93C1DB1E/..\arduino-core-cache\core_arduino_samd_arduino_zero_nativeg16_8955ed14b5308ce541648a9c34a5144e.a(USBCore.cpp.o)
                0x0000533e                DoubleBufferedEPOutHandler::available()
 .text._ZN26DoubleBufferedEPOutHandler4peekEv
                0x0000534a       0x1c C:\Users\admin\AppData\Local\Temp\arduino-sketch-25D6F10C0299B9995262E51D93C1DB1E/..\arduino-core-cache\core_arduino_samd_arduino_zero_nativeg16_8955ed14b5308ce541648a9c34a5144e.a(USBCore.cpp.o)
                0x0000534a                DoubleBufferedEPOutHandler::peek()
 .text._ZN26DoubleBufferedEPOutHandler4recvEPvm
                0x00005366       0x60 C:\Users\admin\AppData\Local\Temp\arduino-sketch-25D6F10C0299B9995262E51D93C1DB1E/..\arduino-core-cache\core_arduino_samd_arduino_zero_nativeg16_8955ed14b5308ce541648a9c34a5144e.a(USBCore.cpp.o)
                0x00005366                DoubleBufferedEPOutHandler::recv(void*, unsigned long)
 *fill*         0x000053c6        0x2 
 .text.startup._GLOBAL__sub_I_usbd
                0x000053c8       0x10 C:\Users\admin\AppData\Local\Temp\arduino-sketch-25D6F10C0299B9995262E51D93C1DB1E/..\arduino-core-cache\core_arduino_samd_arduino_zero_nativeg16_8955ed14b5308ce541648a9c34a5144e.a(USBCore.cpp.o)
 .text._ZN14USBDeviceClass4initEv
                0x000053d8      0x18c C:\Users\admin\AppData\Local\Temp\arduino-sketch-25D6F10C0299B9995262E51D93C1DB1E/..\arduino-core-cache\core_arduino_samd_arduino_zero_nativeg16_8955ed14b5308ce541648a9c34a5144e.a(USBCore.cpp.o)
                0x000053d8                USBDeviceClass::init()
 .text._ZN4UartcvbEv
                0x00005564        0x4 C:\Users\admin\AppData\Local\Temp\arduino-sketch-25D6F10C0299B9995262E51D93C1DB1E/..\arduino-core-cache\core_arduino_samd_arduino_zero_nativeg16_8955ed14b5308ce541648a9c34a5144e.a(Uart.cpp.o)
                0x00005564                Uart::operator bool()
 .text._ZN4Uart5beginEm
                0x00005568       0x10 C:\Users\admin\AppData\Local\Temp\arduino-sketch-25D6F10C0299B9995262E51D93C1DB1E/..\arduino-core-cache\core_arduino_samd_arduino_zero_nativeg16_8955ed14b5308ce541648a9c34a5144e.a(Uart.cpp.o)
                0x00005568                Uart::begin(unsigned long)
 .text._ZN4Uart9availableEv
                0x00005578        0x6 C:\Users\admin\AppData\Local\Temp\arduino-sketch-25D6F10C0299B9995262E51D93C1DB1E/..\arduino-core-cache\core_arduino_samd_arduino_zero_nativeg16_8955ed14b5308ce541648a9c34a5144e.a(Uart.cpp.o)
                0x00005578                Uart::available()
 .text._ZN4Uart17availableForWriteEv
                0x0000557e       0x10 C:\Users\admin\AppData\Local\Temp\arduino-sketch-25D6F10C0299B9995262E51D93C1DB1E/..\arduino-core-cache\core_arduino_samd_arduino_zero_nativeg16_8955ed14b5308ce541648a9c34a5144e.a(Uart.cpp.o)
                0x0000557e                Uart::availableForWrite()
 .text._ZN4Uart4peekEv
                0x0000558e       0x18 C:\Users\admin\AppData\Local\Temp\arduino-sketch-25D6F10C0299B9995262E51D93C1DB1E/..\arduino-core-cache\core_arduino_samd_arduino_zero_nativeg16_8955ed14b5308ce541648a9c34a5144e.a(Uart.cpp.o)
                0x0000558e                Uart::peek()
 .text._ZN4Uart3endEv
                0x000055a6       0x24 C:\Users\admin\AppData\Local\Temp\arduino-sketch-25D6F10C0299B9995262E51D93C1DB1E/..\arduino-core-cache\core_arduino_samd_arduino_zero_nativeg16_8955ed14b5308ce541648a9c34a5144e.a(Uart.cpp.o)
                0x000055a6                Uart::end()
 .text._ZN4Uart5flushEv
                0x000055ca       0x16 C:\Users\admin\AppData\Local\Temp\arduino-sketch-25D6F10C0299B9995262E51D93C1DB1E/..\arduino-core-cache\core_arduino_samd_arduino_zero_nativeg16_8955ed14b5308ce541648a9c34a5144e.a(Uart.cpp.o)
                0x000055ca                Uart::flush()
 .text._ZN4Uart16extractNbStopBitEt
                0x000055e0        0xc C:\Users\admin\AppData\Local\Temp\arduino-sketch-25D6F10C0299B9995262E51D93C1DB1E/..\arduino-core-cache\core_arduino_samd_arduino_zero_nativeg16_8955ed14b5308ce541648a9c34a5144e.a(Uart.cpp.o)
                0x000055e0                Uart::extractNbStopBit(unsigned short)
 .text._ZN4Uart15extractCharSizeEt
                0x000055ec       0x28 C:\Users\admin\AppData\Local\Temp\arduino-sketch-25D6F10C0299B9995262E51D93C1DB1E/..\arduino-core-cache\core_arduino_samd_arduino_zero_nativeg16_8955ed14b5308ce541648a9c34a5144e.a(Uart.cpp.o)
                0x000055ec                Uart::extractCharSize(unsigned short)
 .text._ZN4Uart13extractParityEt
                0x00005614       0x14 C:\Users\admin\AppData\Local\Temp\arduino-sketch-25D6F10C0299B9995262E51D93C1DB1E/..\arduino-core-cache\core_arduino_samd_arduino_zero_nativeg16_8955ed14b5308ce541648a9c34a5144e.a(Uart.cpp.o)
                0x00005614                Uart::extractParity(unsigned short)
 .text._ZN4Uart5beginEmt
                0x00005628       0xf8 C:\Users\admin\AppData\Local\Temp\arduino-sketch-25D6F10C0299B9995262E51D93C1DB1E/..\arduino-core-cache\core_arduino_samd_arduino_zero_nativeg16_8955ed14b5308ce541648a9c34a5144e.a(Uart.cpp.o)
                0x00005628                Uart::begin(unsigned long, unsigned short)
 .text._ZN7arduino11RingBufferNILi256EEC2Ev
                0x00005720       0x1e C:\Users\admin\AppData\Local\Temp\arduino-sketch-25D6F10C0299B9995262E51D93C1DB1E/..\arduino-core-cache\core_arduino_samd_arduino_zero_nativeg16_8955ed14b5308ce541648a9c34a5144e.a(Uart.cpp.o)
                0x00005720                arduino::RingBufferN<256>::RingBufferN()
                0x00005720                arduino::RingBufferN<256>::RingBufferN()
 *fill*         0x0000573e        0x2 
 .text._ZN4UartC2EP6SERCOMhh11SercomRXPad15SercomUartTXPad
                0x00005740       0x74 C:\Users\admin\AppData\Local\Temp\arduino-sketch-25D6F10C0299B9995262E51D93C1DB1E/..\arduino-core-cache\core_arduino_samd_arduino_zero_nativeg16_8955ed14b5308ce541648a9c34a5144e.a(Uart.cpp.o)
                0x00005740                Uart::Uart(SERCOM*, unsigned char, unsigned char, SercomRXPad, SercomUartTXPad)
                0x00005740                Uart::Uart(SERCOM*, unsigned char, unsigned char, SercomRXPad, SercomUartTXPad)
 .text._ZN7arduino15SafeRingBufferNILi256EE10store_charEh
                0x000057b4       0x4a C:\Users\admin\AppData\Local\Temp\arduino-sketch-25D6F10C0299B9995262E51D93C1DB1E/..\arduino-core-cache\core_arduino_samd_arduino_zero_nativeg16_8955ed14b5308ce541648a9c34a5144e.a(Uart.cpp.o)
                0x000057b4                arduino::SafeRingBufferN<256>::store_char(unsigned char)
 .text._ZN7arduino15SafeRingBufferNILi256EE9read_charEv
                0x000057fe       0x50 C:\Users\admin\AppData\Local\Temp\arduino-sketch-25D6F10C0299B9995262E51D93C1DB1E/..\arduino-core-cache\core_arduino_samd_arduino_zero_nativeg16_8955ed14b5308ce541648a9c34a5144e.a(Uart.cpp.o)
                0x000057fe                arduino::SafeRingBufferN<256>::read_char()
 .text._ZN4Uart10IrqHandlerEv
                0x0000584e       0xa4 C:\Users\admin\AppData\Local\Temp\arduino-sketch-25D6F10C0299B9995262E51D93C1DB1E/..\arduino-core-cache\core_arduino_samd_arduino_zero_nativeg16_8955ed14b5308ce541648a9c34a5144e.a(Uart.cpp.o)
                0x0000584e                Uart::IrqHandler()
 *fill*         0x000058f2        0x2 
 .text._ZN4Uart5writeEh
                0x000058f4       0x9c C:\Users\admin\AppData\Local\Temp\arduino-sketch-25D6F10C0299B9995262E51D93C1DB1E/..\arduino-core-cache\core_arduino_samd_arduino_zero_nativeg16_8955ed14b5308ce541648a9c34a5144e.a(Uart.cpp.o)
                0x000058f4                Uart::write(unsigned char)
 .text._ZN4Uart4readEv
                0x00005990       0x34 C:\Users\admin\AppData\Local\Temp\arduino-sketch-25D6F10C0299B9995262E51D93C1DB1E/..\arduino-core-cache\core_arduino_samd_arduino_zero_nativeg16_8955ed14b5308ce541648a9c34a5144e.a(Uart.cpp.o)
                0x00005990                Uart::read()
 .text.attachInterrupt
                0x000059c4      0x130 C:\Users\admin\AppData\Local\Temp\arduino-sketch-25D6F10C0299B9995262E51D93C1DB1E/..\arduino-core-cache\core_arduino_samd_arduino_zero_nativeg16_8955ed14b5308ce541648a9c34a5144e.a(WInterrupts.c.o)
                0x000059c4                attachInterrupt
 .text.EIC_Handler
                0x00005af4       0x3c C:\Users\admin\AppData\Local\Temp\arduino-sketch-25D6F10C0299B9995262E51D93C1DB1E/..\arduino-core-cache\core_arduino_samd_arduino_zero_nativeg16_8955ed14b5308ce541648a9c34a5144e.a(WInterrupts.c.o)
                0x00005af4                EIC_Handler
 .text._ZN7arduino13PluggableUSB_12getInterfaceEPh
                0x00005b30       0x28 C:\Users\admin\AppData\Local\Temp\arduino-sketch-25D6F10C0299B9995262E51D93C1DB1E/..\arduino-core-cache\core_arduino_samd_arduino_zero_nativeg16_8955ed14b5308ce541648a9c34a5144e.a(PluggableUSB.cpp.o)
                0x00005b30                arduino::PluggableUSB_::getInterface(unsigned char*)
 .text._ZN7arduino13PluggableUSB_13getDescriptorERNS_8USBSetupE
                0x00005b58       0x20 C:\Users\admin\AppData\Local\Temp\arduino-sketch-25D6F10C0299B9995262E51D93C1DB1E/..\arduino-core-cache\core_arduino_samd_arduino_zero_nativeg16_8955ed14b5308ce541648a9c34a5144e.a(PluggableUSB.cpp.o)
                0x00005b58                arduino::PluggableUSB_::getDescriptor(arduino::USBSetup&)
 .text._ZN7arduino13PluggableUSB_12getShortNameEPc
                0x00005b78       0x1e C:\Users\admin\AppData\Local\Temp\arduino-sketch-25D6F10C0299B9995262E51D93C1DB1E/..\arduino-core-cache\core_arduino_samd_arduino_zero_nativeg16_8955ed14b5308ce541648a9c34a5144e.a(PluggableUSB.cpp.o)
                0x00005b78                arduino::PluggableUSB_::getShortName(char*)
 .text._ZN7arduino13PluggableUSB_5setupERNS_8USBSetupE
                0x00005b96       0x20 C:\Users\admin\AppData\Local\Temp\arduino-sketch-25D6F10C0299B9995262E51D93C1DB1E/..\arduino-core-cache\core_arduino_samd_arduino_zero_nativeg16_8955ed14b5308ce541648a9c34a5144e.a(PluggableUSB.cpp.o)
                0x00005b96                arduino::PluggableUSB_::setup(arduino::USBSetup&)
 .text._ZN7arduino13PluggableUSB_4plugEPNS_18PluggableUSBModuleE
                0x00005bb6       0x5c C:\Users\admin\AppData\Local\Temp\arduino-sketch-25D6F10C0299B9995262E51D93C1DB1E/..\arduino-core-cache\core_arduino_samd_arduino_zero_nativeg16_8955ed14b5308ce541648a9c34a5144e.a(PluggableUSB.cpp.o)
                0x00005bb6                arduino::PluggableUSB_::plug(arduino::PluggableUSBModule*)
 *fill*         0x00005c12        0x2 
 .text._Z12PluggableUSBv
                0x00005c14       0x24 C:\Users\admin\AppData\Local\Temp\arduino-sketch-25D6F10C0299B9995262E51D93C1DB1E/..\arduino-core-cache\core_arduino_samd_arduino_zero_nativeg16_8955ed14b5308ce541648a9c34a5144e.a(PluggableUSB.cpp.o)
                0x00005c14                PluggableUSB()
 .text._ZN7arduino5Print5writeEPKhj
                0x00005c38       0x28 C:\Users\admin\AppData\Local\Temp\arduino-sketch-25D6F10C0299B9995262E51D93C1DB1E/..\arduino-core-cache\core_arduino_samd_arduino_zero_nativeg16_8955ed14b5308ce541648a9c34a5144e.a(Print.cpp.o)
                0x00005c38                arduino::Print::write(unsigned char const*, unsigned int)
 .text._ZN7arduino5Print5writeEPKc.part.2
                0x00005c60       0x1a C:\Users\admin\AppData\Local\Temp\arduino-sketch-25D6F10C0299B9995262E51D93C1DB1E/..\arduino-core-cache\core_arduino_samd_arduino_zero_nativeg16_8955ed14b5308ce541648a9c34a5144e.a(Print.cpp.o)
 .text._ZN7arduino5Print5writeEPKc
                0x00005c7a       0x10 C:\Users\admin\AppData\Local\Temp\arduino-sketch-25D6F10C0299B9995262E51D93C1DB1E/..\arduino-core-cache\core_arduino_samd_arduino_zero_nativeg16_8955ed14b5308ce541648a9c34a5144e.a(Print.cpp.o)
                0x00005c7a                arduino::Print::write(char const*)
 .text._ZN7arduino5Print5printEPKc
                0x00005c8a        0x8 C:\Users\admin\AppData\Local\Temp\arduino-sketch-25D6F10C0299B9995262E51D93C1DB1E/..\arduino-core-cache\core_arduino_samd_arduino_zero_nativeg16_8955ed14b5308ce541648a9c34a5144e.a(Print.cpp.o)
                0x00005c8a                arduino::Print::print(char const*)
 .text._ZN7arduino5Print5printEc
                0x00005c92        0xa C:\Users\admin\AppData\Local\Temp\arduino-sketch-25D6F10C0299B9995262E51D93C1DB1E/..\arduino-core-cache\core_arduino_samd_arduino_zero_nativeg16_8955ed14b5308ce541648a9c34a5144e.a(Print.cpp.o)
                0x00005c92                arduino::Print::print(char)
 .text._ZN7arduino5Print7printlnEv
                0x00005c9c       0x10 C:\Users\admin\AppData\Local\Temp\arduino-sketch-25D6F10C0299B9995262E51D93C1DB1E/..\arduino-core-cache\core_arduino_samd_arduino_zero_nativeg16_8955ed14b5308ce541648a9c34a5144e.a(Print.cpp.o)
                0x00005c9c                arduino::Print::println()
 .text._ZN7arduino5Print7printlnEPKc
                0x00005cac       0x14 C:\Users\admin\AppData\Local\Temp\arduino-sketch-25D6F10C0299B9995262E51D93C1DB1E/..\arduino-core-cache\core_arduino_samd_arduino_zero_nativeg16_8955ed14b5308ce541648a9c34a5144e.a(Print.cpp.o)
                0x00005cac                arduino::Print::println(char const*)
 .text._ZN7arduino5Print11printNumberEmh
                0x00005cc0       0x48 C:\Users\admin\AppData\Local\Temp\arduino-sketch-25D6F10C0299B9995262E51D93C1DB1E/..\arduino-core-cache\core_arduino_samd_arduino_zero_nativeg16_8955ed14b5308ce541648a9c34a5144e.a(Print.cpp.o)
                0x00005cc0                arduino::Print::printNumber(unsigned long, unsigned char)
 .text._ZN7arduino5Print5printEli
                0x00005d08       0x3e C:\Users\admin\AppData\Local\Temp\arduino-sketch-25D6F10C0299B9995262E51D93C1DB1E/..\arduino-core-cache\core_arduino_samd_arduino_zero_nativeg16_8955ed14b5308ce541648a9c34a5144e.a(Print.cpp.o)
                0x00005d08                arduino::Print::print(long, int)
 .text._ZN7arduino5Print5printEii
                0x00005d46        0x8 C:\Users\admin\AppData\Local\Temp\arduino-sketch-25D6F10C0299B9995262E51D93C1DB1E/..\arduino-core-cache\core_arduino_samd_arduino_zero_nativeg16_8955ed14b5308ce541648a9c34a5144e.a(Print.cpp.o)
                0x00005d46                arduino::Print::print(int, int)
 .text._ZN7arduino5Print5printEmi
                0x00005d4e       0x18 C:\Users\admin\AppData\Local\Temp\arduino-sketch-25D6F10C0299B9995262E51D93C1DB1E/..\arduino-core-cache\core_arduino_samd_arduino_zero_nativeg16_8955ed14b5308ce541648a9c34a5144e.a(Print.cpp.o)
                0x00005d4e                arduino::Print::print(unsigned long, int)
 .text._ZN7arduino5Print7printlnEhi
                0x00005d66       0x14 C:\Users\admin\AppData\Local\Temp\arduino-sketch-25D6F10C0299B9995262E51D93C1DB1E/..\arduino-core-cache\core_arduino_samd_arduino_zero_nativeg16_8955ed14b5308ce541648a9c34a5144e.a(Print.cpp.o)
                0x00005d66                arduino::Print::println(unsigned char, int)
 *fill*         0x00005d7a        0x2 
 .text._ZN7arduino5Print10printFloatEdi
                0x00005d7c      0x170 C:\Users\admin\AppData\Local\Temp\arduino-sketch-25D6F10C0299B9995262E51D93C1DB1E/..\arduino-core-cache\core_arduino_samd_arduino_zero_nativeg16_8955ed14b5308ce541648a9c34a5144e.a(Print.cpp.o)
                0x00005d7c                arduino::Print::printFloat(double, int)
 .text._ZN7arduino5Print5printEdi
                0x00005eec        0xc C:\Users\admin\AppData\Local\Temp\arduino-sketch-25D6F10C0299B9995262E51D93C1DB1E/..\arduino-core-cache\core_arduino_samd_arduino_zero_nativeg16_8955ed14b5308ce541648a9c34a5144e.a(Print.cpp.o)
                0x00005eec                arduino::Print::print(double, int)
 .text._ZN7arduino5Print7printlnEdi
                0x00005ef8       0x18 C:\Users\admin\AppData\Local\Temp\arduino-sketch-25D6F10C0299B9995262E51D93C1DB1E/..\arduino-core-cache\core_arduino_samd_arduino_zero_nativeg16_8955ed14b5308ce541648a9c34a5144e.a(Print.cpp.o)
                0x00005ef8                arduino::Print::println(double, int)
 .text.Dummy_Handler
                0x00005f10        0x2 C:\Users\admin\AppData\Local\Temp\arduino-sketch-25D6F10C0299B9995262E51D93C1DB1E/..\arduino-core-cache\core_arduino_samd_arduino_zero_nativeg16_8955ed14b5308ce541648a9c34a5144e.a(cortex_handlers.c.o)
                0x00005f10                DMAC_Handler
                0x00005f10                HardFault_Handler
                0x00005f10                AC_Handler
                0x00005f10                PendSV_Handler
                0x00005f10                NMI_Handler
                0x00005f10                TC7_Handler
                0x00005f10                SERCOM1_Handler
                0x00005f10                ADC_Handler
                0x00005f10                TCC1_Handler
                0x00005f10                SERCOM2_Handler
                0x00005f10                TCC0_Handler
                0x00005f10                RTC_Handler
                0x00005f10                TC6_Handler
                0x00005f10                WDT_Handler
                0x00005f10                TC4_Handler
                0x00005f10                Dummy_Handler
                0x00005f10                PM_Handler
                0x00005f10                SVC_Handler
                0x00005f10                TCC2_Handler
                0x00005f10                EVSYS_Handler
                0x00005f10                SERCOM3_Handler
                0x00005f10                SERCOM4_Handler
                0x00005f10                I2S_Handler
                0x00005f10                NVMCTRL_Handler
                0x00005f10                DAC_Handler
                0x00005f10                PTC_Handler
                0x00005f10                SYSCTRL_Handler
 *fill*         0x00005f12        0x2 
 .text.USB_Handler
                0x00005f14       0x14 C:\Users\admin\AppData\Local\Temp\arduino-sketch-25D6F10C0299B9995262E51D93C1DB1E/..\arduino-core-cache\core_arduino_samd_arduino_zero_nativeg16_8955ed14b5308ce541648a9c34a5144e.a(cortex_handlers.c.o)
                0x00005f14                USB_Handler
 .text.Reset_Handler
                0x00005f28       0x54 C:\Users\admin\AppData\Local\Temp\arduino-sketch-25D6F10C0299B9995262E51D93C1DB1E/..\arduino-core-cache\core_arduino_samd_arduino_zero_nativeg16_8955ed14b5308ce541648a9c34a5144e.a(cortex_handlers.c.o)
                0x00005f28                Reset_Handler
 .text.SysTick_Handler
                0x00005f7c       0x10 C:\Users\admin\AppData\Local\Temp\arduino-sketch-25D6F10C0299B9995262E51D93C1DB1E/..\arduino-core-cache\core_arduino_samd_arduino_zero_nativeg16_8955ed14b5308ce541648a9c34a5144e.a(cortex_handlers.c.o)
                0x00005f7c                SysTick_Handler
 .text.USB_SetHandler
                0x00005f8c        0xc C:\Users\admin\AppData\Local\Temp\arduino-sketch-25D6F10C0299B9995262E51D93C1DB1E/..\arduino-core-cache\core_arduino_samd_arduino_zero_nativeg16_8955ed14b5308ce541648a9c34a5144e.a(cortex_handlers.c.o)
                0x00005f8c                USB_SetHandler
 .text.millis   0x00005f98        0xc C:\Users\admin\AppData\Local\Temp\arduino-sketch-25D6F10C0299B9995262E51D93C1DB1E/..\arduino-core-cache\core_arduino_samd_arduino_zero_nativeg16_8955ed14b5308ce541648a9c34a5144e.a(delay.c.o)
                0x00005f98                millis
 .text.micros   0x00005fa4       0x60 C:\Users\admin\AppData\Local\Temp\arduino-sketch-25D6F10C0299B9995262E51D93C1DB1E/..\arduino-core-cache\core_arduino_samd_arduino_zero_nativeg16_8955ed14b5308ce541648a9c34a5144e.a(delay.c.o)
                0x00005fa4                micros
 .text.delay    0x00006004       0x30 C:\Users\admin\AppData\Local\Temp\arduino-sketch-25D6F10C0299B9995262E51D93C1DB1E/..\arduino-core-cache\core_arduino_samd_arduino_zero_nativeg16_8955ed14b5308ce541648a9c34a5144e.a(delay.c.o)
                0x00006004                delay
 .text.SysTick_DefaultHandler
                0x00006034       0x14 C:\Users\admin\AppData\Local\Temp\arduino-sketch-25D6F10C0299B9995262E51D93C1DB1E/..\arduino-core-cache\core_arduino_samd_arduino_zero_nativeg16_8955ed14b5308ce541648a9c34a5144e.a(delay.c.o)
                0x00006034                SysTick_DefaultHandler
 .text.delayMicroseconds
                0x00006048       0x16 C:\Users\admin\AppData\Local\Temp\arduino-sketch-25D6F10C0299B9995262E51D93C1DB1E/..\arduino-core-cache\core_arduino_samd_arduino_zero_nativeg16_8955ed14b5308ce541648a9c34a5144e.a(delay.c.o)
                0x00006048                delayMicroseconds
 .text.__empty  0x0000605e        0x2 C:\Users\admin\AppData\Local\Temp\arduino-sketch-25D6F10C0299B9995262E51D93C1DB1E/..\arduino-core-cache\core_arduino_samd_arduino_zero_nativeg16_8955ed14b5308ce541648a9c34a5144e.a(hooks.c.o)
                0x0000605e                yield
 .text.__false  0x00006060        0x4 C:\Users\admin\AppData\Local\Temp\arduino-sketch-25D6F10C0299B9995262E51D93C1DB1E/..\arduino-core-cache\core_arduino_samd_arduino_zero_nativeg16_8955ed14b5308ce541648a9c34a5144e.a(hooks.c.o)
                0x00006060                sysTickHook
 .text.initVariant
                0x00006064        0x2 C:\Users\admin\AppData\Local\Temp\arduino-sketch-25D6F10C0299B9995262E51D93C1DB1E/..\arduino-core-cache\core_arduino_samd_arduino_zero_nativeg16_8955ed14b5308ce541648a9c34a5144e.a(main.cpp.o)
                0x00006064                initVariant
 *fill*         0x00006066        0x2 
 .text.startup.main
                0x00006068       0x40 C:\Users\admin\AppData\Local\Temp\arduino-sketch-25D6F10C0299B9995262E51D93C1DB1E/..\arduino-core-cache\core_arduino_samd_arduino_zero_nativeg16_8955ed14b5308ce541648a9c34a5144e.a(main.cpp.o)
                0x00006068                main
 .text._Znwj    0x000060a8        0x8 C:\Users\admin\AppData\Local\Temp\arduino-sketch-25D6F10C0299B9995262E51D93C1DB1E/..\arduino-core-cache\core_arduino_samd_arduino_zero_nativeg16_8955ed14b5308ce541648a9c34a5144e.a(new.cpp.o)
                0x000060a8                operator new(unsigned int)
 .text._ZdlPv   0x000060b0        0x8 C:\Users\admin\AppData\Local\Temp\arduino-sketch-25D6F10C0299B9995262E51D93C1DB1E/..\arduino-core-cache\core_arduino_samd_arduino_zero_nativeg16_8955ed14b5308ce541648a9c34a5144e.a(new.cpp.o)
                0x000060b0                operator delete(void*)
 .text.SystemInit
                0x000060b8      0x160 C:\Users\admin\AppData\Local\Temp\arduino-sketch-25D6F10C0299B9995262E51D93C1DB1E/..\arduino-core-cache\core_arduino_samd_arduino_zero_nativeg16_8955ed14b5308ce541648a9c34a5144e.a(startup.c.o)
                0x000060b8                SystemInit
 .text.init     0x00006218       0xf0 C:\Users\admin\AppData\Local\Temp\arduino-sketch-25D6F10C0299B9995262E51D93C1DB1E/..\arduino-core-cache\core_arduino_samd_arduino_zero_nativeg16_8955ed14b5308ce541648a9c34a5144e.a(wiring.c.o)
                0x00006218                init
 .text.analogReference
                0x00006308       0x64 C:\Users\admin\AppData\Local\Temp\arduino-sketch-25D6F10C0299B9995262E51D93C1DB1E/..\arduino-core-cache\core_arduino_samd_arduino_zero_nativeg16_8955ed14b5308ce541648a9c34a5144e.a(wiring_analog.c.o)
                0x00006308                analogReference
 .text.pinMode  0x0000636c       0x98 C:\Users\admin\AppData\Local\Temp\arduino-sketch-25D6F10C0299B9995262E51D93C1DB1E/..\arduino-core-cache\core_arduino_samd_arduino_zero_nativeg16_8955ed14b5308ce541648a9c34a5144e.a(wiring_digital.c.o)
                0x0000636c                pinMode
 .text.digitalWrite
                0x00006404       0x58 C:\Users\admin\AppData\Local\Temp\arduino-sketch-25D6F10C0299B9995262E51D93C1DB1E/..\arduino-core-cache\core_arduino_samd_arduino_zero_nativeg16_8955ed14b5308ce541648a9c34a5144e.a(wiring_digital.c.o)
                0x00006404                digitalWrite
 .text.digitalRead
                0x0000645c       0x30 C:\Users\admin\AppData\Local\Temp\arduino-sketch-25D6F10C0299B9995262E51D93C1DB1E/..\arduino-core-cache\core_arduino_samd_arduino_zero_nativeg16_8955ed14b5308ce541648a9c34a5144e.a(wiring_digital.c.o)
                0x0000645c                digitalRead
 .text.pinPeripheral
                0x0000648c       0xc0 C:\Users\admin\AppData\Local\Temp\arduino-sketch-25D6F10C0299B9995262E51D93C1DB1E/..\arduino-core-cache\core_arduino_samd_arduino_zero_nativeg16_8955ed14b5308ce541648a9c34a5144e.a(wiring_private.c.o)
                0x0000648c                pinPeripheral
 .text.initiateReset
                0x0000654c       0x14 C:\Users\admin\AppData\Local\Temp\arduino-sketch-25D6F10C0299B9995262E51D93C1DB1E/..\arduino-core-cache\core_arduino_samd_arduino_zero_nativeg16_8955ed14b5308ce541648a9c34a5144e.a(Reset.cpp.o)
                0x0000654c                initiateReset
 .text.cancelReset
                0x00006560       0x10 C:\Users\admin\AppData\Local\Temp\arduino-sketch-25D6F10C0299B9995262E51D93C1DB1E/..\arduino-core-cache\core_arduino_samd_arduino_zero_nativeg16_8955ed14b5308ce541648a9c34a5144e.a(Reset.cpp.o)
                0x00006560                cancelReset
 .text.tickReset
                0x00006570       0x78 C:\Users\admin\AppData\Local\Temp\arduino-sketch-25D6F10C0299B9995262E51D93C1DB1E/..\arduino-core-cache\core_arduino_samd_arduino_zero_nativeg16_8955ed14b5308ce541648a9c34a5144e.a(Reset.cpp.o)
                0x00006570                tickReset
 .text          0x000065e8       0x14 c:/users/admin/appdata/local/arduino15/packages/arduino/tools/arm-none-eabi-gcc/7-2017q4/bin/../lib/gcc/arm-none-eabi/7.2.1/thumb/v6-m\libgcc.a(_thumb1_case_sqi.o)
                0x000065e8                __gnu_thumb1_case_sqi
 .text          0x000065fc       0x14 c:/users/admin/appdata/local/arduino15/packages/arduino/tools/arm-none-eabi-gcc/7-2017q4/bin/../lib/gcc/arm-none-eabi/7.2.1/thumb/v6-m\libgcc.a(_thumb1_case_uqi.o)
                0x000065fc                __gnu_thumb1_case_uqi
 .text          0x00006610      0x114 c:/users/admin/appdata/local/arduino15/packages/arduino/tools/arm-none-eabi-gcc/7-2017q4/bin/../lib/gcc/arm-none-eabi/7.2.1/thumb/v6-m\libgcc.a(_udivsi3.o)
                0x00006610                __aeabi_uidiv
                0x00006610                __udivsi3
                0x0000671c                __aeabi_uidivmod
 .text          0x00006724        0x4 c:/users/admin/appdata/local/arduino15/packages/arduino/tools/arm-none-eabi-gcc/7-2017q4/bin/../lib/gcc/arm-none-eabi/7.2.1/thumb/v6-m\libgcc.a(_dvmd_tls.o)
                0x00006724                __aeabi_idiv0
                0x00006724                __aeabi_ldiv0
 .text          0x00006728       0x7c c:/users/admin/appdata/local/arduino15/packages/arduino/tools/arm-none-eabi-gcc/7-2017q4/bin/../lib/gcc/arm-none-eabi/7.2.1/thumb/v6-m\libgcc.a(_arm_cmpdf2.o)
                0x00006728                __aeabi_cdrcmple
                0x00006738                __aeabi_cdcmple
                0x00006738                __aeabi_cdcmpeq
                0x00006748                __aeabi_dcmpeq
                0x00006754                __aeabi_dcmplt
                0x00006768                __aeabi_dcmple
                0x0000677c                __aeabi_dcmpgt
                0x00006790                __aeabi_dcmpge
 .text          0x000067a4       0x74 c:/users/admin/appdata/local/arduino15/packages/arduino/tools/arm-none-eabi-gcc/7-2017q4/bin/../lib/gcc/arm-none-eabi/7.2.1/thumb/v6-m\libgcc.a(_arm_cmpsf2.o)
                0x000067a4                __aeabi_cfrcmple
                0x000067ac                __aeabi_cfcmpeq
                0x000067ac                __aeabi_cfcmple
                0x000067bc                __aeabi_fcmpeq
                0x000067c8                __aeabi_fcmplt
                0x000067dc                __aeabi_fcmple
                0x000067f0                __aeabi_fcmpgt
                0x00006804                __aeabi_fcmpge
 .text          0x00006818       0x48 c:/users/admin/appdata/local/arduino15/packages/arduino/tools/arm-none-eabi-gcc/7-2017q4/bin/../lib/gcc/arm-none-eabi/7.2.1/thumb/v6-m\libgcc.a(_aeabi_ldivmod.o)
                0x00006818                __aeabi_ldivmod
 .text          0x00006860       0x40 c:/users/admin/appdata/local/arduino15/packages/arduino/tools/arm-none-eabi-gcc/7-2017q4/bin/../lib/gcc/arm-none-eabi/7.2.1/thumb/v6-m\libgcc.a(_aeabi_uldivmod.o)
                0x00006860                __aeabi_uldivmod
 .text          0x000068a0       0x54 c:/users/admin/appdata/local/arduino15/packages/arduino/tools/arm-none-eabi-gcc/7-2017q4/bin/../lib/gcc/arm-none-eabi/7.2.1/thumb/v6-m\libgcc.a(_muldi3.o)
                0x000068a0                __muldi3
                0x000068a0                __aeabi_lmul
 .text          0x000068f4       0x3c c:/users/admin/appdata/local/arduino15/packages/arduino/tools/arm-none-eabi-gcc/7-2017q4/bin/../lib/gcc/arm-none-eabi/7.2.1/thumb/v6-m\libgcc.a(_fixunsdfsi.o)
                0x000068f4                __aeabi_d2uiz
                0x000068f4                __fixunsdfsi
 .text          0x00006930      0x184 c:/users/admin/appdata/local/arduino15/packages/arduino/tools/arm-none-eabi-gcc/7-2017q4/bin/../lib/gcc/arm-none-eabi/7.2.1/thumb/v6-m\libgcc.a(_udivmoddi4.o)
                0x00006930                __udivmoddi4
 .text          0x00006ab4       0x38 c:/users/admin/appdata/local/arduino15/packages/arduino/tools/arm-none-eabi-gcc/7-2017q4/bin/../lib/gcc/arm-none-eabi/7.2.1/thumb/v6-m\libgcc.a(bpabi.o)
                0x00006ab4                __gnu_ldivmod_helper
 .text          0x00006aec      0x334 c:/users/admin/appdata/local/arduino15/packages/arduino/tools/arm-none-eabi-gcc/7-2017q4/bin/../lib/gcc/arm-none-eabi/7.2.1/thumb/v6-m\libgcc.a(addsf3.o)
                0x00006aec                __aeabi_fadd
 .text          0x00006e20      0x224 c:/users/admin/appdata/local/arduino15/packages/arduino/tools/arm-none-eabi-gcc/7-2017q4/bin/../lib/gcc/arm-none-eabi/7.2.1/thumb/v6-m\libgcc.a(divsf3.o)
                0x00006e20                __aeabi_fdiv
 .text          0x00007044       0x50 c:/users/admin/appdata/local/arduino15/packages/arduino/tools/arm-none-eabi-gcc/7-2017q4/bin/../lib/gcc/arm-none-eabi/7.2.1/thumb/v6-m\libgcc.a(eqsf2.o)
                0x00007044                __eqsf2
                0x00007044                __nesf2
 .text          0x00007094       0x9c c:/users/admin/appdata/local/arduino15/packages/arduino/tools/arm-none-eabi-gcc/7-2017q4/bin/../lib/gcc/arm-none-eabi/7.2.1/thumb/v6-m\libgcc.a(gesf2.o)
                0x00007094                __gesf2
                0x00007094                __gtsf2
 .text          0x00007130       0xa0 c:/users/admin/appdata/local/arduino15/packages/arduino/tools/arm-none-eabi-gcc/7-2017q4/bin/../lib/gcc/arm-none-eabi/7.2.1/thumb/v6-m\libgcc.a(lesf2.o)
                0x00007130                __ltsf2
                0x00007130                __lesf2
 .text          0x000071d0      0x264 c:/users/admin/appdata/local/arduino15/packages/arduino/tools/arm-none-eabi-gcc/7-2017q4/bin/../lib/gcc/arm-none-eabi/7.2.1/thumb/v6-m\libgcc.a(mulsf3.o)
                0x000071d0                __aeabi_fmul
 .text          0x00007434      0x388 c:/users/admin/appdata/local/arduino15/packages/arduino/tools/arm-none-eabi-gcc/7-2017q4/bin/../lib/gcc/arm-none-eabi/7.2.1/thumb/v6-m\libgcc.a(subsf3.o)
                0x00007434                __aeabi_fsub
 .text          0x000077bc       0x94 c:/users/admin/appdata/local/arduino15/packages/arduino/tools/arm-none-eabi-gcc/7-2017q4/bin/../lib/gcc/arm-none-eabi/7.2.1/thumb/v6-m\libgcc.a(floatsisf.o)
                0x000077bc                __aeabi_i2f
 .text          0x00007850       0x80 c:/users/admin/appdata/local/arduino15/packages/arduino/tools/arm-none-eabi-gcc/7-2017q4/bin/../lib/gcc/arm-none-eabi/7.2.1/thumb/v6-m\libgcc.a(floatunsisf.o)
                0x00007850                __aeabi_ui2f
 .text          0x000078d0      0x638 c:/users/admin/appdata/local/arduino15/packages/arduino/tools/arm-none-eabi-gcc/7-2017q4/bin/../lib/gcc/arm-none-eabi/7.2.1/thumb/v6-m\libgcc.a(adddf3.o)
                0x000078d0                __aeabi_dadd
 .text          0x00007f08      0x604 c:/users/admin/appdata/local/arduino15/packages/arduino/tools/arm-none-eabi-gcc/7-2017q4/bin/../lib/gcc/arm-none-eabi/7.2.1/thumb/v6-m\libgcc.a(divdf3.o)
                0x00007f08                __aeabi_ddiv
 .text          0x0000850c       0x78 c:/users/admin/appdata/local/arduino15/packages/arduino/tools/arm-none-eabi-gcc/7-2017q4/bin/../lib/gcc/arm-none-eabi/7.2.1/thumb/v6-m\libgcc.a(eqdf2.o)
                0x0000850c                __nedf2
                0x0000850c                __eqdf2
 .text          0x00008584       0xc8 c:/users/admin/appdata/local/arduino15/packages/arduino/tools/arm-none-eabi-gcc/7-2017q4/bin/../lib/gcc/arm-none-eabi/7.2.1/thumb/v6-m\libgcc.a(gedf2.o)
                0x00008584                __gedf2
                0x00008584                __gtdf2
 .text          0x0000864c       0xd0 c:/users/admin/appdata/local/arduino15/packages/arduino/tools/arm-none-eabi-gcc/7-2017q4/bin/../lib/gcc/arm-none-eabi/7.2.1/thumb/v6-m\libgcc.a(ledf2.o)
                0x0000864c                __ledf2
                0x0000864c                __ltdf2
 .text          0x0000871c      0x4e4 c:/users/admin/appdata/local/arduino15/packages/arduino/tools/arm-none-eabi-gcc/7-2017q4/bin/../lib/gcc/arm-none-eabi/7.2.1/thumb/v6-m\libgcc.a(muldf3.o)
                0x0000871c                __aeabi_dmul
 .text          0x00008c00      0x690 c:/users/admin/appdata/local/arduino15/packages/arduino/tools/arm-none-eabi-gcc/7-2017q4/bin/../lib/gcc/arm-none-eabi/7.2.1/thumb/v6-m\libgcc.a(subdf3.o)
                0x00008c00                __aeabi_dsub
 .text          0x00009290       0x38 c:/users/admin/appdata/local/arduino15/packages/arduino/tools/arm-none-eabi-gcc/7-2017q4/bin/../lib/gcc/arm-none-eabi/7.2.1/thumb/v6-m\libgcc.a(unorddf2.o)
                0x00009290                __aeabi_dcmpun
 .text          0x000092c8       0x6c c:/users/admin/appdata/local/arduino15/packages/arduino/tools/arm-none-eabi-gcc/7-2017q4/bin/../lib/gcc/arm-none-eabi/7.2.1/thumb/v6-m\libgcc.a(fixdfsi.o)
                0x000092c8                __aeabi_d2iz
 .text          0x00009334       0x74 c:/users/admin/appdata/local/arduino15/packages/arduino/tools/arm-none-eabi-gcc/7-2017q4/bin/../lib/gcc/arm-none-eabi/7.2.1/thumb/v6-m\libgcc.a(floatsidf.o)
                0x00009334                __aeabi_i2d
 .text          0x000093a8       0x64 c:/users/admin/appdata/local/arduino15/packages/arduino/tools/arm-none-eabi-gcc/7-2017q4/bin/../lib/gcc/arm-none-eabi/7.2.1/thumb/v6-m\libgcc.a(floatunsidf.o)
                0x000093a8                __aeabi_ui2d
 .text          0x0000940c       0xa4 c:/users/admin/appdata/local/arduino15/packages/arduino/tools/arm-none-eabi-gcc/7-2017q4/bin/../lib/gcc/arm-none-eabi/7.2.1/thumb/v6-m\libgcc.a(extendsfdf2.o)
                0x0000940c                __aeabi_f2d
 .text          0x000094b0      0x108 c:/users/admin/appdata/local/arduino15/packages/arduino/tools/arm-none-eabi-gcc/7-2017q4/bin/../lib/gcc/arm-none-eabi/7.2.1/thumb/v6-m\libgcc.a(truncdfsf2.o)
                0x000094b0                __aeabi_d2f
 .text          0x000095b8       0x3c c:/users/admin/appdata/local/arduino15/packages/arduino/tools/arm-none-eabi-gcc/7-2017q4/bin/../lib/gcc/arm-none-eabi/7.2.1/thumb/v6-m\libgcc.a(_clzsi2.o)
                0x000095b8                __clzsi2
 .text          0x000095f4       0x18 c:/users/admin/appdata/local/arduino15/packages/arduino/tools/arm-none-eabi-gcc/7-2017q4/bin/../lib/gcc/arm-none-eabi/7.2.1/thumb/v6-m\libgcc.a(_clzdi2.o)
                0x000095f4                __clzdi2
 .text          0x0000960c      0x1b0 c:/users/admin/appdata/local/arduino15/packages/arduino/tools/arm-none-eabi-gcc/7-2017q4/bin/../lib/gcc/arm-none-eabi/7.2.1/thumb/v6-m\libgcc.a(_divdi3.o)
                0x0000960c                __divdi3
 .text.__assert_func
                0x000097bc       0x3c c:/users/admin/appdata/local/arduino15/packages/arduino/tools/arm-none-eabi-gcc/7-2017q4/bin/../lib/gcc/arm-none-eabi/7.2.1/../../../../arm-none-eabi/lib/thumb/v6-m\libc_nano.a(lib_a-assert.o)
                0x000097bc                __assert_func
 .text.fprintf  0x000097f8       0x20 c:/users/admin/appdata/local/arduino15/packages/arduino/tools/arm-none-eabi-gcc/7-2017q4/bin/../lib/gcc/arm-none-eabi/7.2.1/../../../../arm-none-eabi/lib/thumb/v6-m\libc_nano.a(lib_a-fprintf.o)
                0x000097f8                fiprintf
                0x000097f8                fprintf
 .text.__libc_init_array
                0x00009818       0x48 c:/users/admin/appdata/local/arduino15/packages/arduino/tools/arm-none-eabi-gcc/7-2017q4/bin/../lib/gcc/arm-none-eabi/7.2.1/../../../../arm-none-eabi/lib/thumb/v6-m\libc_nano.a(lib_a-init.o)
                0x00009818                __libc_init_array
 .text.malloc   0x00009860       0x14 c:/users/admin/appdata/local/arduino15/packages/arduino/tools/arm-none-eabi-gcc/7-2017q4/bin/../lib/gcc/arm-none-eabi/7.2.1/../../../../arm-none-eabi/lib/thumb/v6-m\libc_nano.a(lib_a-malloc.o)
                0x00009860                malloc
 .text.free     0x00009874       0x14 c:/users/admin/appdata/local/arduino15/packages/arduino/tools/arm-none-eabi-gcc/7-2017q4/bin/../lib/gcc/arm-none-eabi/7.2.1/../../../../arm-none-eabi/lib/thumb/v6-m\libc_nano.a(lib_a-malloc.o)
                0x00009874                free
 .text.memcpy   0x00009888       0x12 c:/users/admin/appdata/local/arduino15/packages/arduino/tools/arm-none-eabi-gcc/7-2017q4/bin/../lib/gcc/arm-none-eabi/7.2.1/../../../../arm-none-eabi/lib/thumb/v6-m\libc_nano.a(lib_a-memcpy-stub.o)
                0x00009888                memcpy
 .text.memset   0x0000989a       0x10 c:/users/admin/appdata/local/arduino15/packages/arduino/tools/arm-none-eabi-gcc/7-2017q4/bin/../lib/gcc/arm-none-eabi/7.2.1/../../../../arm-none-eabi/lib/thumb/v6-m\libc_nano.a(lib_a-memset.o)
                0x0000989a                memset
 *fill*         0x000098aa        0x2 
 .text._free_r  0x000098ac       0x94 c:/users/admin/appdata/local/arduino15/packages/arduino/tools/arm-none-eabi-gcc/7-2017q4/bin/../lib/gcc/arm-none-eabi/7.2.1/../../../../arm-none-eabi/lib/thumb/v6-m\libc_nano.a(lib_a-nano-freer.o)
                0x000098ac                _free_r
 .text._malloc_r
                0x00009940       0xbc c:/users/admin/appdata/local/arduino15/packages/arduino/tools/arm-none-eabi-gcc/7-2017q4/bin/../lib/gcc/arm-none-eabi/7.2.1/../../../../arm-none-eabi/lib/thumb/v6-m\libc_nano.a(lib_a-nano-mallocr.o)
                0x00009940                _malloc_r
 .text.__sfputc_r
                0x000099fc       0x2a c:/users/admin/appdata/local/arduino15/packages/arduino/tools/arm-none-eabi-gcc/7-2017q4/bin/../lib/gcc/arm-none-eabi/7.2.1/../../../../arm-none-eabi/lib/thumb/v6-m\libc_nano.a(lib_a-nano-vfprintf.o)
 .text.__sfputs_r
                0x00009a26       0x24 c:/users/admin/appdata/local/arduino15/packages/arduino/tools/arm-none-eabi-gcc/7-2017q4/bin/../lib/gcc/arm-none-eabi/7.2.1/../../../../arm-none-eabi/lib/thumb/v6-m\libc_nano.a(lib_a-nano-vfprintf.o)
                0x00009a26                __sfputs_r
 *fill*         0x00009a4a        0x2 
 .text._vfprintf_r
                0x00009a4c      0x22c c:/users/admin/appdata/local/arduino15/packages/arduino/tools/arm-none-eabi-gcc/7-2017q4/bin/../lib/gcc/arm-none-eabi/7.2.1/../../../../arm-none-eabi/lib/thumb/v6-m\libc_nano.a(lib_a-nano-vfprintf.o)
                0x00009a4c                _vfprintf_r
                0x00009a4c                _vfiprintf_r
 .text._printf_common
                0x00009c78       0xda c:/users/admin/appdata/local/arduino15/packages/arduino/tools/arm-none-eabi-gcc/7-2017q4/bin/../lib/gcc/arm-none-eabi/7.2.1/../../../../arm-none-eabi/lib/thumb/v6-m\libc_nano.a(lib_a-nano-vfprintf_i.o)
                0x00009c78                _printf_common
 *fill*         0x00009d52        0x2 
 .text._printf_i
                0x00009d54      0x210 c:/users/admin/appdata/local/arduino15/packages/arduino/tools/arm-none-eabi-gcc/7-2017q4/bin/../lib/gcc/arm-none-eabi/7.2.1/../../../../arm-none-eabi/lib/thumb/v6-m\libc_nano.a(lib_a-nano-vfprintf_i.o)
                0x00009d54                _printf_i
 .text._sbrk_r  0x00009f64       0x24 c:/users/admin/appdata/local/arduino15/packages/arduino/tools/arm-none-eabi-gcc/7-2017q4/bin/../lib/gcc/arm-none-eabi/7.2.1/../../../../arm-none-eabi/lib/thumb/v6-m\libc_nano.a(lib_a-sbrkr.o)
                0x00009f64                _sbrk_r
 .text          0x00009f88       0x14 c:/users/admin/appdata/local/arduino15/packages/arduino/tools/arm-none-eabi-gcc/7-2017q4/bin/../lib/gcc/arm-none-eabi/7.2.1/../../../../arm-none-eabi/lib/thumb/v6-m\libc_nano.a(lib_a-strcmp.o)
                0x00009f88                strcmp
 .text          0x00009f9c        0xe c:/users/admin/appdata/local/arduino15/packages/arduino/tools/arm-none-eabi-gcc/7-2017q4/bin/../lib/gcc/arm-none-eabi/7.2.1/../../../../arm-none-eabi/lib/thumb/v6-m\libc_nano.a(lib_a-strlen.o)
                0x00009f9c                strlen
 *fill*         0x00009faa        0x2 
 .text.__swbuf_r
                0x00009fac       0xac c:/users/admin/appdata/local/arduino15/packages/arduino/tools/arm-none-eabi-gcc/7-2017q4/bin/../lib/gcc/arm-none-eabi/7.2.1/../../../../arm-none-eabi/lib/thumb/v6-m\libc_nano.a(lib_a-wbuf.o)
                0x00009fac                __swbuf_r
 .text.__swsetup_r
                0x0000a058       0xec c:/users/admin/appdata/local/arduino15/packages/arduino/tools/arm-none-eabi-gcc/7-2017q4/bin/../lib/gcc/arm-none-eabi/7.2.1/../../../../arm-none-eabi/lib/thumb/v6-m\libc_nano.a(lib_a-wsetup.o)
                0x0000a058                __swsetup_r
 .text.abort    0x0000a144        0xe c:/users/admin/appdata/local/arduino15/packages/arduino/tools/arm-none-eabi-gcc/7-2017q4/bin/../lib/gcc/arm-none-eabi/7.2.1/../../../../arm-none-eabi/lib/thumb/v6-m\libc_nano.a(lib_a-abort.o)
                0x0000a144                abort
 *fill*         0x0000a152        0x2 
 .text.__sflush_r
                0x0000a154      0x114 c:/users/admin/appdata/local/arduino15/packages/arduino/tools/arm-none-eabi-gcc/7-2017q4/bin/../lib/gcc/arm-none-eabi/7.2.1/../../../../arm-none-eabi/lib/thumb/v6-m\libc_nano.a(lib_a-fflush.o)
                0x0000a154                __sflush_r
 .text._fflush_r
                0x0000a268       0x58 c:/users/admin/appdata/local/arduino15/packages/arduino/tools/arm-none-eabi-gcc/7-2017q4/bin/../lib/gcc/arm-none-eabi/7.2.1/../../../../arm-none-eabi/lib/thumb/v6-m\libc_nano.a(lib_a-fflush.o)
                0x0000a268                _fflush_r
 .text.std      0x0000a2c0       0x48 c:/users/admin/appdata/local/arduino15/packages/arduino/tools/arm-none-eabi-gcc/7-2017q4/bin/../lib/gcc/arm-none-eabi/7.2.1/../../../../arm-none-eabi/lib/thumb/v6-m\libc_nano.a(lib_a-findfp.o)
 .text._cleanup_r
                0x0000a308       0x10 c:/users/admin/appdata/local/arduino15/packages/arduino/tools/arm-none-eabi-gcc/7-2017q4/bin/../lib/gcc/arm-none-eabi/7.2.1/../../../../arm-none-eabi/lib/thumb/v6-m\libc_nano.a(lib_a-findfp.o)
                0x0000a308                _cleanup_r
 .text.__sfmoreglue